[     244ms] [INFO] Download the React DevTools for a better development experience: https://reactjs.org/link/react-devtools @ webpack-internal:///(app-pages-browser)/./node_modules/next/dist/compiled/react-dom/cjs/react-dom.development.js:38559
[    1344ms] [ERROR] Warning: Cannot update a component (`HotReload`) while rendering a different component (`LiveTelemetryMap`). To locate the bad setState() call inside `LiveTelemetryMap`, follow the stack trace as described in https://reactjs.org/link/setstate-in-render
LiveTelemetryMap@webpack-internal:///(app-pages-browser)/./src/components/LiveTelemetryMap.tsx:190:146
BailoutToCSR@webpack-internal:///(app-pages-browser)/./node_modules/next/dist/shared/lib/lazy-dynamic/dynamic-bailout-to-csr.js:13:32
Suspense
LoadableComponent
div
section
main
OverviewPage@webpack-internal:///(app-pages-browser)/./src/app/overview/page.tsx:56:100
ClientPageRoot@webpack-internal:///(app-pages-browser)/./node_modules/next/dist/client/components/client-page.js:14:32
InnerLayoutRouter@webpack-internal:///(app-pages-browser)/./node_modules/next/dist/client/components/layout-router.js:244:18
RedirectErrorBoundary@webpack-internal:///(app-pages-browser)/./node_modules/next/dist/client/components/redirect-boundary.js:74:9
RedirectBoundary@webpack-internal:///(app-pages-browser)/./node_modules/next/dist/client/components/redirect-boundary.js:82:24
NotFoundBoundary@webpack-internal:///(app-pages-browser)/./node_modules/next/dist/client/components/not-found-boundary.js:84:62
LoadingBoundary@webpack-internal:///(app-pages-browser)/./node_modules/next/dist/client/components/layout-router.js:349:76
ErrorBoundary@webpack-internal:///(app-pages-browser)/./node_modules/next/dist/client/components/error-boundary.js:160:67
InnerScrollAndFocusHandler@webpack-internal:///(app-pages-browser)/./node_modules/next/dist/client/components/layout-router.js:153:9
ScrollAndFocusHandler@webpack-internal:///(app-pages-browser)/./node_modules/next/dist/client/components/layout-router.js:228:37
RenderFromTemplateContext@webpack-internal:///(app-pages-browser)/./node_modules/next/dist/client/components/render-from-template-context.js:16:44
OuterLayoutRouter@webpack-internal:///(app-pages-browser)/./node_modules/next/dist/client/components/layout-router.js:370:149
InnerLayoutRouter@webpack-internal:///(app-pages-browser)/./node_modules/next/dist/client/components/layout-router.js:244:18
RedirectErrorBoundary@webpack-internal:///(app-pages-browser)/./node_modules/next/dist/client/components/redirect-boundary.js:74:9
RedirectBoundary@webpack-internal:///(app-pages-browser)/./node_modules/next/dist/client/components/redirect-boundary.js:82:24
NotFoundErrorBoundary@webpack-internal:///(app-pages-browser)/./node_modules/next/dist/client/components/not-found-boundary.js:76:9
NotFoundBoundary@webpack-internal:///(app-pages-browser)/./node_modules/next/dist/client/components/not-found-boundary.js:84:62
LoadingBoundary@webpack-internal:///(app-pages-browser)/./node_modules/next/dist/client/components/layout-router.js:349:76
ErrorBoundary@webpack-internal:///(app-pages-browser)/./node_modules/next/dist/client/components/error-boundary.js:160:67
InnerScrollAndFocusHandler@webpack-internal:///(app-pages-browser)/./node_modules/next/dist/client/components/layout-router.js:153:9
ScrollAndFocusHandler@webpack-internal:///(app-pages-browser)/./node_modules/next/dist/client/components/layout-router.js:228:37
RenderFromTemplateContext@webpack-internal:///(app-pages-browser)/./node_modules/next/dist/client/components/render-from-template-context.js:16:44
OuterLayoutRouter@webpack-internal:///(app-pages-browser)/./node_modules/next/dist/client/components/layout-router.js:370:149
CityProvider@webpack-internal:///(app-pages-browser)/./src/context/CityContext.tsx:23:24
AuthProvider@webpack-internal:///(app-pages-browser)/./src/context/AuthContext.tsx:23:24
body
html
RootLayout (Server)
RedirectErrorBoundary@webpack-internal:///(app-pages-browser)/./node_modules/next/dist/client/components/redirect-boundary.js:74:9
RedirectBoundary@webpack-internal:///(app-pages-browser)/./node_modules/next/dist/client/components/redirect-boundary.js:82:24
NotFoundErrorBoundary@webpack-internal:///(app-pages-browser)/./node_modules/next/dist/client/components/not-found-boundary.js:76:9
NotFoundBoundary@webpack-internal:///(app-pages-browser)/./node_modules/next/dist/client/components/not-found-boundary.js:84:62
DevRootNotFoundBoundary@webpack-internal:///(app-pages-browser)/./node_modules/next/dist/client/components/dev-root-not-found-boundary.js:33:24
ReactDevOverlay@webpack-internal:///(app-pages-browser)/./node_modules/next/dist/client/components/react-dev-overlay/app/ReactDevOverlay.js:87:9
HotReload@webpack-internal:///(app-pages-browser)/./node_modules/next/dist/client/components/react-dev-overlay/app/hot-reloader-client.js:321:37
Router@webpack-internal:///(app-pages-browser)/./node_modules/next/dist/client/components/app-router.js:207:123
ErrorBoundaryHandler@webpack-internal:///(app-pages-browser)/./node_modules/next/dist/client/components/error-boundary.js:113:9
ErrorBoundary@webpack-internal:///(app-pages-browser)/./node_modules/next/dist/client/components/error-boundary.js:160:67
AppRouter@webpack-internal:///(app-pages-browser)/./node_modules/next/dist/client/components/app-router.js:585:47
ServerRoot@webpack-internal:///(app-pages-browser)/./node_modules/next/dist/client/app-index.js:112:27
Root@webpack-internal:///(app-pages-browser)/./node_modules/next/dist/client/app-index.js:117:24 @ webpack-internal:///(app-pages-browser)/./node_modules/next/dist/client/app-index.js:32
[    1359ms] [ERROR] The above error occurred in the <NotFoundErrorBoundary> component:

LiveTelemetryMap@webpack-internal:///(app-pages-browser)/./src/components/LiveTelemetryMap.tsx:190:146
BailoutToCSR@webpack-internal:///(app-pages-browser)/./node_modules/next/dist/shared/lib/lazy-dynamic/dynamic-bailout-to-csr.js:13:32
Suspense
LoadableComponent
div
section
main
OverviewPage@webpack-internal:///(app-pages-browser)/./src/app/overview/page.tsx:56:100
ClientPageRoot@webpack-internal:///(app-pages-browser)/./node_modules/next/dist/client/components/client-page.js:14:32
InnerLayoutRouter@webpack-internal:///(app-pages-browser)/./node_modules/next/dist/client/components/layout-router.js:244:18
RedirectErrorBoundary@webpack-internal:///(app-pages-browser)/./node_modules/next/dist/client/components/redirect-boundary.js:74:9
RedirectBoundary@webpack-internal:///(app-pages-browser)/./node_modules/next/dist/client/components/redirect-boundary.js:82:24
NotFoundBoundary@webpack-internal:///(app-pages-browser)/./node_modules/next/dist/client/components/not-found-boundary.js:84:62
LoadingBoundary@webpack-internal:///(app-pages-browser)/./node_modules/next/dist/client/components/layout-router.js:349:76
ErrorBoundary@webpack-internal:///(app-pages-browser)/./node_modules/next/dist/client/components/error-boundary.js:160:67
InnerScrollAndFocusHandler@webpack-internal:///(app-pages-browser)/./node_modules/next/dist/client/components/layout-router.js:153:9
ScrollAndFocusHandler@webpack-internal:///(app-pages-browser)/./node_modules/next/dist/client/components/layout-router.js:228:37
RenderFromTemplateContext@webpack-internal:///(app-pages-browser)/./node_modules/next/dist/client/components/render-from-template-context.js:16:44
OuterLayoutRouter@webpack-internal:///(app-pages-browser)/./node_modules/next/dist/client/components/layout-router.js:370:149
InnerLayoutRouter@webpack-internal:///(app-pages-browser)/./node_modules/next/dist/client/components/layout-router.js:244:18
RedirectErrorBoundary@webpack-internal:///(app-pages-browser)/./node_modules/next/dist/client/components/redirect-boundary.js:74:9
RedirectBoundary@webpack-internal:///(app-pages-browser)/./node_modules/next/dist/client/components/redirect-boundary.js:82:24
NotFoundErrorBoundary@webpack-internal:///(app-pages-browser)/./node_modules/next/dist/client/components/not-found-boundary.js:76:9
NotFoundBoundary@webpack-internal:///(app-pages-browser)/./node_modules/next/dist/client/components/not-found-boundary.js:84:62
LoadingBoundary@webpack-internal:///(app-pages-browser)/./node_modules/next/dist/client/components/layout-router.js:349:76
ErrorBoundary@webpack-internal:///(app-pages-browser)/./node_modules/next/dist/client/components/error-boundary.js:160:67
InnerScrollAndFocusHandler@webpack-internal:///(app-pages-browser)/./node_modules/next/dist/client/components/layout-router.js:153:9
ScrollAndFocusHandler@webpack-internal:///(app-pages-browser)/./node_modules/next/dist/client/components/layout-router.js:228:37
RenderFromTemplateContext@webpack-internal:///(app-pages-browser)/./node_modules/next/dist/client/components/render-from-template-context.js:16:44
OuterLayoutRouter@webpack-internal:///(app-pages-browser)/./node_modules/next/dist/client/components/layout-router.js:370:149
CityProvider@webpack-internal:///(app-pages-browser)/./src/context/CityContext.tsx:23:24
AuthProvider@webpack-internal:///(app-pages-browser)/./src/context/AuthContext.tsx:23:24
body
html
RootLayout (Server)
RedirectErrorBoundary@webpack-internal:///(app-pages-browser)/./node_modules/next/dist/client/components/redirect-boundary.js:74:9
RedirectBoundary@webpack-internal:///(app-pages-browser)/./node_modules/next/dist/client/components/redirect-boundary.js:82:24
NotFoundErrorBoundary@webpack-internal:///(app-pages-browser)/./node_modules/next/dist/client/components/not-found-boundary.js:76:9
NotFoundBoundary@webpack-internal:///(app-pages-browser)/./node_modules/next/dist/client/components/not-found-boundary.js:84:62
DevRootNotFoundBoundary@webpack-internal:///(app-pages-browser)/./node_modules/next/dist/client/components/dev-root-not-found-boundary.js:33:24
ReactDevOverlay@webpack-internal:///(app-pages-browser)/./node_modules/next/dist/client/components/react-dev-overlay/app/ReactDevOverlay.js:87:9
HotReload@webpack-internal:///(app-pages-browser)/./node_modules/next/dist/client/components/react-dev-overlay/app/hot-reloader-client.js:321:37
Router@webpack-internal:///(app-pages-browser)/./node_modules/next/dist/client/components/app-router.js:207:123
ErrorBoundaryHandler@webpack-internal:///(app-pages-browser)/./node_modules/next/dist/client/components/error-boundary.js:113:9
ErrorBoundary@webpack-internal:///(app-pages-browser)/./node_modules/next/dist/client/components/error-boundary.js:160:67
AppRouter@webpack-internal:///(app-pages-browser)/./node_modules/next/dist/client/components/app-router.js:585:47
ServerRoot@webpack-internal:///(app-pages-browser)/./node_modules/next/dist/client/app-index.js:112:27
Root@webpack-internal:///(app-pages-browser)/./node_modules/next/dist/client/app-index.js:117:24

React will try to recreate this component tree from scratch using the error boundary you provided, ReactDevOverlay. @ webpack-internal:///(app-pages-browser)/./node_modules/next/dist/client/app-index.js:32
[    1377ms] TypeError: can't access property "temp", weather.current is undefined
    at LiveTelemetryMap (webpack-internal:///(app-pages-browser)/./src/components/LiveTelemetryMap.tsx:715:37)
    at renderWithHooks (webpack-internal:///(app-pages-browser)/./node_modules/next/dist/compiled/react-dom/cjs/react-dom.development.js:11121:27)
    at updateFunctionComponent (webpack-internal:///(app-pages-browser)/./node_modules/next/dist/compiled/react-dom/cjs/react-dom.development.js:16290:20)
    at beginWork$1 (webpack-internal:///(app-pages-browser)/./node_modules/next/dist/compiled/react-dom/cjs/react-dom.development.js:18472:16)
    at callCallback (webpack-internal:///(app-pages-browser)/./node_modules/next/dist/compiled/react-dom/cjs/react-dom.development.js:20565:14)
    at invokeGuardedCallbackImpl (webpack-internal:///(app-pages-browser)/./node_modules/next/dist/compiled/react-dom/cjs/react-dom.development.js:20614:16)
    at invokeGuardedCallback (webpack-internal:///(app-pages-browser)/./node_modules/next/dist/compiled/react-dom/cjs/react-dom.development.js:20689:29)
    at beginWork (webpack-internal:///(app-pages-browser)/./node_modules/next/dist/compiled/react-dom/cjs/react-dom.development.js:26949:28)
    at performUnitOfWork (webpack-internal:///(app-pages-browser)/./node_modules/next/dist/compiled/react-dom/cjs/react-dom.development.js:25748:12)
    at workLoopSync (webpack-internal:///(app-pages-browser)/./node_modules/next/dist/compiled/react-dom/cjs/react-dom.development.js:25464:22)
    at renderRootSync (webpack-internal:///(app-pages-browser)/./node_modules/next/dist/compiled/react-dom/cjs/react-dom.development.js:25419:7)
    at performConcurrentWorkOnRoot (webpack-internal:///(app-pages-browser)/./node_modules/next/dist/compiled/react-dom/cjs/react-dom.development.js:24504:74)
    at workLoop (webpack-internal:///(app-pages-browser)/./node_modules/next/dist/compiled/scheduler/cjs/scheduler.development.js:256:42)
    at flushWork (webpack-internal:///(app-pages-browser)/./node_modules/next/dist/compiled/scheduler/cjs/scheduler.development.js:225:14)
    at performWorkUntilDeadline (webpack-internal:///(app-pages-browser)/./node_modules/next/dist/compiled/scheduler/cjs/scheduler.development.js:534:21)
    at EventHandlerNonNull* (webpack-internal:///(app-pages-browser)/./node_modules/next/dist/compiled/scheduler/cjs/scheduler.development.js:569:3)
    at  (webpack-internal:///(app-pages-browser)/./node_modules/next/dist/compiled/scheduler/cjs/scheduler.development.js:630:5)
    at (app-pages-browser)/./node_modules/next/dist/compiled/scheduler/cjs/scheduler.development.js (http://localhost:3002/_next/static/chunks/main-app.js?v=1790287200903:113:1)
    at options.factory (http://localhost:3002/_next/static/chunks/webpack.js?v=1790287200903:715:31)
    at __webpack_require__ (http://localhost:3002/_next/static/chunks/webpack.js?v=1790287200903:37:33)
    at fn (http://localhost:3002/_next/static/chunks/webpack.js?v=1790287200903:371:21)
    at  (webpack-internal:///(app-pages-browser)/./node_modules/next/dist/compiled/scheduler/index.js:4:20)
    at (app-pages-browser)/./node_modules/next/dist/compiled/scheduler/index.js (http://localhost:3002/_next/static/chunks/main-app.js?v=1790287200903:124:1)
    at options.factory (http://localhost:3002/_next/static/chunks/webpack.js?v=1790287200903:715:31)
    at __webpack_require__ (http://localhost:3002/_next/static/chunks/webpack.js?v=1790287200903:37:33)
    at fn (http://localhost:3002/_next/static/chunks/webpack.js?v=1790287200903:371:21)
    at  (webpack-internal:///(app-pages-browser)/./node_modules/next/dist/compiled/react-dom/cjs/react-dom.development.js:27:36)
    at  (webpack-internal:///(app-pages-browser)/./node_modules/next/dist/compiled/react-dom/cjs/react-dom.development.js:38595:5)
    at (app-pages-browser)/./node_modules/next/dist/compiled/react-dom/cjs/react-dom.development.js (http://localhost:3002/_next/static/chunks/main-app.js?v=1790287200903:1847:1)
    at options.factory (http://localhost:3002/_next/static/chunks/webpack.js?v=1790287200903:715:31)
    at __webpack_require__ (http://localhost:3002/_next/static/chunks/webpack.js?v=1790287200903:37:33)
    at fn (http://localhost:3002/_next/static/chunks/webpack.js?v=1790287200903:371:21)
    at  (webpack-internal:///(app-pages-browser)/./node_modules/next/dist/compiled/react-dom/index.js:32:20)
    at (app-pages-browser)/./node_modules/next/dist/compiled/react-dom/index.js (http://localhost:3002/_next/static/chunks/main-app.js?v=1790287200903:1869:1)
    at options.factory (http://localhost:3002/_next/static/chunks/webpack.js?v=1790287200903:715:31)
    at __webpack_require__ (http://localhost:3002/_next/static/chunks/webpack.js?v=1790287200903:37:33)
    at fn (http://localhost:3002/_next/static/chunks/webpack.js?v=1790287200903:371:21)
    at  (webpack-internal:///(app-pages-browser)/./node_modules/next/dist/compiled/react-dom/client.js:3:28)
    at (app-pages-browser)/./node_modules/next/dist/compiled/react-dom/client.js (http://localhost:3002/_next/static/chunks/main-app.js?v=1790287200903:1858:1)
    at options.factory (http://localhost:3002/_next/static/chunks/webpack.js?v=1790287200903:715:31)
    at __webpack_require__ (http://localhost:3002/_next/static/chunks/webpack.js?v=1790287200903:37:33)
    at fn (http://localhost:3002/_next/static/chunks/webpack.js?v=1790287200903:371:21)
    at  (webpack-internal:///(app-pages-browser)/./node_modules/next/dist/client/app-index.js:15:58)
    at (app-pages-browser)/./node_modules/next/dist/client/app-index.js (http://localhost:3002/_next/static/chunks/main-app.js?v=1790287200903:244:1)
    at options.factory (http://localhost:3002/_next/static/chunks/webpack.js?v=1790287200903:715:31)
    at __webpack_require__ (http://localhost:3002/_next/static/chunks/webpack.js?v=1790287200903:37:33)
    at fn (http://localhost:3002/_next/static/chunks/webpack.js?v=1790287200903:371:21)
    at  (webpack-internal:///(app-pages-browser)/./node_modules/next/dist/client/app-next-dev.js:9:44)
    at appBootstrap/< (webpack-internal:///(app-pages-browser)/./node_modules/next/dist/client/app-bootstrap.js:57:9)
    at loadScriptsInSequence (webpack-internal:///(app-pages-browser)/./node_modules/next/dist/client/app-bootstrap.js:23:16)
    at appBootstrap (webpack-internal:///(app-pages-browser)/./node_modules/next/dist/client/app-bootstrap.js:56:26)
[    1377ms] TypeError: can't access property "temp", weather.current is undefined
    at LiveTelemetryMap (webpack-internal:///(app-pages-browser)/./src/components/LiveTelemetryMap.tsx:715:37)
    at renderWithHooks (webpack-internal:///(app-pages-browser)/./node_modules/next/dist/compiled/react-dom/cjs/react-dom.development.js:11121:27)
    at updateFunctionComponent (webpack-internal:///(app-pages-browser)/./node_modules/next/dist/compiled/react-dom/cjs/react-dom.development.js:16290:20)
    at beginWork$1 (webpack-internal:///(app-pages-browser)/./node_modules/next/dist/compiled/react-dom/cjs/react-dom.development.js:18472:16)
    at beginWork (webpack-internal:///(app-pages-browser)/./node_modules/next/dist/compiled/react-dom/cjs/react-dom.development.js:26927:14)
    at performUnitOfWork (webpack-internal:///(app-pages-browser)/./node_modules/next/dist/compiled/react-dom/cjs/react-dom.development.js:25748:12)
    at workLoopSync (webpack-internal:///(app-pages-browser)/./node_modules/next/dist/compiled/react-dom/cjs/react-dom.development.js:25464:22)
    at renderRootSync (webpack-internal:///(app-pages-browser)/./node_modules/next/dist/compiled/react-dom/cjs/react-dom.development.js:25419:7)
    at performConcurrentWorkOnRoot (webpack-internal:///(app-pages-browser)/./node_modules/next/dist/compiled/react-dom/cjs/react-dom.development.js:24504:74)
    at workLoop (webpack-internal:///(app-pages-browser)/./node_modules/next/dist/compiled/scheduler/cjs/scheduler.development.js:256:42)
    at flushWork (webpack-internal:///(app-pages-browser)/./node_modules/next/dist/compiled/scheduler/cjs/scheduler.development.js:225:14)
    at performWorkUntilDeadline (webpack-internal:///(app-pages-browser)/./node_modules/next/dist/compiled/scheduler/cjs/scheduler.development.js:534:21)
    at EventHandlerNonNull* (webpack-internal:///(app-pages-browser)/./node_modules/next/dist/compiled/scheduler/cjs/scheduler.development.js:569:3)
    at  (webpack-internal:///(app-pages-browser)/./node_modules/next/dist/compiled/scheduler/cjs/scheduler.development.js:630:5)
    at (app-pages-browser)/./node_modules/next/dist/compiled/scheduler/cjs/scheduler.development.js (http://localhost:3002/_next/static/chunks/main-app.js?v=1790287200903:113:1)
    at options.factory (http://localhost:3002/_next/static/chunks/webpack.js?v=1790287200903:715:31)
    at __webpack_require__ (http://localhost:3002/_next/static/chunks/webpack.js?v=1790287200903:37:33)
    at fn (http://localhost:3002/_next/static/chunks/webpack.js?v=1790287200903:371:21)
    at  (webpack-internal:///(app-pages-browser)/./node_modules/next/dist/compiled/scheduler/index.js:4:20)
    at (app-pages-browser)/./node_modules/next/dist/compiled/scheduler/index.js (http://localhost:3002/_next/static/chunks/main-app.js?v=1790287200903:124:1)
    at options.factory (http://localhost:3002/_next/static/chunks/webpack.js?v=1790287200903:715:31)
    at __webpack_require__ (http://localhost:3002/_next/static/chunks/webpack.js?v=1790287200903:37:33)
    at fn (http://localhost:3002/_next/static/chunks/webpack.js?v=1790287200903:371:21)
    at  (webpack-internal:///(app-pages-browser)/./node_modules/next/dist/compiled/react-dom/cjs/react-dom.development.js:27:36)
    at  (webpack-internal:///(app-pages-browser)/./node_modules/next/dist/compiled/react-dom/cjs/react-dom.development.js:38595:5)
    at (app-pages-browser)/./node_modules/next/dist/compiled/react-dom/cjs/react-dom.development.js (http://localhost:3002/_next/static/chunks/main-app.js?v=1790287200903:1847:1)
    at options.factory (http://localhost:3002/_next/static/chunks/webpack.js?v=1790287200903:715:31)
    at __webpack_require__ (http://localhost:3002/_next/static/chunks/webpack.js?v=1790287200903:37:33)
    at fn (http://localhost:3002/_next/static/chunks/webpack.js?v=1790287200903:371:21)
    at  (webpack-internal:///(app-pages-browser)/./node_modules/next/dist/compiled/react-dom/index.js:32:20)
    at (app-pages-browser)/./node_modules/next/dist/compiled/react-dom/index.js (http://localhost:3002/_next/static/chunks/main-app.js?v=1790287200903:1869:1)
    at options.factory (http://localhost:3002/_next/static/chunks/webpack.js?v=1790287200903:715:31)
    at __webpack_require__ (http://localhost:3002/_next/static/chunks/webpack.js?v=1790287200903:37:33)
    at fn (http://localhost:3002/_next/static/chunks/webpack.js?v=1790287200903:371:21)
    at  (webpack-internal:///(app-pages-browser)/./node_modules/next/dist/compiled/react-dom/client.js:3:28)
    at (app-pages-browser)/./node_modules/next/dist/compiled/react-dom/client.js (http://localhost:3002/_next/static/chunks/main-app.js?v=1790287200903:1858:1)
    at options.factory (http://localhost:3002/_next/static/chunks/webpack.js?v=1790287200903:715:31)
    at __webpack_require__ (http://localhost:3002/_next/static/chunks/webpack.js?v=1790287200903:37:33)
    at fn (http://localhost:3002/_next/static/chunks/webpack.js?v=1790287200903:371:21)
    at  (webpack-internal:///(app-pages-browser)/./node_modules/next/dist/client/app-index.js:15:58)
    at (app-pages-browser)/./node_modules/next/dist/client/app-index.js (http://localhost:3002/_next/static/chunks/main-app.js?v=1790287200903:244:1)
    at options.factory (http://localhost:3002/_next/static/chunks/webpack.js?v=1790287200903:715:31)
    at __webpack_require__ (http://localhost:3002/_next/static/chunks/webpack.js?v=1790287200903:37:33)
    at fn (http://localhost:3002/_next/static/chunks/webpack.js?v=1790287200903:371:21)
    at  (webpack-internal:///(app-pages-browser)/./node_modules/next/dist/client/app-next-dev.js:9:44)
    at appBootstrap/< (webpack-internal:///(app-pages-browser)/./node_modules/next/dist/client/app-bootstrap.js:57:9)
    at loadScriptsInSequence (webpack-internal:///(app-pages-browser)/./node_modules/next/dist/client/app-bootstrap.js:23:16)
    at appBootstrap (webpack-internal:///(app-pages-browser)/./node_modules/next/dist/client/app-bootstrap.js:56:26)
    at  (webpack-internal:///(app-pages-browser)/./node_modules/next/dist/client/app-next-dev.js:8:32)
    at (app-pages-browser)/./node_modules/next/dist/client/app-next-dev.js (http://localhost:3002/_next/static/chunks/main-app.js?v=1790287200903:266:1)
    at options.factory (http://localhost:3002/_next/static/chunks/webpack.js?v=1790287200903:715:31)
[    1378ms] TypeError: can't access property "temp", weather.current is undefined
    at LiveTelemetryMap (webpack-internal:///(app-pages-browser)/./src/components/LiveTelemetryMap.tsx:715:37)
    at renderWithHooks (webpack-internal:///(app-pages-browser)/./node_modules/next/dist/compiled/react-dom/cjs/react-dom.development.js:11121:27)
    at updateFunctionComponent (webpack-internal:///(app-pages-browser)/./node_modules/next/dist/compiled/react-dom/cjs/react-dom.development.js:16290:20)
    at beginWork$1 (webpack-internal:///(app-pages-browser)/./node_modules/next/dist/compiled/react-dom/cjs/react-dom.development.js:18472:16)
    at beginWork (webpack-internal:///(app-pages-browser)/./node_modules/next/dist/compiled/react-dom/cjs/react-dom.development.js:26927:14)
    at performUnitOfWork (webpack-internal:///(app-pages-browser)/./node_modules/next/dist/compiled/react-dom/cjs/react-dom.development.js:25748:12)
    at workLoopSync (webpack-internal:///(app-pages-browser)/./node_modules/next/dist/compiled/react-dom/cjs/react-dom.development.js:25464:22)
    at renderRootSync (webpack-internal:///(app-pages-browser)/./node_modules/next/dist/compiled/react-dom/cjs/react-dom.development.js:25419:7)
    at performConcurrentWorkOnRoot (webpack-internal:///(app-pages-browser)/./node_modules/next/dist/compiled/react-dom/cjs/react-dom.development.js:24504:74)
    at workLoop (webpack-internal:///(app-pages-browser)/./node_modules/next/dist/compiled/scheduler/cjs/scheduler.development.js:256:42)
    at flushWork (webpack-internal:///(app-pages-browser)/./node_modules/next/dist/compiled/scheduler/cjs/scheduler.development.js:225:14)
    at performWorkUntilDeadline (webpack-internal:///(app-pages-browser)/./node_modules/next/dist/compiled/scheduler/cjs/scheduler.development.js:534:21)
    at EventHandlerNonNull* (webpack-internal:///(app-pages-browser)/./node_modules/next/dist/compiled/scheduler/cjs/scheduler.development.js:569:3)
    at  (webpack-internal:///(app-pages-browser)/./node_modules/next/dist/compiled/scheduler/cjs/scheduler.development.js:630:5)
    at (app-pages-browser)/./node_modules/next/dist/compiled/scheduler/cjs/scheduler.development.js (http://localhost:3002/_next/static/chunks/main-app.js?v=1790287200903:113:1)
    at options.factory (http://localhost:3002/_next/static/chunks/webpack.js?v=1790287200903:715:31)
    at __webpack_require__ (http://localhost:3002/_next/static/chunks/webpack.js?v=1790287200903:37:33)
    at fn (http://localhost:3002/_next/static/chunks/webpack.js?v=1790287200903:371:21)
    at  (webpack-internal:///(app-pages-browser)/./node_modules/next/dist/compiled/scheduler/index.js:4:20)
    at (app-pages-browser)/./node_modules/next/dist/compiled/scheduler/index.js (http://localhost:3002/_next/static/chunks/main-app.js?v=1790287200903:124:1)
    at options.factory (http://localhost:3002/_next/static/chunks/webpack.js?v=1790287200903:715:31)
    at __webpack_require__ (http://localhost:3002/_next/static/chunks/webpack.js?v=1790287200903:37:33)
    at fn (http://localhost:3002/_next/static/chunks/webpack.js?v=1790287200903:371:21)
    at  (webpack-internal:///(app-pages-browser)/./node_modules/next/dist/compiled/react-dom/cjs/react-dom.development.js:27:36)
    at  (webpack-internal:///(app-pages-browser)/./node_modules/next/dist/compiled/react-dom/cjs/react-dom.development.js:38595:5)
    at (app-pages-browser)/./node_modules/next/dist/compiled/react-dom/cjs/react-dom.development.js (http://localhost:3002/_next/static/chunks/main-app.js?v=1790287200903:1847:1)
    at options.factory (http://localhost:3002/_next/static/chunks/webpack.js?v=1790287200903:715:31)
    at __webpack_require__ (http://localhost:3002/_next/static/chunks/webpack.js?v=1790287200903:37:33)
    at fn (http://localhost:3002/_next/static/chunks/webpack.js?v=1790287200903:371:21)
    at  (webpack-internal:///(app-pages-browser)/./node_modules/next/dist/compiled/react-dom/index.js:32:20)
    at (app-pages-browser)/./node_modules/next/dist/compiled/react-dom/index.js (http://localhost:3002/_next/static/chunks/main-app.js?v=1790287200903:1869:1)
    at options.factory (http://localhost:3002/_next/static/chunks/webpack.js?v=1790287200903:715:31)
    at __webpack_require__ (http://localhost:3002/_next/static/chunks/webpack.js?v=1790287200903:37:33)
    at fn (http://localhost:3002/_next/static/chunks/webpack.js?v=1790287200903:371:21)
    at  (webpack-internal:///(app-pages-browser)/./node_modules/next/dist/compiled/react-dom/client.js:3:28)
    at (app-pages-browser)/./node_modules/next/dist/compiled/react-dom/client.js (http://localhost:3002/_next/static/chunks/main-app.js?v=1790287200903:1858:1)
    at options.factory (http://localhost:3002/_next/static/chunks/webpack.js?v=1790287200903:715:31)
    at __webpack_require__ (http://localhost:3002/_next/static/chunks/webpack.js?v=1790287200903:37:33)
    at fn (http://localhost:3002/_next/static/chunks/webpack.js?v=1790287200903:371:21)
    at  (webpack-internal:///(app-pages-browser)/./node_modules/next/dist/client/app-index.js:15:58)
    at (app-pages-browser)/./node_modules/next/dist/client/app-index.js (http://localhost:3002/_next/static/chunks/main-app.js?v=1790287200903:244:1)
    at options.factory (http://localhost:3002/_next/static/chunks/webpack.js?v=1790287200903:715:31)
    at __webpack_require__ (http://localhost:3002/_next/static/chunks/webpack.js?v=1790287200903:37:33)
    at fn (http://localhost:3002/_next/static/chunks/webpack.js?v=1790287200903:371:21)
    at  (webpack-internal:///(app-pages-browser)/./node_modules/next/dist/client/app-next-dev.js:9:44)
    at appBootstrap/< (webpack-internal:///(app-pages-browser)/./node_modules/next/dist/client/app-bootstrap.js:57:9)
    at loadScriptsInSequence (webpack-internal:///(app-pages-browser)/./node_modules/next/dist/client/app-bootstrap.js:23:16)
    at appBootstrap (webpack-internal:///(app-pages-browser)/./node_modules/next/dist/client/app-bootstrap.js:56:26)
    at  (webpack-internal:///(app-pages-browser)/./node_modules/next/dist/client/app-next-dev.js:8:32)
    at (app-pages-browser)/./node_modules/next/dist/client/app-next-dev.js (http://localhost:3002/_next/static/chunks/main-app.js?v=1790287200903:266:1)
    at options.factory (http://localhost:3002/_next/static/chunks/webpack.js?v=1790287200903:715:31)
[    1379ms] TypeError: can't access property "temp", weather.current is undefined
    at LiveTelemetryMap (webpack-internal:///(app-pages-browser)/./src/components/LiveTelemetryMap.tsx:715:37)
    at renderWithHooks (webpack-internal:///(app-pages-browser)/./node_modules/next/dist/compiled/react-dom/cjs/react-dom.development.js:11121:27)
    at updateFunctionComponent (webpack-internal:///(app-pages-browser)/./node_modules/next/dist/compiled/react-dom/cjs/react-dom.development.js:16290:20)
    at beginWork$1 (webpack-internal:///(app-pages-browser)/./node_modules/next/dist/compiled/react-dom/cjs/react-dom.development.js:18472:16)
    at beginWork (webpack-internal:///(app-pages-browser)/./node_modules/next/dist/compiled/react-dom/cjs/react-dom.development.js:26927:14)
    at performUnitOfWork (webpack-internal:///(app-pages-browser)/./node_modules/next/dist/compiled/react-dom/cjs/react-dom.development.js:25748:12)
    at workLoopSync (webpack-internal:///(app-pages-browser)/./node_modules/next/dist/compiled/react-dom/cjs/react-dom.development.js:25464:22)
    at renderRootSync (webpack-internal:///(app-pages-browser)/./node_modules/next/dist/compiled/react-dom/cjs/react-dom.development.js:25419:7)
    at performConcurrentWorkOnRoot (webpack-internal:///(app-pages-browser)/./node_modules/next/dist/compiled/react-dom/cjs/react-dom.development.js:24504:74)
    at workLoop (webpack-internal:///(app-pages-browser)/./node_modules/next/dist/compiled/scheduler/cjs/scheduler.development.js:256:42)
    at flushWork (webpack-internal:///(app-pages-browser)/./node_modules/next/dist/compiled/scheduler/cjs/scheduler.development.js:225:14)
    at performWorkUntilDeadline (webpack-internal:///(app-pages-browser)/./node_modules/next/dist/compiled/scheduler/cjs/scheduler.development.js:534:21)
    at EventHandlerNonNull* (webpack-internal:///(app-pages-browser)/./node_modules/next/dist/compiled/scheduler/cjs/scheduler.development.js:569:3)
    at  (webpack-internal:///(app-pages-browser)/./node_modules/next/dist/compiled/scheduler/cjs/scheduler.development.js:630:5)
    at (app-pages-browser)/./node_modules/next/dist/compiled/scheduler/cjs/scheduler.development.js (http://localhost:3002/_next/static/chunks/main-app.js?v=1790287200903:113:1)
    at options.factory (http://localhost:3002/_next/static/chunks/webpack.js?v=1790287200903:715:31)
    at __webpack_require__ (http://localhost:3002/_next/static/chunks/webpack.js?v=1790287200903:37:33)
    at fn (http://localhost:3002/_next/static/chunks/webpack.js?v=1790287200903:371:21)
    at  (webpack-internal:///(app-pages-browser)/./node_modules/next/dist/compiled/scheduler/index.js:4:20)
    at (app-pages-browser)/./node_modules/next/dist/compiled/scheduler/index.js (http://localhost:3002/_next/static/chunks/main-app.js?v=1790287200903:124:1)
    at options.factory (http://localhost:3002/_next/static/chunks/webpack.js?v=1790287200903:715:31)
    at __webpack_require__ (http://localhost:3002/_next/static/chunks/webpack.js?v=1790287200903:37:33)
    at fn (http://localhost:3002/_next/static/chunks/webpack.js?v=1790287200903:371:21)
    at  (webpack-internal:///(app-pages-browser)/./node_modules/next/dist/compiled/react-dom/cjs/react-dom.development.js:27:36)
    at  (webpack-internal:///(app-pages-browser)/./node_modules/next/dist/compiled/react-dom/cjs/react-dom.development.js:38595:5)
    at (app-pages-browser)/./node_modules/next/dist/compiled/react-dom/cjs/react-dom.development.js (http://localhost:3002/_next/static/chunks/main-app.js?v=1790287200903:1847:1)
    at options.factory (http://localhost:3002/_next/static/chunks/webpack.js?v=1790287200903:715:31)
    at __webpack_require__ (http://localhost:3002/_next/static/chunks/webpack.js?v=1790287200903:37:33)
    at fn (http://localhost:3002/_next/static/chunks/webpack.js?v=1790287200903:371:21)
    at  (webpack-internal:///(app-pages-browser)/./node_modules/next/dist/compiled/react-dom/index.js:32:20)
    at (app-pages-browser)/./node_modules/next/dist/compiled/react-dom/index.js (http://localhost:3002/_next/static/chunks/main-app.js?v=1790287200903:1869:1)
    at options.factory (http://localhost:3002/_next/static/chunks/webpack.js?v=1790287200903:715:31)
    at __webpack_require__ (http://localhost:3002/_next/static/chunks/webpack.js?v=1790287200903:37:33)
    at fn (http://localhost:3002/_next/static/chunks/webpack.js?v=1790287200903:371:21)
    at  (webpack-internal:///(app-pages-browser)/./node_modules/next/dist/compiled/react-dom/client.js:3:28)
    at (app-pages-browser)/./node_modules/next/dist/compiled/react-dom/client.js (http://localhost:3002/_next/static/chunks/main-app.js?v=1790287200903:1858:1)
    at options.factory (http://localhost:3002/_next/static/chunks/webpack.js?v=1790287200903:715:31)
    at __webpack_require__ (http://localhost:3002/_next/static/chunks/webpack.js?v=1790287200903:37:33)
    at fn (http://localhost:3002/_next/static/chunks/webpack.js?v=1790287200903:371:21)
    at  (webpack-internal:///(app-pages-browser)/./node_modules/next/dist/client/app-index.js:15:58)
    at (app-pages-browser)/./node_modules/next/dist/client/app-index.js (http://localhost:3002/_next/static/chunks/main-app.js?v=1790287200903:244:1)
    at options.factory (http://localhost:3002/_next/static/chunks/webpack.js?v=1790287200903:715:31)
    at __webpack_require__ (http://localhost:3002/_next/static/chunks/webpack.js?v=1790287200903:37:33)
    at fn (http://localhost:3002/_next/static/chunks/webpack.js?v=1790287200903:371:21)
    at  (webpack-internal:///(app-pages-browser)/./node_modules/next/dist/client/app-next-dev.js:9:44)
    at appBootstrap/< (webpack-internal:///(app-pages-browser)/./node_modules/next/dist/client/app-bootstrap.js:57:9)
    at loadScriptsInSequence (webpack-internal:///(app-pages-browser)/./node_modules/next/dist/client/app-bootstrap.js:23:16)
    at appBootstrap (webpack-internal:///(app-pages-browser)/./node_modules/next/dist/client/app-bootstrap.js:56:26)
    at  (webpack-internal:///(app-pages-browser)/./node_modules/next/dist/client/app-next-dev.js:8:32)
    at (app-pages-browser)/./node_modules/next/dist/client/app-next-dev.js (http://localhost:3002/_next/static/chunks/main-app.js?v=1790287200903:266:1)
    at options.factory (http://localhost:3002/_next/static/chunks/webpack.js?v=1790287200903:715:31)
[    1380ms] TypeError: can't access property "temp", weather.current is undefined
    at LiveTelemetryMap (webpack-internal:///(app-pages-browser)/./src/components/LiveTelemetryMap.tsx:715:37)
    at renderWithHooks (webpack-internal:///(app-pages-browser)/./node_modules/next/dist/compiled/react-dom/cjs/react-dom.development.js:11121:27)
    at updateFunctionComponent (webpack-internal:///(app-pages-browser)/./node_modules/next/dist/compiled/react-dom/cjs/react-dom.development.js:16290:20)
    at beginWork$1 (webpack-internal:///(app-pages-browser)/./node_modules/next/dist/compiled/react-dom/cjs/react-dom.development.js:18472:16)
    at beginWork (webpack-internal:///(app-pages-browser)/./node_modules/next/dist/compiled/react-dom/cjs/react-dom.development.js:26927:14)
    at performUnitOfWork (webpack-internal:///(app-pages-browser)/./node_modules/next/dist/compiled/react-dom/cjs/react-dom.development.js:25748:12)
    at workLoopSync (webpack-internal:///(app-pages-browser)/./node_modules/next/dist/compiled/react-dom/cjs/react-dom.development.js:25464:22)
    at renderRootSync (webpack-internal:///(app-pages-browser)/./node_modules/next/dist/compiled/react-dom/cjs/react-dom.development.js:25419:7)
    at performConcurrentWorkOnRoot (webpack-internal:///(app-pages-browser)/./node_modules/next/dist/compiled/react-dom/cjs/react-dom.development.js:24504:74)
    at workLoop (webpack-internal:///(app-pages-browser)/./node_modules/next/dist/compiled/scheduler/cjs/scheduler.development.js:256:42)
    at flushWork (webpack-internal:///(app-pages-browser)/./node_modules/next/dist/compiled/scheduler/cjs/scheduler.development.js:225:14)
    at performWorkUntilDeadline (webpack-internal:///(app-pages-browser)/./node_modules/next/dist/compiled/scheduler/cjs/scheduler.development.js:534:21)
    at EventHandlerNonNull* (webpack-internal:///(app-pages-browser)/./node_modules/next/dist/compiled/scheduler/cjs/scheduler.development.js:569:3)
    at  (webpack-internal:///(app-pages-browser)/./node_modules/next/dist/compiled/scheduler/cjs/scheduler.development.js:630:5)
    at (app-pages-browser)/./node_modules/next/dist/compiled/scheduler/cjs/scheduler.development.js (http://localhost:3002/_next/static/chunks/main-app.js?v=1790287200903:113:1)
    at options.factory (http://localhost:3002/_next/static/chunks/webpack.js?v=1790287200903:715:31)
    at __webpack_require__ (http://localhost:3002/_next/static/chunks/webpack.js?v=1790287200903:37:33)
    at fn (http://localhost:3002/_next/static/chunks/webpack.js?v=1790287200903:371:21)
    at  (webpack-internal:///(app-pages-browser)/./node_modules/next/dist/compiled/scheduler/index.js:4:20)
    at (app-pages-browser)/./node_modules/next/dist/compiled/scheduler/index.js (http://localhost:3002/_next/static/chunks/main-app.js?v=1790287200903:124:1)
    at options.factory (http://localhost:3002/_next/static/chunks/webpack.js?v=1790287200903:715:31)
    at __webpack_require__ (http://localhost:3002/_next/static/chunks/webpack.js?v=1790287200903:37:33)
    at fn (http://localhost:3002/_next/static/chunks/webpack.js?v=1790287200903:371:21)
    at  (webpack-internal:///(app-pages-browser)/./node_modules/next/dist/compiled/react-dom/cjs/react-dom.development.js:27:36)
    at  (webpack-internal:///(app-pages-browser)/./node_modules/next/dist/compiled/react-dom/cjs/react-dom.development.js:38595:5)
    at (app-pages-browser)/./node_modules/next/dist/compiled/react-dom/cjs/react-dom.development.js (http://localhost:3002/_next/static/chunks/main-app.js?v=1790287200903:1847:1)
    at options.factory (http://localhost:3002/_next/static/chunks/webpack.js?v=1790287200903:715:31)
    at __webpack_require__ (http://localhost:3002/_next/static/chunks/webpack.js?v=1790287200903:37:33)
    at fn (http://localhost:3002/_next/static/chunks/webpack.js?v=1790287200903:371:21)
    at  (webpack-internal:///(app-pages-browser)/./node_modules/next/dist/compiled/react-dom/index.js:32:20)
    at (app-pages-browser)/./node_modules/next/dist/compiled/react-dom/index.js (http://localhost:3002/_next/static/chunks/main-app.js?v=1790287200903:1869:1)
    at options.factory (http://localhost:3002/_next/static/chunks/webpack.js?v=1790287200903:715:31)
    at __webpack_require__ (http://localhost:3002/_next/static/chunks/webpack.js?v=1790287200903:37:33)
    at fn (http://localhost:3002/_next/static/chunks/webpack.js?v=1790287200903:371:21)
    at  (webpack-internal:///(app-pages-browser)/./node_modules/next/dist/compiled/react-dom/client.js:3:28)
    at (app-pages-browser)/./node_modules/next/dist/compiled/react-dom/client.js (http://localhost:3002/_next/static/chunks/main-app.js?v=1790287200903:1858:1)
    at options.factory (http://localhost:3002/_next/static/chunks/webpack.js?v=1790287200903:715:31)
    at __webpack_require__ (http://localhost:3002/_next/static/chunks/webpack.js?v=1790287200903:37:33)
    at fn (http://localhost:3002/_next/static/chunks/webpack.js?v=1790287200903:371:21)
    at  (webpack-internal:///(app-pages-browser)/./node_modules/next/dist/client/app-index.js:15:58)
    at (app-pages-browser)/./node_modules/next/dist/client/app-index.js (http://localhost:3002/_next/static/chunks/main-app.js?v=1790287200903:244:1)
    at options.factory (http://localhost:3002/_next/static/chunks/webpack.js?v=1790287200903:715:31)
    at __webpack_require__ (http://localhost:3002/_next/static/chunks/webpack.js?v=1790287200903:37:33)
    at fn (http://localhost:3002/_next/static/chunks/webpack.js?v=1790287200903:371:21)
    at  (webpack-internal:///(app-pages-browser)/./node_modules/next/dist/client/app-next-dev.js:9:44)
    at appBootstrap/< (webpack-internal:///(app-pages-browser)/./node_modules/next/dist/client/app-bootstrap.js:57:9)
    at loadScriptsInSequence (webpack-internal:///(app-pages-browser)/./node_modules/next/dist/client/app-bootstrap.js:23:16)
    at appBootstrap (webpack-internal:///(app-pages-browser)/./node_modules/next/dist/client/app-bootstrap.js:56:26)
    at  (webpack-internal:///(app-pages-browser)/./node_modules/next/dist/client/app-next-dev.js:8:32)
    at (app-pages-browser)/./node_modules/next/dist/client/app-next-dev.js (http://localhost:3002/_next/static/chunks/main-app.js?v=1790287200903:266:1)
    at options.factory (http://localhost:3002/_next/static/chunks/webpack.js?v=1790287200903:715:31)
[    1380ms] TypeError: can't access property "temp", weather.current is undefined
    at LiveTelemetryMap (webpack-internal:///(app-pages-browser)/./src/components/LiveTelemetryMap.tsx:715:37)
    at renderWithHooks (webpack-internal:///(app-pages-browser)/./node_modules/next/dist/compiled/react-dom/cjs/react-dom.development.js:11121:27)
    at updateFunctionComponent (webpack-internal:///(app-pages-browser)/./node_modules/next/dist/compiled/react-dom/cjs/react-dom.development.js:16290:20)
    at beginWork$1 (webpack-internal:///(app-pages-browser)/./node_modules/next/dist/compiled/react-dom/cjs/react-dom.development.js:18472:16)
    at beginWork (webpack-internal:///(app-pages-browser)/./node_modules/next/dist/compiled/react-dom/cjs/react-dom.development.js:26927:14)
    at performUnitOfWork (webpack-internal:///(app-pages-browser)/./node_modules/next/dist/compiled/react-dom/cjs/react-dom.development.js:25748:12)
    at workLoopSync (webpack-internal:///(app-pages-browser)/./node_modules/next/dist/compiled/react-dom/cjs/react-dom.development.js:25464:22)
    at renderRootSync (webpack-internal:///(app-pages-browser)/./node_modules/next/dist/compiled/react-dom/cjs/react-dom.development.js:25419:7)
    at performConcurrentWorkOnRoot (webpack-internal:///(app-pages-browser)/./node_modules/next/dist/compiled/react-dom/cjs/react-dom.development.js:24504:74)
    at workLoop (webpack-internal:///(app-pages-browser)/./node_modules/next/dist/compiled/scheduler/cjs/scheduler.development.js:256:42)
    at flushWork (webpack-internal:///(app-pages-browser)/./node_modules/next/dist/compiled/scheduler/cjs/scheduler.development.js:225:14)
    at performWorkUntilDeadline (webpack-internal:///(app-pages-browser)/./node_modules/next/dist/compiled/scheduler/cjs/scheduler.development.js:534:21)
    at EventHandlerNonNull* (webpack-internal:///(app-pages-browser)/./node_modules/next/dist/compiled/scheduler/cjs/scheduler.development.js:569:3)
    at  (webpack-internal:///(app-pages-browser)/./node_modules/next/dist/compiled/scheduler/cjs/scheduler.development.js:630:5)
    at (app-pages-browser)/./node_modules/next/dist/compiled/scheduler/cjs/scheduler.development.js (http://localhost:3002/_next/static/chunks/main-app.js?v=1790287200903:113:1)
    at options.factory (http://localhost:3002/_next/static/chunks/webpack.js?v=1790287200903:715:31)
    at __webpack_require__ (http://localhost:3002/_next/static/chunks/webpack.js?v=1790287200903:37:33)
    at fn (http://localhost:3002/_next/static/chunks/webpack.js?v=1790287200903:371:21)
    at  (webpack-internal:///(app-pages-browser)/./node_modules/next/dist/compiled/scheduler/index.js:4:20)
    at (app-pages-browser)/./node_modules/next/dist/compiled/scheduler/index.js (http://localhost:3002/_next/static/chunks/main-app.js?v=1790287200903:124:1)
    at options.factory (http://localhost:3002/_next/static/chunks/webpack.js?v=1790287200903:715:31)
    at __webpack_require__ (http://localhost:3002/_next/static/chunks/webpack.js?v=1790287200903:37:33)
    at fn (http://localhost:3002/_next/static/chunks/webpack.js?v=1790287200903:371:21)
    at  (webpack-internal:///(app-pages-browser)/./node_modules/next/dist/compiled/react-dom/cjs/react-dom.development.js:27:36)
    at  (webpack-internal:///(app-pages-browser)/./node_modules/next/dist/compiled/react-dom/cjs/react-dom.development.js:38595:5)
    at (app-pages-browser)/./node_modules/next/dist/compiled/react-dom/cjs/react-dom.development.js (http://localhost:3002/_next/static/chunks/main-app.js?v=1790287200903:1847:1)
    at options.factory (http://localhost:3002/_next/static/chunks/webpack.js?v=1790287200903:715:31)
    at __webpack_require__ (http://localhost:3002/_next/static/chunks/webpack.js?v=1790287200903:37:33)
    at fn (http://localhost:3002/_next/static/chunks/webpack.js?v=1790287200903:371:21)
    at  (webpack-internal:///(app-pages-browser)/./node_modules/next/dist/compiled/react-dom/index.js:32:20)
    at (app-pages-browser)/./node_modules/next/dist/compiled/react-dom/index.js (http://localhost:3002/_next/static/chunks/main-app.js?v=1790287200903:1869:1)
    at options.factory (http://localhost:3002/_next/static/chunks/webpack.js?v=1790287200903:715:31)
    at __webpack_require__ (http://localhost:3002/_next/static/chunks/webpack.js?v=1790287200903:37:33)
    at fn (http://localhost:3002/_next/static/chunks/webpack.js?v=1790287200903:371:21)
    at  (webpack-internal:///(app-pages-browser)/./node_modules/next/dist/compiled/react-dom/client.js:3:28)
    at (app-pages-browser)/./node_modules/next/dist/compiled/react-dom/client.js (http://localhost:3002/_next/static/chunks/main-app.js?v=1790287200903:1858:1)
    at options.factory (http://localhost:3002/_next/static/chunks/webpack.js?v=1790287200903:715:31)
    at __webpack_require__ (http://localhost:3002/_next/static/chunks/webpack.js?v=1790287200903:37:33)
    at fn (http://localhost:3002/_next/static/chunks/webpack.js?v=1790287200903:371:21)
    at  (webpack-internal:///(app-pages-browser)/./node_modules/next/dist/client/app-index.js:15:58)
    at (app-pages-browser)/./node_modules/next/dist/client/app-index.js (http://localhost:3002/_next/static/chunks/main-app.js?v=1790287200903:244:1)
    at options.factory (http://localhost:3002/_next/static/chunks/webpack.js?v=1790287200903:715:31)
    at __webpack_require__ (http://localhost:3002/_next/static/chunks/webpack.js?v=1790287200903:37:33)
    at fn (http://localhost:3002/_next/static/chunks/webpack.js?v=1790287200903:371:21)
    at  (webpack-internal:///(app-pages-browser)/./node_modules/next/dist/client/app-next-dev.js:9:44)
    at appBootstrap/< (webpack-internal:///(app-pages-browser)/./node_modules/next/dist/client/app-bootstrap.js:57:9)
    at loadScriptsInSequence (webpack-internal:///(app-pages-browser)/./node_modules/next/dist/client/app-bootstrap.js:23:16)
    at appBootstrap (webpack-internal:///(app-pages-browser)/./node_modules/next/dist/client/app-bootstrap.js:56:26)
    at  (webpack-internal:///(app-pages-browser)/./node_modules/next/dist/client/app-next-dev.js:8:32)
    at (app-pages-browser)/./node_modules/next/dist/client/app-next-dev.js (http://localhost:3002/_next/static/chunks/main-app.js?v=1790287200903:266:1)
    at options.factory (http://localhost:3002/_next/static/chunks/webpack.js?v=1790287200903:715:31)
[    1380ms] TypeError: can't access property "temp", weather.current is undefined
    at LiveTelemetryMap (webpack-internal:///(app-pages-browser)/./src/components/LiveTelemetryMap.tsx:715:37)
    at renderWithHooks (webpack-internal:///(app-pages-browser)/./node_modules/next/dist/compiled/react-dom/cjs/react-dom.development.js:11121:27)
    at updateFunctionComponent (webpack-internal:///(app-pages-browser)/./node_modules/next/dist/compiled/react-dom/cjs/react-dom.development.js:16290:20)
    at beginWork$1 (webpack-internal:///(app-pages-browser)/./node_modules/next/dist/compiled/react-dom/cjs/react-dom.development.js:18472:16)
    at callCallback (webpack-internal:///(app-pages-browser)/./node_modules/next/dist/compiled/react-dom/cjs/react-dom.development.js:20565:14)
    at invokeGuardedCallbackImpl (webpack-internal:///(app-pages-browser)/./node_modules/next/dist/compiled/react-dom/cjs/react-dom.development.js:20614:16)
    at invokeGuardedCallback (webpack-internal:///(app-pages-browser)/./node_modules/next/dist/compiled/react-dom/cjs/react-dom.development.js:20689:29)
    at beginWork (webpack-internal:///(app-pages-browser)/./node_modules/next/dist/compiled/react-dom/cjs/react-dom.development.js:26949:28)
    at performUnitOfWork (webpack-internal:///(app-pages-browser)/./node_modules/next/dist/compiled/react-dom/cjs/react-dom.development.js:25748:12)
    at workLoopSync (webpack-internal:///(app-pages-browser)/./node_modules/next/dist/compiled/react-dom/cjs/react-dom.development.js:25464:22)
    at renderRootSync (webpack-internal:///(app-pages-browser)/./node_modules/next/dist/compiled/react-dom/cjs/react-dom.development.js:25419:7)
    at recoverFromConcurrentError (webpack-internal:///(app-pages-browser)/./node_modules/next/dist/compiled/react-dom/cjs/react-dom.development.js:24597:34)
    at performConcurrentWorkOnRoot (webpack-internal:///(app-pages-browser)/./node_modules/next/dist/compiled/react-dom/cjs/react-dom.development.js:24542:26)
    at workLoop (webpack-internal:///(app-pages-browser)/./node_modules/next/dist/compiled/scheduler/cjs/scheduler.development.js:256:42)
    at flushWork (webpack-internal:///(app-pages-browser)/./node_modules/next/dist/compiled/scheduler/cjs/scheduler.development.js:225:14)
    at performWorkUntilDeadline (webpack-internal:///(app-pages-browser)/./node_modules/next/dist/compiled/scheduler/cjs/scheduler.development.js:534:21)
    at EventHandlerNonNull* (webpack-internal:///(app-pages-browser)/./node_modules/next/dist/compiled/scheduler/cjs/scheduler.development.js:569:3)
    at  (webpack-internal:///(app-pages-browser)/./node_modules/next/dist/compiled/scheduler/cjs/scheduler.development.js:630:5)
    at (app-pages-browser)/./node_modules/next/dist/compiled/scheduler/cjs/scheduler.development.js (http://localhost:3002/_next/static/chunks/main-app.js?v=1790287200903:113:1)
    at options.factory (http://localhost:3002/_next/static/chunks/webpack.js?v=1790287200903:715:31)
    at __webpack_require__ (http://localhost:3002/_next/static/chunks/webpack.js?v=1790287200903:37:33)
    at fn (http://localhost:3002/_next/static/chunks/webpack.js?v=1790287200903:371:21)
    at  (webpack-internal:///(app-pages-browser)/./node_modules/next/dist/compiled/scheduler/index.js:4:20)
    at (app-pages-browser)/./node_modules/next/dist/compiled/scheduler/index.js (http://localhost:3002/_next/static/chunks/main-app.js?v=1790287200903:124:1)
    at options.factory (http://localhost:3002/_next/static/chunks/webpack.js?v=1790287200903:715:31)
    at __webpack_require__ (http://localhost:3002/_next/static/chunks/webpack.js?v=1790287200903:37:33)
    at fn (http://localhost:3002/_next/static/chunks/webpack.js?v=1790287200903:371:21)
    at  (webpack-internal:///(app-pages-browser)/./node_modules/next/dist/compiled/react-dom/cjs/react-dom.development.js:27:36)
    at  (webpack-internal:///(app-pages-browser)/./node_modules/next/dist/compiled/react-dom/cjs/react-dom.development.js:38595:5)
    at (app-pages-browser)/./node_modules/next/dist/compiled/react-dom/cjs/react-dom.development.js (http://localhost:3002/_next/static/chunks/main-app.js?v=1790287200903:1847:1)
    at options.factory (http://localhost:3002/_next/static/chunks/webpack.js?v=1790287200903:715:31)
    at __webpack_require__ (http://localhost:3002/_next/static/chunks/webpack.js?v=1790287200903:37:33)
    at fn (http://localhost:3002/_next/static/chunks/webpack.js?v=1790287200903:371:21)
    at  (webpack-internal:///(app-pages-browser)/./node_modules/next/dist/compiled/react-dom/index.js:32:20)
    at (app-pages-browser)/./node_modules/next/dist/compiled/react-dom/index.js (http://localhost:3002/_next/static/chunks/main-app.js?v=1790287200903:1869:1)
    at options.factory (http://localhost:3002/_next/static/chunks/webpack.js?v=1790287200903:715:31)
    at __webpack_require__ (http://localhost:3002/_next/static/chunks/webpack.js?v=1790287200903:37:33)
    at fn (http://localhost:3002/_next/static/chunks/webpack.js?v=1790287200903:371:21)
    at  (webpack-internal:///(app-pages-browser)/./node_modules/next/dist/compiled/react-dom/client.js:3:28)
    at (app-pages-browser)/./node_modules/next/dist/compiled/react-dom/client.js (http://localhost:3002/_next/static/chunks/main-app.js?v=1790287200903:1858:1)
    at options.factory (http://localhost:3002/_next/static/chunks/webpack.js?v=1790287200903:715:31)
    at __webpack_require__ (http://localhost:3002/_next/static/chunks/webpack.js?v=1790287200903:37:33)
    at fn (http://localhost:3002/_next/static/chunks/webpack.js?v=1790287200903:371:21)
    at  (webpack-internal:///(app-pages-browser)/./node_modules/next/dist/client/app-index.js:15:58)
    at (app-pages-browser)/./node_modules/next/dist/client/app-index.js (http://localhost:3002/_next/static/chunks/main-app.js?v=1790287200903:244:1)
    at options.factory (http://localhost:3002/_next/static/chunks/webpack.js?v=1790287200903:715:31)
    at __webpack_require__ (http://localhost:3002/_next/static/chunks/webpack.js?v=1790287200903:37:33)
    at fn (http://localhost:3002/_next/static/chunks/webpack.js?v=1790287200903:371:21)
    at  (webpack-internal:///(app-pages-browser)/./node_modules/next/dist/client/app-next-dev.js:9:44)
    at appBootstrap/< (webpack-internal:///(app-pages-browser)/./node_modules/next/dist/client/app-bootstrap.js:57:9)
    at loadScriptsInSequence (webpack-internal:///(app-pages-browser)/./node_modules/next/dist/client/app-bootstrap.js:23:16)
[    1381ms] TypeError: can't access property "temp", weather.current is undefined
    at LiveTelemetryMap (webpack-internal:///(app-pages-browser)/./src/components/LiveTelemetryMap.tsx:715:37)
    at renderWithHooks (webpack-internal:///(app-pages-browser)/./node_modules/next/dist/compiled/react-dom/cjs/react-dom.development.js:11121:27)
    at updateFunctionComponent (webpack-internal:///(app-pages-browser)/./node_modules/next/dist/compiled/react-dom/cjs/react-dom.development.js:16290:20)
    at beginWork$1 (webpack-internal:///(app-pages-browser)/./node_modules/next/dist/compiled/react-dom/cjs/react-dom.development.js:18472:16)
    at beginWork (webpack-internal:///(app-pages-browser)/./node_modules/next/dist/compiled/react-dom/cjs/react-dom.development.js:26927:14)
    at performUnitOfWork (webpack-internal:///(app-pages-browser)/./node_modules/next/dist/compiled/react-dom/cjs/react-dom.development.js:25748:12)
    at workLoopSync (webpack-internal:///(app-pages-browser)/./node_modules/next/dist/compiled/react-dom/cjs/react-dom.development.js:25464:22)
    at renderRootSync (webpack-internal:///(app-pages-browser)/./node_modules/next/dist/compiled/react-dom/cjs/react-dom.development.js:25419:7)
    at recoverFromConcurrentError (webpack-internal:///(app-pages-browser)/./node_modules/next/dist/compiled/react-dom/cjs/react-dom.development.js:24597:34)
    at performConcurrentWorkOnRoot (webpack-internal:///(app-pages-browser)/./node_modules/next/dist/compiled/react-dom/cjs/react-dom.development.js:24542:26)
    at workLoop (webpack-internal:///(app-pages-browser)/./node_modules/next/dist/compiled/scheduler/cjs/scheduler.development.js:256:42)
    at flushWork (webpack-internal:///(app-pages-browser)/./node_modules/next/dist/compiled/scheduler/cjs/scheduler.development.js:225:14)
    at performWorkUntilDeadline (webpack-internal:///(app-pages-browser)/./node_modules/next/dist/compiled/scheduler/cjs/scheduler.development.js:534:21)
    at EventHandlerNonNull* (webpack-internal:///(app-pages-browser)/./node_modules/next/dist/compiled/scheduler/cjs/scheduler.development.js:569:3)
    at  (webpack-internal:///(app-pages-browser)/./node_modules/next/dist/compiled/scheduler/cjs/scheduler.development.js:630:5)
    at (app-pages-browser)/./node_modules/next/dist/compiled/scheduler/cjs/scheduler.development.js (http://localhost:3002/_next/static/chunks/main-app.js?v=1790287200903:113:1)
    at options.factory (http://localhost:3002/_next/static/chunks/webpack.js?v=1790287200903:715:31)
    at __webpack_require__ (http://localhost:3002/_next/static/chunks/webpack.js?v=1790287200903:37:33)
    at fn (http://localhost:3002/_next/static/chunks/webpack.js?v=1790287200903:371:21)
    at  (webpack-internal:///(app-pages-browser)/./node_modules/next/dist/compiled/scheduler/index.js:4:20)
    at (app-pages-browser)/./node_modules/next/dist/compiled/scheduler/index.js (http://localhost:3002/_next/static/chunks/main-app.js?v=1790287200903:124:1)
    at options.factory (http://localhost:3002/_next/static/chunks/webpack.js?v=1790287200903:715:31)
    at __webpack_require__ (http://localhost:3002/_next/static/chunks/webpack.js?v=1790287200903:37:33)
    at fn (http://localhost:3002/_next/static/chunks/webpack.js?v=1790287200903:371:21)
    at  (webpack-internal:///(app-pages-browser)/./node_modules/next/dist/compiled/react-dom/cjs/react-dom.development.js:27:36)
    at  (webpack-internal:///(app-pages-browser)/./node_modules/next/dist/compiled/react-dom/cjs/react-dom.development.js:38595:5)
    at (app-pages-browser)/./node_modules/next/dist/compiled/react-dom/cjs/react-dom.development.js (http://localhost:3002/_next/static/chunks/main-app.js?v=1790287200903:1847:1)
    at options.factory (http://localhost:3002/_next/static/chunks/webpack.js?v=1790287200903:715:31)
    at __webpack_require__ (http://localhost:3002/_next/static/chunks/webpack.js?v=1790287200903:37:33)
    at fn (http://localhost:3002/_next/static/chunks/webpack.js?v=1790287200903:371:21)
    at  (webpack-internal:///(app-pages-browser)/./node_modules/next/dist/compiled/react-dom/index.js:32:20)
    at (app-pages-browser)/./node_modules/next/dist/compiled/react-dom/index.js (http://localhost:3002/_next/static/chunks/main-app.js?v=1790287200903:1869:1)
    at options.factory (http://localhost:3002/_next/static/chunks/webpack.js?v=1790287200903:715:31)
    at __webpack_require__ (http://localhost:3002/_next/static/chunks/webpack.js?v=1790287200903:37:33)
    at fn (http://localhost:3002/_next/static/chunks/webpack.js?v=1790287200903:371:21)
    at  (webpack-internal:///(app-pages-browser)/./node_modules/next/dist/compiled/react-dom/client.js:3:28)
    at (app-pages-browser)/./node_modules/next/dist/compiled/react-dom/client.js (http://localhost:3002/_next/static/chunks/main-app.js?v=1790287200903:1858:1)
    at options.factory (http://localhost:3002/_next/static/chunks/webpack.js?v=1790287200903:715:31)
    at __webpack_require__ (http://localhost:3002/_next/static/chunks/webpack.js?v=1790287200903:37:33)
    at fn (http://localhost:3002/_next/static/chunks/webpack.js?v=1790287200903:371:21)
    at  (webpack-internal:///(app-pages-browser)/./node_modules/next/dist/client/app-index.js:15:58)
    at (app-pages-browser)/./node_modules/next/dist/client/app-index.js (http://localhost:3002/_next/static/chunks/main-app.js?v=1790287200903:244:1)
    at options.factory (http://localhost:3002/_next/static/chunks/webpack.js?v=1790287200903:715:31)
    at __webpack_require__ (http://localhost:3002/_next/static/chunks/webpack.js?v=1790287200903:37:33)
    at fn (http://localhost:3002/_next/static/chunks/webpack.js?v=1790287200903:371:21)
    at  (webpack-internal:///(app-pages-browser)/./node_modules/next/dist/client/app-next-dev.js:9:44)
    at appBootstrap/< (webpack-internal:///(app-pages-browser)/./node_modules/next/dist/client/app-bootstrap.js:57:9)
    at loadScriptsInSequence (webpack-internal:///(app-pages-browser)/./node_modules/next/dist/client/app-bootstrap.js:23:16)
    at appBootstrap (webpack-internal:///(app-pages-browser)/./node_modules/next/dist/client/app-bootstrap.js:56:26)
    at  (webpack-internal:///(app-pages-browser)/./node_modules/next/dist/client/app-next-dev.js:8:32)
    at (app-pages-browser)/./node_modules/next/dist/client/app-next-dev.js (http://localhost:3002/_next/static/chunks/main-app.js?v=1790287200903:266:1)
[    1381ms] TypeError: can't access property "temp", weather.current is undefined
    at LiveTelemetryMap (webpack-internal:///(app-pages-browser)/./src/components/LiveTelemetryMap.tsx:715:37)
    at renderWithHooks (webpack-internal:///(app-pages-browser)/./node_modules/next/dist/compiled/react-dom/cjs/react-dom.development.js:11121:27)
    at updateFunctionComponent (webpack-internal:///(app-pages-browser)/./node_modules/next/dist/compiled/react-dom/cjs/react-dom.development.js:16290:20)
    at beginWork$1 (webpack-internal:///(app-pages-browser)/./node_modules/next/dist/compiled/react-dom/cjs/react-dom.development.js:18472:16)
    at beginWork (webpack-internal:///(app-pages-browser)/./node_modules/next/dist/compiled/react-dom/cjs/react-dom.development.js:26927:14)
    at performUnitOfWork (webpack-internal:///(app-pages-browser)/./node_modules/next/dist/compiled/react-dom/cjs/react-dom.development.js:25748:12)
    at workLoopSync (webpack-internal:///(app-pages-browser)/./node_modules/next/dist/compiled/react-dom/cjs/react-dom.development.js:25464:22)
    at renderRootSync (webpack-internal:///(app-pages-browser)/./node_modules/next/dist/compiled/react-dom/cjs/react-dom.development.js:25419:7)
    at recoverFromConcurrentError (webpack-internal:///(app-pages-browser)/./node_modules/next/dist/compiled/react-dom/cjs/react-dom.development.js:24597:34)
    at performConcurrentWorkOnRoot (webpack-internal:///(app-pages-browser)/./node_modules/next/dist/compiled/react-dom/cjs/react-dom.development.js:24542:26)
    at workLoop (webpack-internal:///(app-pages-browser)/./node_modules/next/dist/compiled/scheduler/cjs/scheduler.development.js:256:42)
    at flushWork (webpack-internal:///(app-pages-browser)/./node_modules/next/dist/compiled/scheduler/cjs/scheduler.development.js:225:14)
    at performWorkUntilDeadline (webpack-internal:///(app-pages-browser)/./node_modules/next/dist/compiled/scheduler/cjs/scheduler.development.js:534:21)
    at EventHandlerNonNull* (webpack-internal:///(app-pages-browser)/./node_modules/next/dist/compiled/scheduler/cjs/scheduler.development.js:569:3)
    at  (webpack-internal:///(app-pages-browser)/./node_modules/next/dist/compiled/scheduler/cjs/scheduler.development.js:630:5)
    at (app-pages-browser)/./node_modules/next/dist/compiled/scheduler/cjs/scheduler.development.js (http://localhost:3002/_next/static/chunks/main-app.js?v=1790287200903:113:1)
    at options.factory (http://localhost:3002/_next/static/chunks/webpack.js?v=1790287200903:715:31)
    at __webpack_require__ (http://localhost:3002/_next/static/chunks/webpack.js?v=1790287200903:37:33)
    at fn (http://localhost:3002/_next/static/chunks/webpack.js?v=1790287200903:371:21)
    at  (webpack-internal:///(app-pages-browser)/./node_modules/next/dist/compiled/scheduler/index.js:4:20)
    at (app-pages-browser)/./node_modules/next/dist/compiled/scheduler/index.js (http://localhost:3002/_next/static/chunks/main-app.js?v=1790287200903:124:1)
    at options.factory (http://localhost:3002/_next/static/chunks/webpack.js?v=1790287200903:715:31)
    at __webpack_require__ (http://localhost:3002/_next/static/chunks/webpack.js?v=1790287200903:37:33)
    at fn (http://localhost:3002/_next/static/chunks/webpack.js?v=1790287200903:371:21)
    at  (webpack-internal:///(app-pages-browser)/./node_modules/next/dist/compiled/react-dom/cjs/react-dom.development.js:27:36)
    at  (webpack-internal:///(app-pages-browser)/./node_modules/next/dist/compiled/react-dom/cjs/react-dom.development.js:38595:5)
    at (app-pages-browser)/./node_modules/next/dist/compiled/react-dom/cjs/react-dom.development.js (http://localhost:3002/_next/static/chunks/main-app.js?v=1790287200903:1847:1)
    at options.factory (http://localhost:3002/_next/static/chunks/webpack.js?v=1790287200903:715:31)
    at __webpack_require__ (http://localhost:3002/_next/static/chunks/webpack.js?v=1790287200903:37:33)
    at fn (http://localhost:3002/_next/static/chunks/webpack.js?v=1790287200903:371:21)
    at  (webpack-internal:///(app-pages-browser)/./node_modules/next/dist/compiled/react-dom/index.js:32:20)
    at (app-pages-browser)/./node_modules/next/dist/compiled/react-dom/index.js (http://localhost:3002/_next/static/chunks/main-app.js?v=1790287200903:1869:1)
    at options.factory (http://localhost:3002/_next/static/chunks/webpack.js?v=1790287200903:715:31)
    at __webpack_require__ (http://localhost:3002/_next/static/chunks/webpack.js?v=1790287200903:37:33)
    at fn (http://localhost:3002/_next/static/chunks/webpack.js?v=1790287200903:371:21)
    at  (webpack-internal:///(app-pages-browser)/./node_modules/next/dist/compiled/react-dom/client.js:3:28)
    at (app-pages-browser)/./node_modules/next/dist/compiled/react-dom/client.js (http://localhost:3002/_next/static/chunks/main-app.js?v=1790287200903:1858:1)
    at options.factory (http://localhost:3002/_next/static/chunks/webpack.js?v=1790287200903:715:31)
    at __webpack_require__ (http://localhost:3002/_next/static/chunks/webpack.js?v=1790287200903:37:33)
    at fn (http://localhost:3002/_next/static/chunks/webpack.js?v=1790287200903:371:21)
    at  (webpack-internal:///(app-pages-browser)/./node_modules/next/dist/client/app-index.js:15:58)
    at (app-pages-browser)/./node_modules/next/dist/client/app-index.js (http://localhost:3002/_next/static/chunks/main-app.js?v=1790287200903:244:1)
    at options.factory (http://localhost:3002/_next/static/chunks/webpack.js?v=1790287200903:715:31)
    at __webpack_require__ (http://localhost:3002/_next/static/chunks/webpack.js?v=1790287200903:37:33)
    at fn (http://localhost:3002/_next/static/chunks/webpack.js?v=1790287200903:371:21)
    at  (webpack-internal:///(app-pages-browser)/./node_modules/next/dist/client/app-next-dev.js:9:44)
    at appBootstrap/< (webpack-internal:///(app-pages-browser)/./node_modules/next/dist/client/app-bootstrap.js:57:9)
    at loadScriptsInSequence (webpack-internal:///(app-pages-browser)/./node_modules/next/dist/client/app-bootstrap.js:23:16)
    at appBootstrap (webpack-internal:///(app-pages-browser)/./node_modules/next/dist/client/app-bootstrap.js:56:26)
    at  (webpack-internal:///(app-pages-browser)/./node_modules/next/dist/client/app-next-dev.js:8:32)
    at (app-pages-browser)/./node_modules/next/dist/client/app-next-dev.js (http://localhost:3002/_next/static/chunks/main-app.js?v=1790287200903:266:1)
[    1381ms] TypeError: can't access property "temp", weather.current is undefined
    at LiveTelemetryMap (webpack-internal:///(app-pages-browser)/./src/components/LiveTelemetryMap.tsx:715:37)
    at renderWithHooks (webpack-internal:///(app-pages-browser)/./node_modules/next/dist/compiled/react-dom/cjs/react-dom.development.js:11121:27)
    at updateFunctionComponent (webpack-internal:///(app-pages-browser)/./node_modules/next/dist/compiled/react-dom/cjs/react-dom.development.js:16290:20)
    at beginWork$1 (webpack-internal:///(app-pages-browser)/./node_modules/next/dist/compiled/react-dom/cjs/react-dom.development.js:18472:16)
    at beginWork (webpack-internal:///(app-pages-browser)/./node_modules/next/dist/compiled/react-dom/cjs/react-dom.development.js:26927:14)
    at performUnitOfWork (webpack-internal:///(app-pages-browser)/./node_modules/next/dist/compiled/react-dom/cjs/react-dom.development.js:25748:12)
    at workLoopSync (webpack-internal:///(app-pages-browser)/./node_modules/next/dist/compiled/react-dom/cjs/react-dom.development.js:25464:22)
    at renderRootSync (webpack-internal:///(app-pages-browser)/./node_modules/next/dist/compiled/react-dom/cjs/react-dom.development.js:25419:7)
    at recoverFromConcurrentError (webpack-internal:///(app-pages-browser)/./node_modules/next/dist/compiled/react-dom/cjs/react-dom.development.js:24597:34)
    at performConcurrentWorkOnRoot (webpack-internal:///(app-pages-browser)/./node_modules/next/dist/compiled/react-dom/cjs/react-dom.development.js:24542:26)
    at workLoop (webpack-internal:///(app-pages-browser)/./node_modules/next/dist/compiled/scheduler/cjs/scheduler.development.js:256:42)
    at flushWork (webpack-internal:///(app-pages-browser)/./node_modules/next/dist/compiled/scheduler/cjs/scheduler.development.js:225:14)
    at performWorkUntilDeadline (webpack-internal:///(app-pages-browser)/./node_modules/next/dist/compiled/scheduler/cjs/scheduler.development.js:534:21)
    at EventHandlerNonNull* (webpack-internal:///(app-pages-browser)/./node_modules/next/dist/compiled/scheduler/cjs/scheduler.development.js:569:3)
    at  (webpack-internal:///(app-pages-browser)/./node_modules/next/dist/compiled/scheduler/cjs/scheduler.development.js:630:5)
    at (app-pages-browser)/./node_modules/next/dist/compiled/scheduler/cjs/scheduler.development.js (http://localhost:3002/_next/static/chunks/main-app.js?v=1790287200903:113:1)
    at options.factory (http://localhost:3002/_next/static/chunks/webpack.js?v=1790287200903:715:31)
    at __webpack_require__ (http://localhost:3002/_next/static/chunks/webpack.js?v=1790287200903:37:33)
    at fn (http://localhost:3002/_next/static/chunks/webpack.js?v=1790287200903:371:21)
    at  (webpack-internal:///(app-pages-browser)/./node_modules/next/dist/compiled/scheduler/index.js:4:20)
    at (app-pages-browser)/./node_modules/next/dist/compiled/scheduler/index.js (http://localhost:3002/_next/static/chunks/main-app.js?v=1790287200903:124:1)
    at options.factory (http://localhost:3002/_next/static/chunks/webpack.js?v=1790287200903:715:31)
    at __webpack_require__ (http://localhost:3002/_next/static/chunks/webpack.js?v=1790287200903:37:33)
    at fn (http://localhost:3002/_next/static/chunks/webpack.js?v=1790287200903:371:21)
    at  (webpack-internal:///(app-pages-browser)/./node_modules/next/dist/compiled/react-dom/cjs/react-dom.development.js:27:36)
    at  (webpack-internal:///(app-pages-browser)/./node_modules/next/dist/compiled/react-dom/cjs/react-dom.development.js:38595:5)
    at (app-pages-browser)/./node_modules/next/dist/compiled/react-dom/cjs/react-dom.development.js (http://localhost:3002/_next/static/chunks/main-app.js?v=1790287200903:1847:1)
    at options.factory (http://localhost:3002/_next/static/chunks/webpack.js?v=1790287200903:715:31)
    at __webpack_require__ (http://localhost:3002/_next/static/chunks/webpack.js?v=1790287200903:37:33)
    at fn (http://localhost:3002/_next/static/chunks/webpack.js?v=1790287200903:371:21)
    at  (webpack-internal:///(app-pages-browser)/./node_modules/next/dist/compiled/react-dom/index.js:32:20)
    at (app-pages-browser)/./node_modules/next/dist/compiled/react-dom/index.js (http://localhost:3002/_next/static/chunks/main-app.js?v=1790287200903:1869:1)
    at options.factory (http://localhost:3002/_next/static/chunks/webpack.js?v=1790287200903:715:31)
    at __webpack_require__ (http://localhost:3002/_next/static/chunks/webpack.js?v=1790287200903:37:33)
    at fn (http://localhost:3002/_next/static/chunks/webpack.js?v=1790287200903:371:21)
    at  (webpack-internal:///(app-pages-browser)/./node_modules/next/dist/compiled/react-dom/client.js:3:28)
    at (app-pages-browser)/./node_modules/next/dist/compiled/react-dom/client.js (http://localhost:3002/_next/static/chunks/main-app.js?v=1790287200903:1858:1)
    at options.factory (http://localhost:3002/_next/static/chunks/webpack.js?v=1790287200903:715:31)
    at __webpack_require__ (http://localhost:3002/_next/static/chunks/webpack.js?v=1790287200903:37:33)
    at fn (http://localhost:3002/_next/static/chunks/webpack.js?v=1790287200903:371:21)
    at  (webpack-internal:///(app-pages-browser)/./node_modules/next/dist/client/app-index.js:15:58)
    at (app-pages-browser)/./node_modules/next/dist/client/app-index.js (http://localhost:3002/_next/static/chunks/main-app.js?v=1790287200903:244:1)
    at options.factory (http://localhost:3002/_next/static/chunks/webpack.js?v=1790287200903:715:31)
    at __webpack_require__ (http://localhost:3002/_next/static/chunks/webpack.js?v=1790287200903:37:33)
    at fn (http://localhost:3002/_next/static/chunks/webpack.js?v=1790287200903:371:21)
    at  (webpack-internal:///(app-pages-browser)/./node_modules/next/dist/client/app-next-dev.js:9:44)
    at appBootstrap/< (webpack-internal:///(app-pages-browser)/./node_modules/next/dist/client/app-bootstrap.js:57:9)
    at loadScriptsInSequence (webpack-internal:///(app-pages-browser)/./node_modules/next/dist/client/app-bootstrap.js:23:16)
    at appBootstrap (webpack-internal:///(app-pages-browser)/./node_modules/next/dist/client/app-bootstrap.js:56:26)
    at  (webpack-internal:///(app-pages-browser)/./node_modules/next/dist/client/app-next-dev.js:8:32)
    at (app-pages-browser)/./node_modules/next/dist/client/app-next-dev.js (http://localhost:3002/_next/static/chunks/main-app.js?v=1790287200903:266:1)
[    1382ms] TypeError: can't access property "temp", weather.current is undefined
    at LiveTelemetryMap (webpack-internal:///(app-pages-browser)/./src/components/LiveTelemetryMap.tsx:715:37)
    at renderWithHooks (webpack-internal:///(app-pages-browser)/./node_modules/next/dist/compiled/react-dom/cjs/react-dom.development.js:11121:27)
    at updateFunctionComponent (webpack-internal:///(app-pages-browser)/./node_modules/next/dist/compiled/react-dom/cjs/react-dom.development.js:16290:20)
    at beginWork$1 (webpack-internal:///(app-pages-browser)/./node_modules/next/dist/compiled/react-dom/cjs/react-dom.development.js:18472:16)
    at beginWork (webpack-internal:///(app-pages-browser)/./node_modules/next/dist/compiled/react-dom/cjs/react-dom.development.js:26927:14)
    at performUnitOfWork (webpack-internal:///(app-pages-browser)/./node_modules/next/dist/compiled/react-dom/cjs/react-dom.development.js:25748:12)
    at workLoopSync (webpack-internal:///(app-pages-browser)/./node_modules/next/dist/compiled/react-dom/cjs/react-dom.development.js:25464:22)
    at renderRootSync (webpack-internal:///(app-pages-browser)/./node_modules/next/dist/compiled/react-dom/cjs/react-dom.development.js:25419:7)
    at recoverFromConcurrentError (webpack-internal:///(app-pages-browser)/./node_modules/next/dist/compiled/react-dom/cjs/react-dom.development.js:24597:34)
    at performConcurrentWorkOnRoot (webpack-internal:///(app-pages-browser)/./node_modules/next/dist/compiled/react-dom/cjs/react-dom.development.js:24542:26)
    at workLoop (webpack-internal:///(app-pages-browser)/./node_modules/next/dist/compiled/scheduler/cjs/scheduler.development.js:256:42)
    at flushWork (webpack-internal:///(app-pages-browser)/./node_modules/next/dist/compiled/scheduler/cjs/scheduler.development.js:225:14)
    at performWorkUntilDeadline (webpack-internal:///(app-pages-browser)/./node_modules/next/dist/compiled/scheduler/cjs/scheduler.development.js:534:21)
    at EventHandlerNonNull* (webpack-internal:///(app-pages-browser)/./node_modules/next/dist/compiled/scheduler/cjs/scheduler.development.js:569:3)
    at  (webpack-internal:///(app-pages-browser)/./node_modules/next/dist/compiled/scheduler/cjs/scheduler.development.js:630:5)
    at (app-pages-browser)/./node_modules/next/dist/compiled/scheduler/cjs/scheduler.development.js (http://localhost:3002/_next/static/chunks/main-app.js?v=1790287200903:113:1)
    at options.factory (http://localhost:3002/_next/static/chunks/webpack.js?v=1790287200903:715:31)
    at __webpack_require__ (http://localhost:3002/_next/static/chunks/webpack.js?v=1790287200903:37:33)
    at fn (http://localhost:3002/_next/static/chunks/webpack.js?v=1790287200903:371:21)
    at  (webpack-internal:///(app-pages-browser)/./node_modules/next/dist/compiled/scheduler/index.js:4:20)
    at (app-pages-browser)/./node_modules/next/dist/compiled/scheduler/index.js (http://localhost:3002/_next/static/chunks/main-app.js?v=1790287200903:124:1)
    at options.factory (http://localhost:3002/_next/static/chunks/webpack.js?v=1790287200903:715:31)
    at __webpack_require__ (http://localhost:3002/_next/static/chunks/webpack.js?v=1790287200903:37:33)
    at fn (http://localhost:3002/_next/static/chunks/webpack.js?v=1790287200903:371:21)
    at  (webpack-internal:///(app-pages-browser)/./node_modules/next/dist/compiled/react-dom/cjs/react-dom.development.js:27:36)
    at  (webpack-internal:///(app-pages-browser)/./node_modules/next/dist/compiled/react-dom/cjs/react-dom.development.js:38595:5)
    at (app-pages-browser)/./node_modules/next/dist/compiled/react-dom/cjs/react-dom.development.js (http://localhost:3002/_next/static/chunks/main-app.js?v=1790287200903:1847:1)
    at options.factory (http://localhost:3002/_next/static/chunks/webpack.js?v=1790287200903:715:31)
    at __webpack_require__ (http://localhost:3002/_next/static/chunks/webpack.js?v=1790287200903:37:33)
    at fn (http://localhost:3002/_next/static/chunks/webpack.js?v=1790287200903:371:21)
    at  (webpack-internal:///(app-pages-browser)/./node_modules/next/dist/compiled/react-dom/index.js:32:20)
    at (app-pages-browser)/./node_modules/next/dist/compiled/react-dom/index.js (http://localhost:3002/_next/static/chunks/main-app.js?v=1790287200903:1869:1)
    at options.factory (http://localhost:3002/_next/static/chunks/webpack.js?v=1790287200903:715:31)
    at __webpack_require__ (http://localhost:3002/_next/static/chunks/webpack.js?v=1790287200903:37:33)
    at fn (http://localhost:3002/_next/static/chunks/webpack.js?v=1790287200903:371:21)
    at  (webpack-internal:///(app-pages-browser)/./node_modules/next/dist/compiled/react-dom/client.js:3:28)
    at (app-pages-browser)/./node_modules/next/dist/compiled/react-dom/client.js (http://localhost:3002/_next/static/chunks/main-app.js?v=1790287200903:1858:1)
    at options.factory (http://localhost:3002/_next/static/chunks/webpack.js?v=1790287200903:715:31)
    at __webpack_require__ (http://localhost:3002/_next/static/chunks/webpack.js?v=1790287200903:37:33)
    at fn (http://localhost:3002/_next/static/chunks/webpack.js?v=1790287200903:371:21)
    at  (webpack-internal:///(app-pages-browser)/./node_modules/next/dist/client/app-index.js:15:58)
    at (app-pages-browser)/./node_modules/next/dist/client/app-index.js (http://localhost:3002/_next/static/chunks/main-app.js?v=1790287200903:244:1)
    at options.factory (http://localhost:3002/_next/static/chunks/webpack.js?v=1790287200903:715:31)
    at __webpack_require__ (http://localhost:3002/_next/static/chunks/webpack.js?v=1790287200903:37:33)
    at fn (http://localhost:3002/_next/static/chunks/webpack.js?v=1790287200903:371:21)
    at  (webpack-internal:///(app-pages-browser)/./node_modules/next/dist/client/app-next-dev.js:9:44)
    at appBootstrap/< (webpack-internal:///(app-pages-browser)/./node_modules/next/dist/client/app-bootstrap.js:57:9)
    at loadScriptsInSequence (webpack-internal:///(app-pages-browser)/./node_modules/next/dist/client/app-bootstrap.js:23:16)
    at appBootstrap (webpack-internal:///(app-pages-browser)/./node_modules/next/dist/client/app-bootstrap.js:56:26)
    at  (webpack-internal:///(app-pages-browser)/./node_modules/next/dist/client/app-next-dev.js:8:32)
    at (app-pages-browser)/./node_modules/next/dist/client/app-next-dev.js (http://localhost:3002/_next/static/chunks/main-app.js?v=1790287200903:266:1)
[    1382ms] TypeError: can't access property "temp", weather.current is undefined
    at LiveTelemetryMap (webpack-internal:///(app-pages-browser)/./src/components/LiveTelemetryMap.tsx:715:37)
    at renderWithHooks (webpack-internal:///(app-pages-browser)/./node_modules/next/dist/compiled/react-dom/cjs/react-dom.development.js:11121:27)
    at updateFunctionComponent (webpack-internal:///(app-pages-browser)/./node_modules/next/dist/compiled/react-dom/cjs/react-dom.development.js:16290:20)
    at beginWork$1 (webpack-internal:///(app-pages-browser)/./node_modules/next/dist/compiled/react-dom/cjs/react-dom.development.js:18472:16)
    at beginWork (webpack-internal:///(app-pages-browser)/./node_modules/next/dist/compiled/react-dom/cjs/react-dom.development.js:26927:14)
    at performUnitOfWork (webpack-internal:///(app-pages-browser)/./node_modules/next/dist/compiled/react-dom/cjs/react-dom.development.js:25748:12)
    at workLoopSync (webpack-internal:///(app-pages-browser)/./node_modules/next/dist/compiled/react-dom/cjs/react-dom.development.js:25464:22)
    at renderRootSync (webpack-internal:///(app-pages-browser)/./node_modules/next/dist/compiled/react-dom/cjs/react-dom.development.js:25419:7)
    at recoverFromConcurrentError (webpack-internal:///(app-pages-browser)/./node_modules/next/dist/compiled/react-dom/cjs/react-dom.development.js:24597:34)
    at performConcurrentWorkOnRoot (webpack-internal:///(app-pages-browser)/./node_modules/next/dist/compiled/react-dom/cjs/react-dom.development.js:24542:26)
    at workLoop (webpack-internal:///(app-pages-browser)/./node_modules/next/dist/compiled/scheduler/cjs/scheduler.development.js:256:42)
    at flushWork (webpack-internal:///(app-pages-browser)/./node_modules/next/dist/compiled/scheduler/cjs/scheduler.development.js:225:14)
    at performWorkUntilDeadline (webpack-internal:///(app-pages-browser)/./node_modules/next/dist/compiled/scheduler/cjs/scheduler.development.js:534:21)
    at EventHandlerNonNull* (webpack-internal:///(app-pages-browser)/./node_modules/next/dist/compiled/scheduler/cjs/scheduler.development.js:569:3)
    at  (webpack-internal:///(app-pages-browser)/./node_modules/next/dist/compiled/scheduler/cjs/scheduler.development.js:630:5)
    at (app-pages-browser)/./node_modules/next/dist/compiled/scheduler/cjs/scheduler.development.js (http://localhost:3002/_next/static/chunks/main-app.js?v=1790287200903:113:1)
    at options.factory (http://localhost:3002/_next/static/chunks/webpack.js?v=1790287200903:715:31)
    at __webpack_require__ (http://localhost:3002/_next/static/chunks/webpack.js?v=1790287200903:37:33)
    at fn (http://localhost:3002/_next/static/chunks/webpack.js?v=1790287200903:371:21)
    at  (webpack-internal:///(app-pages-browser)/./node_modules/next/dist/compiled/scheduler/index.js:4:20)
    at (app-pages-browser)/./node_modules/next/dist/compiled/scheduler/index.js (http://localhost:3002/_next/static/chunks/main-app.js?v=1790287200903:124:1)
    at options.factory (http://localhost:3002/_next/static/chunks/webpack.js?v=1790287200903:715:31)
    at __webpack_require__ (http://localhost:3002/_next/static/chunks/webpack.js?v=1790287200903:37:33)
    at fn (http://localhost:3002/_next/static/chunks/webpack.js?v=1790287200903:371:21)
    at  (webpack-internal:///(app-pages-browser)/./node_modules/next/dist/compiled/react-dom/cjs/react-dom.development.js:27:36)
    at  (webpack-internal:///(app-pages-browser)/./node_modules/next/dist/compiled/react-dom/cjs/react-dom.development.js:38595:5)
    at (app-pages-browser)/./node_modules/next/dist/compiled/react-dom/cjs/react-dom.development.js (http://localhost:3002/_next/static/chunks/main-app.js?v=1790287200903:1847:1)
    at options.factory (http://localhost:3002/_next/static/chunks/webpack.js?v=1790287200903:715:31)
    at __webpack_require__ (http://localhost:3002/_next/static/chunks/webpack.js?v=1790287200903:37:33)
    at fn (http://localhost:3002/_next/static/chunks/webpack.js?v=1790287200903:371:21)
    at  (webpack-internal:///(app-pages-browser)/./node_modules/next/dist/compiled/react-dom/index.js:32:20)
    at (app-pages-browser)/./node_modules/next/dist/compiled/react-dom/index.js (http://localhost:3002/_next/static/chunks/main-app.js?v=1790287200903:1869:1)
    at options.factory (http://localhost:3002/_next/static/chunks/webpack.js?v=1790287200903:715:31)
    at __webpack_require__ (http://localhost:3002/_next/static/chunks/webpack.js?v=1790287200903:37:33)
    at fn (http://localhost:3002/_next/static/chunks/webpack.js?v=1790287200903:371:21)
    at  (webpack-internal:///(app-pages-browser)/./node_modules/next/dist/compiled/react-dom/client.js:3:28)
    at (app-pages-browser)/./node_modules/next/dist/compiled/react-dom/client.js (http://localhost:3002/_next/static/chunks/main-app.js?v=1790287200903:1858:1)
    at options.factory (http://localhost:3002/_next/static/chunks/webpack.js?v=1790287200903:715:31)
    at __webpack_require__ (http://localhost:3002/_next/static/chunks/webpack.js?v=1790287200903:37:33)
    at fn (http://localhost:3002/_next/static/chunks/webpack.js?v=1790287200903:371:21)
    at  (webpack-internal:///(app-pages-browser)/./node_modules/next/dist/client/app-index.js:15:58)
    at (app-pages-browser)/./node_modules/next/dist/client/app-index.js (http://localhost:3002/_next/static/chunks/main-app.js?v=1790287200903:244:1)
    at options.factory (http://localhost:3002/_next/static/chunks/webpack.js?v=1790287200903:715:31)
    at __webpack_require__ (http://localhost:3002/_next/static/chunks/webpack.js?v=1790287200903:37:33)
    at fn (http://localhost:3002/_next/static/chunks/webpack.js?v=1790287200903:371:21)
    at  (webpack-internal:///(app-pages-browser)/./node_modules/next/dist/client/app-next-dev.js:9:44)
    at appBootstrap/< (webpack-internal:///(app-pages-browser)/./node_modules/next/dist/client/app-bootstrap.js:57:9)
    at loadScriptsInSequence (webpack-internal:///(app-pages-browser)/./node_modules/next/dist/client/app-bootstrap.js:23:16)
    at appBootstrap (webpack-internal:///(app-pages-browser)/./node_modules/next/dist/client/app-bootstrap.js:56:26)
    at  (webpack-internal:///(app-pages-browser)/./node_modules/next/dist/client/app-next-dev.js:8:32)
    at (app-pages-browser)/./node_modules/next/dist/client/app-next-dev.js (http://localhost:3002/_next/static/chunks/main-app.js?v=1790287200903:266:1)
[   80725ms] [LOG] [Fast Refresh] rebuilding @ webpack-internal:///(app-pages-browser)/./node_modules/next/dist/client/components/react-dev-overlay/app/hot-reloader-client.js:186
[   80981ms] [WARNING] [Fast Refresh] performing full reload because your application had an unrecoverable error @ webpack-internal:///(app-pages-browser)/./node_modules/next/dist/client/components/react-dev-overlay/app/hot-reloader-client.js:114
[   81443ms] [INFO] Download the React DevTools for a better development experience: https://reactjs.org/link/react-devtools @ webpack-internal:///(app-pages-browser)/./node_modules/next/dist/compiled/react-dom/cjs/react-dom.development.js:38559
