[     236ms] [INFO] Download the React DevTools for a better development experience: https://reactjs.org/link/react-devtools @ webpack-internal:///(app-pages-browser)/./node_modules/next/dist/compiled/react-dom/cjs/react-dom.development.js:38559
[  252575ms] [WARNING] [JavaScript Warning: "A resource is blocked by OpaqueResponseBlocking, please check browser console for details." {file: "https://tile.openstreetmap.org/13/5820/3461.png" line: 0}] @ https://tile.openstreetmap.org/13/5820/3461.png:0
[  254238ms] [WARNING] [JavaScript Warning: "MouseEvent.mozPressure is deprecated. Use PointerEvent.pressure instead." {file: "http://localhost:3001/_next/static/chunks/_app-pages-browser_src_components_LiveTelemetryMap_tsx.js line 27 > eval" line: 27}] @ http://localhost:3001/_next/static/chunks/_app-pages-browser_src_components_LiveTelemetryMap_tsx.js line 27 > eval:27
[  254238ms] [WARNING] [JavaScript Warning: "MouseEvent.mozInputSource is deprecated. Use PointerEvent.pointerType instead." {file: "http://localhost:3001/_next/static/chunks/_app-pages-browser_src_components_LiveTelemetryMap_tsx.js line 27 > eval" line: 27}] @ http://localhost:3001/_next/static/chunks/_app-pages-browser_src_components_LiveTelemetryMap_tsx.js line 27 > eval:27
[  350704ms] [ERROR] [JavaScript Error: "Firefox can’t establish a connection to the server at ws://localhost:8001/ws/pulse." {file: "http://localhost:3001/_next/static/chunks/_app-pages-browser_src_components_LiveTelemetryMap_tsx.js line 70 > eval" line: 236}] @ http://localhost:3001/_next/static/chunks/_app-pages-browser_src_components_LiveTelemetryMap_tsx.js line 70 > eval:236
[  354706ms] [ERROR] [JavaScript Error: "Firefox can’t establish a connection to the server at ws://localhost:8001/ws/pulse." {file: "http://localhost:3001/_next/static/chunks/_app-pages-browser_src_components_LiveTelemetryMap_tsx.js line 70 > eval" line: 236}] @ http://localhost:3001/_next/static/chunks/_app-pages-browser_src_components_LiveTelemetryMap_tsx.js line 70 > eval:236
[  358709ms] [ERROR] [JavaScript Error: "Firefox can’t establish a connection to the server at ws://localhost:8001/ws/pulse." {file: "http://localhost:3001/_next/static/chunks/_app-pages-browser_src_components_LiveTelemetryMap_tsx.js line 70 > eval" line: 236}] @ http://localhost:3001/_next/static/chunks/_app-pages-browser_src_components_LiveTelemetryMap_tsx.js line 70 > eval:236
[  362711ms] [ERROR] [JavaScript Error: "Firefox can’t establish a connection to the server at ws://localhost:8001/ws/pulse." {file: "http://localhost:3001/_next/static/chunks/_app-pages-browser_src_components_LiveTelemetryMap_tsx.js line 70 > eval" line: 236}] @ http://localhost:3001/_next/static/chunks/_app-pages-browser_src_components_LiveTelemetryMap_tsx.js line 70 > eval:236
[  366726ms] [ERROR] [JavaScript Error: "Firefox can’t establish a connection to the server at ws://localhost:8001/ws/pulse." {file: "http://localhost:3001/_next/static/chunks/_app-pages-browser_src_components_LiveTelemetryMap_tsx.js line 70 > eval" line: 236}] @ http://localhost:3001/_next/static/chunks/_app-pages-browser_src_components_LiveTelemetryMap_tsx.js line 70 > eval:236
[  370728ms] [ERROR] [JavaScript Error: "Firefox can’t establish a connection to the server at ws://localhost:8001/ws/pulse." {file: "http://localhost:3001/_next/static/chunks/_app-pages-browser_src_components_LiveTelemetryMap_tsx.js line 70 > eval" line: 236}] @ http://localhost:3001/_next/static/chunks/_app-pages-browser_src_components_LiveTelemetryMap_tsx.js line 70 > eval:236
[  374730ms] [ERROR] [JavaScript Error: "Firefox can’t establish a connection to the server at ws://localhost:8001/ws/pulse." {file: "http://localhost:3001/_next/static/chunks/_app-pages-browser_src_components_LiveTelemetryMap_tsx.js line 70 > eval" line: 236}] @ http://localhost:3001/_next/static/chunks/_app-pages-browser_src_components_LiveTelemetryMap_tsx.js line 70 > eval:236
[  379728ms] [ERROR] [JavaScript Error: "Firefox can’t establish a connection to the server at ws://localhost:8001/ws/pulse." {file: "http://localhost:3001/_next/static/chunks/_app-pages-browser_src_components_LiveTelemetryMap_tsx.js line 70 > eval" line: 236}] @ http://localhost:3001/_next/static/chunks/_app-pages-browser_src_components_LiveTelemetryMap_tsx.js line 70 > eval:236
[  387221ms] [ERROR] [JavaScript Error: "Firefox can’t establish a connection to the server at ws://localhost:8001/ws/pulse." {file: "http://localhost:3001/_next/static/chunks/_app-pages-browser_src_components_LiveTelemetryMap_tsx.js line 70 > eval" line: 236}] @ http://localhost:3001/_next/static/chunks/_app-pages-browser_src_components_LiveTelemetryMap_tsx.js line 70 > eval:236
[  920294ms] [LOG] [Fast Refresh] rebuilding @ webpack-internal:///(app-pages-browser)/./node_modules/next/dist/client/components/react-dev-overlay/app/hot-reloader-client.js:186
[  920702ms] [LOG] [Fast Refresh] done in 403ms @ webpack-internal:///(app-pages-browser)/./node_modules/next/dist/client/components/react-dev-overlay/app/hot-reloader-client.js:43
[  958851ms] [LOG] [Fast Refresh] rebuilding @ webpack-internal:///(app-pages-browser)/./node_modules/next/dist/client/components/react-dev-overlay/app/hot-reloader-client.js:186
[  959337ms] [LOG] [Fast Refresh] done in 486ms @ webpack-internal:///(app-pages-browser)/./node_modules/next/dist/client/components/react-dev-overlay/app/hot-reloader-client.js:43
[  971550ms] [LOG] [Fast Refresh] rebuilding @ webpack-internal:///(app-pages-browser)/./node_modules/next/dist/client/components/react-dev-overlay/app/hot-reloader-client.js:186
[  971829ms] [LOG] [Fast Refresh] done in 278ms @ webpack-internal:///(app-pages-browser)/./node_modules/next/dist/client/components/react-dev-overlay/app/hot-reloader-client.js:43
[  983135ms] [LOG] [Fast Refresh] rebuilding @ webpack-internal:///(app-pages-browser)/./node_modules/next/dist/client/components/react-dev-overlay/app/hot-reloader-client.js:186
[  983226ms] [LOG] [Fast Refresh] done in 90ms @ webpack-internal:///(app-pages-browser)/./node_modules/next/dist/client/components/react-dev-overlay/app/hot-reloader-client.js:43
[  993877ms] [LOG] [Fast Refresh] rebuilding @ webpack-internal:///(app-pages-browser)/./node_modules/next/dist/client/components/react-dev-overlay/app/hot-reloader-client.js:186
[  994224ms] [LOG] [Fast Refresh] done in 348ms @ webpack-internal:///(app-pages-browser)/./node_modules/next/dist/client/components/react-dev-overlay/app/hot-reloader-client.js:43
