[     306ms] [INFO] Download the React DevTools for a better development experience: https://reactjs.org/link/react-devtools @ webpack-internal:///(app-pages-browser)/./node_modules/next/dist/compiled/react-dom/cjs/react-dom.development.js:38559
[     414ms] [WARNING] [JavaScript Warning: "A resource is blocked by OpaqueResponseBlocking, please check browser console for details." {file: "https://lh3.googleusercontent.com/aida/AEtjO1X846d3k35eqtuPzI3ksBZBgmsuatplYf7WFWYM_h4CQ9S0k_6yUwv3OxFWwjbIzs3k1JV2GDlAvxoRA-gLT5iFVboFFwqvpvgYPsc_RyoM3YuBNu9NzPARAaC6kV6UJAhH0RowmMOGkuZnERI4p8pDkvgiSk39AQI3ZKfgNVDlH8G2iRraUJ4l3kVc7G4FOOYXP0NMkYeXWm6DwN2oPcnaPAhJ9SrQiTBLsgXyla-zluPTCI_cNnaWLpKk" line: 0}] @ https://lh3.googleusercontent.com/aida/AEtjO1X846d3k35eqtuPzI3ksBZBgmsuatplYf7WFWYM_h4CQ9S0k_6yUwv3OxFWwjbIzs3k1JV2GDlAvxoRA-gLT5iFVboFFwqvpvgYPsc_RyoM3YuBNu9NzPARAaC6kV6UJAhH0RowmMOGkuZnERI4p8pDkvgiSk39AQI3ZKfgNVDlH8G2iRraUJ4l3kVc7G4FOOYXP0NMkYeXWm6DwN2oPcnaPAhJ9SrQiTBLsgXyla-zluPTCI_cNnaWLpKk:0
[    8457ms] [LOG] [Fast Refresh] rebuilding @ webpack-internal:///(app-pages-browser)/./node_modules/next/dist/client/components/react-dev-overlay/app/hot-reloader-client.js:186
[    8549ms] [LOG] [Fast Refresh] done in 92ms @ webpack-internal:///(app-pages-browser)/./node_modules/next/dist/client/components/react-dev-overlay/app/hot-reloader-client.js:43
[   50137ms] [WARNING] [JavaScript Warning: "MouseEvent.mozPressure is deprecated. Use PointerEvent.pressure instead." {file: "http://localhost:3000/_next/static/chunks/_app-pages-browser_src_components_LiveTelemetryMap_tsx.js line 17 > eval" line: 27}] @ http://localhost:3000/_next/static/chunks/_app-pages-browser_src_components_LiveTelemetryMap_tsx.js line 17 > eval:27
[   50138ms] [WARNING] [JavaScript Warning: "MouseEvent.mozInputSource is deprecated. Use PointerEvent.pointerType instead." {file: "http://localhost:3000/_next/static/chunks/_app-pages-browser_src_components_LiveTelemetryMap_tsx.js line 17 > eval" line: 27}] @ http://localhost:3000/_next/static/chunks/_app-pages-browser_src_components_LiveTelemetryMap_tsx.js line 17 > eval:27
[  238673ms] [LOG] [Fast Refresh] rebuilding @ webpack-internal:///(app-pages-browser)/./node_modules/next/dist/client/components/react-dev-overlay/app/hot-reloader-client.js:186
[  238982ms] [WARNING] [Fast Refresh] performing full reload

Fast Refresh will perform a full reload when you edit a file that's imported by modules outside of the React rendering tree.
You might have a file which exports a React component but also exports a value that is imported by a non-React component file.
Consider migrating the non-React component export to a separate file and importing it into both files.

It is also possible the parent component of the component you edited is a class component, which disables Fast Refresh.
Fast Refresh requires at least one parent function component in your React tree. @ webpack-internal:///(app-pages-browser)/./node_modules/next/dist/client/components/react-dev-overlay/app/hot-reloader-client.js:112
[  239193ms] [WARNING] [JavaScript Warning: "A resource is blocked by OpaqueResponseBlocking, please check browser console for details." {file: "https://lh3.googleusercontent.com/aida/AEtjO1X846d3k35eqtuPzI3ksBZBgmsuatplYf7WFWYM_h4CQ9S0k_6yUwv3OxFWwjbIzs3k1JV2GDlAvxoRA-gLT5iFVboFFwqvpvgYPsc_RyoM3YuBNu9NzPARAaC6kV6UJAhH0RowmMOGkuZnERI4p8pDkvgiSk39AQI3ZKfgNVDlH8G2iRraUJ4l3kVc7G4FOOYXP0NMkYeXWm6DwN2oPcnaPAhJ9SrQiTBLsgXyla-zluPTCI_cNnaWLpKk" line: 0}] @ https://lh3.googleusercontent.com/aida/AEtjO1X846d3k35eqtuPzI3ksBZBgmsuatplYf7WFWYM_h4CQ9S0k_6yUwv3OxFWwjbIzs3k1JV2GDlAvxoRA-gLT5iFVboFFwqvpvgYPsc_RyoM3YuBNu9NzPARAaC6kV6UJAhH0RowmMOGkuZnERI4p8pDkvgiSk39AQI3ZKfgNVDlH8G2iRraUJ4l3kVc7G4FOOYXP0NMkYeXWm6DwN2oPcnaPAhJ9SrQiTBLsgXyla-zluPTCI_cNnaWLpKk:0
[  239282ms] [INFO] Download the React DevTools for a better development experience: https://reactjs.org/link/react-devtools @ webpack-internal:///(app-pages-browser)/./node_modules/next/dist/compiled/react-dom/cjs/react-dom.development.js:38559
[  239436ms] ReferenceError: USE_CARTO is not defined
    at  (webpack-internal:///(app-pages-browser)/./src/components/LiveTelemetryMap.tsx:58:20)
    at (app-pages-browser)/./src/components/LiveTelemetryMap.tsx (http://localhost:3000/_next/static/chunks/_app-pages-browser_src_components_LiveTelemetryMap_tsx.js:60:1)
    at options.factory (http://localhost:3000/_next/static/chunks/webpack.js?v=1790278793593:715:31)
    at __webpack_require__ (http://localhost:3000/_next/static/chunks/webpack.js?v=1790278793593:37:33)
    at fn (http://localhost:3000/_next/static/chunks/webpack.js?v=1790278793593:371:21)
    at promise callback*LiveTelemetryMap< (webpack-internal:///(app-pages-browser)/./src/app/overview/page.tsx:17:183)
    at Loadable/Lazy< (webpack-internal:///(app-pages-browser)/./node_modules/next/dist/shared/lib/lazy-dynamic/loadable.js:40:58)
    at lazyInitializer (webpack-internal:///(app-pages-browser)/./node_modules/next/dist/compiled/react/cjs/react.development.js:2172:20)
    at mountLazyComponent (webpack-internal:///(app-pages-browser)/./node_modules/next/dist/compiled/react-dom/cjs/react-dom.development.js:16750:23)
    at beginWork$1 (webpack-internal:///(app-pages-browser)/./node_modules/next/dist/compiled/react-dom/cjs/react-dom.development.js:18464:16)
    at beginWork (webpack-internal:///(app-pages-browser)/./node_modules/next/dist/compiled/react-dom/cjs/react-dom.development.js:26927:14)
    at performUnitOfWork (webpack-internal:///(app-pages-browser)/./node_modules/next/dist/compiled/react-dom/cjs/react-dom.development.js:25748:12)
    at workLoopSync (webpack-internal:///(app-pages-browser)/./node_modules/next/dist/compiled/react-dom/cjs/react-dom.development.js:25464:22)
    at renderRootSync (webpack-internal:///(app-pages-browser)/./node_modules/next/dist/compiled/react-dom/cjs/react-dom.development.js:25419:7)
    at performConcurrentWorkOnRoot (webpack-internal:///(app-pages-browser)/./node_modules/next/dist/compiled/react-dom/cjs/react-dom.development.js:24504:74)
    at workLoop (webpack-internal:///(app-pages-browser)/./node_modules/next/dist/compiled/scheduler/cjs/scheduler.development.js:256:42)
    at flushWork (webpack-internal:///(app-pages-browser)/./node_modules/next/dist/compiled/scheduler/cjs/scheduler.development.js:225:14)
    at performWorkUntilDeadline (webpack-internal:///(app-pages-browser)/./node_modules/next/dist/compiled/scheduler/cjs/scheduler.development.js:534:21)
    at EventHandlerNonNull* (webpack-internal:///(app-pages-browser)/./node_modules/next/dist/compiled/scheduler/cjs/scheduler.development.js:569:3)
    at  (webpack-internal:///(app-pages-browser)/./node_modules/next/dist/compiled/scheduler/cjs/scheduler.development.js:630:5)
    at (app-pages-browser)/./node_modules/next/dist/compiled/scheduler/cjs/scheduler.development.js (http://localhost:3000/_next/static/chunks/main-app.js?v=1790278793593:113:1)
    at options.factory (http://localhost:3000/_next/static/chunks/webpack.js?v=1790278793593:715:31)
    at __webpack_require__ (http://localhost:3000/_next/static/chunks/webpack.js?v=1790278793593:37:33)
    at fn (http://localhost:3000/_next/static/chunks/webpack.js?v=1790278793593:371:21)
    at  (webpack-internal:///(app-pages-browser)/./node_modules/next/dist/compiled/scheduler/index.js:4:20)
    at (app-pages-browser)/./node_modules/next/dist/compiled/scheduler/index.js (http://localhost:3000/_next/static/chunks/main-app.js?v=1790278793593:124:1)
    at options.factory (http://localhost:3000/_next/static/chunks/webpack.js?v=1790278793593:715:31)
    at __webpack_require__ (http://localhost:3000/_next/static/chunks/webpack.js?v=1790278793593:37:33)
    at fn (http://localhost:3000/_next/static/chunks/webpack.js?v=1790278793593:371:21)
    at  (webpack-internal:///(app-pages-browser)/./node_modules/next/dist/compiled/react-dom/cjs/react-dom.development.js:27:36)
    at  (webpack-internal:///(app-pages-browser)/./node_modules/next/dist/compiled/react-dom/cjs/react-dom.development.js:38595:5)
    at (app-pages-browser)/./node_modules/next/dist/compiled/react-dom/cjs/react-dom.development.js (http://localhost:3000/_next/static/chunks/main-app.js?v=1790278793593:1847:1)
    at options.factory (http://localhost:3000/_next/static/chunks/webpack.js?v=1790278793593:715:31)
    at __webpack_require__ (http://localhost:3000/_next/static/chunks/webpack.js?v=1790278793593:37:33)
    at fn (http://localhost:3000/_next/static/chunks/webpack.js?v=1790278793593:371:21)
    at  (webpack-internal:///(app-pages-browser)/./node_modules/next/dist/compiled/react-dom/index.js:32:20)
    at (app-pages-browser)/./node_modules/next/dist/compiled/react-dom/index.js (http://localhost:3000/_next/static/chunks/main-app.js?v=1790278793593:1869:1)
    at options.factory (http://localhost:3000/_next/static/chunks/webpack.js?v=1790278793593:715:31)
    at __webpack_require__ (http://localhost:3000/_next/static/chunks/webpack.js?v=1790278793593:37:33)
    at fn (http://localhost:3000/_next/static/chunks/webpack.js?v=1790278793593:371:21)
    at  (webpack-internal:///(app-pages-browser)/./node_modules/next/dist/compiled/react-dom/client.js:3:28)
    at (app-pages-browser)/./node_modules/next/dist/compiled/react-dom/client.js (http://localhost:3000/_next/static/chunks/main-app.js?v=1790278793593:1858:1)
    at options.factory (http://localhost:3000/_next/static/chunks/webpack.js?v=1790278793593:715:31)
    at __webpack_require__ (http://localhost:3000/_next/static/chunks/webpack.js?v=1790278793593:37:33)
    at fn (http://localhost:3000/_next/static/chunks/webpack.js?v=1790278793593:371:21)
    at  (webpack-internal:///(app-pages-browser)/./node_modules/next/dist/client/app-index.js:15:58)
    at (app-pages-browser)/./node_modules/next/dist/client/app-index.js (http://localhost:3000/_next/static/chunks/main-app.js?v=1790278793593:244:1)
    at options.factory (http://localhost:3000/_next/static/chunks/webpack.js?v=1790278793593:715:31)
    at __webpack_require__ (http://localhost:3000/_next/static/chunks/webpack.js?v=1790278793593:37:33)
    at fn (http://localhost:3000/_next/static/chunks/webpack.js?v=1790278793593:371:21)
    at  (webpack-internal:///(app-pages-browser)/./node_modules/next/dist/client/app-next-dev.js:9:44)
[  239441ms] ReferenceError: USE_CARTO is not defined
    at  (webpack-internal:///(app-pages-browser)/./src/components/LiveTelemetryMap.tsx:58:20)
    at (app-pages-browser)/./src/components/LiveTelemetryMap.tsx (http://localhost:3000/_next/static/chunks/_app-pages-browser_src_components_LiveTelemetryMap_tsx.js:60:1)
    at options.factory (http://localhost:3000/_next/static/chunks/webpack.js?v=1790278793593:715:31)
    at __webpack_require__ (http://localhost:3000/_next/static/chunks/webpack.js?v=1790278793593:37:33)
    at fn (http://localhost:3000/_next/static/chunks/webpack.js?v=1790278793593:371:21)
    at promise callback*LiveTelemetryMap< (webpack-internal:///(app-pages-browser)/./src/app/overview/page.tsx:17:183)
    at Loadable/Lazy< (webpack-internal:///(app-pages-browser)/./node_modules/next/dist/shared/lib/lazy-dynamic/loadable.js:40:58)
    at lazyInitializer (webpack-internal:///(app-pages-browser)/./node_modules/next/dist/compiled/react/cjs/react.development.js:2172:20)
    at mountLazyComponent (webpack-internal:///(app-pages-browser)/./node_modules/next/dist/compiled/react-dom/cjs/react-dom.development.js:16750:23)
    at beginWork$1 (webpack-internal:///(app-pages-browser)/./node_modules/next/dist/compiled/react-dom/cjs/react-dom.development.js:18464:16)
    at beginWork (webpack-internal:///(app-pages-browser)/./node_modules/next/dist/compiled/react-dom/cjs/react-dom.development.js:26927:14)
    at performUnitOfWork (webpack-internal:///(app-pages-browser)/./node_modules/next/dist/compiled/react-dom/cjs/react-dom.development.js:25748:12)
    at workLoopSync (webpack-internal:///(app-pages-browser)/./node_modules/next/dist/compiled/react-dom/cjs/react-dom.development.js:25464:22)
    at renderRootSync (webpack-internal:///(app-pages-browser)/./node_modules/next/dist/compiled/react-dom/cjs/react-dom.development.js:25419:7)
    at performConcurrentWorkOnRoot (webpack-internal:///(app-pages-browser)/./node_modules/next/dist/compiled/react-dom/cjs/react-dom.development.js:24504:74)
    at workLoop (webpack-internal:///(app-pages-browser)/./node_modules/next/dist/compiled/scheduler/cjs/scheduler.development.js:256:42)
    at flushWork (webpack-internal:///(app-pages-browser)/./node_modules/next/dist/compiled/scheduler/cjs/scheduler.development.js:225:14)
    at performWorkUntilDeadline (webpack-internal:///(app-pages-browser)/./node_modules/next/dist/compiled/scheduler/cjs/scheduler.development.js:534:21)
    at EventHandlerNonNull* (webpack-internal:///(app-pages-browser)/./node_modules/next/dist/compiled/scheduler/cjs/scheduler.development.js:569:3)
    at  (webpack-internal:///(app-pages-browser)/./node_modules/next/dist/compiled/scheduler/cjs/scheduler.development.js:630:5)
    at (app-pages-browser)/./node_modules/next/dist/compiled/scheduler/cjs/scheduler.development.js (http://localhost:3000/_next/static/chunks/main-app.js?v=1790278793593:113:1)
    at options.factory (http://localhost:3000/_next/static/chunks/webpack.js?v=1790278793593:715:31)
    at __webpack_require__ (http://localhost:3000/_next/static/chunks/webpack.js?v=1790278793593:37:33)
    at fn (http://localhost:3000/_next/static/chunks/webpack.js?v=1790278793593:371:21)
    at  (webpack-internal:///(app-pages-browser)/./node_modules/next/dist/compiled/scheduler/index.js:4:20)
    at (app-pages-browser)/./node_modules/next/dist/compiled/scheduler/index.js (http://localhost:3000/_next/static/chunks/main-app.js?v=1790278793593:124:1)
    at options.factory (http://localhost:3000/_next/static/chunks/webpack.js?v=1790278793593:715:31)
    at __webpack_require__ (http://localhost:3000/_next/static/chunks/webpack.js?v=1790278793593:37:33)
    at fn (http://localhost:3000/_next/static/chunks/webpack.js?v=1790278793593:371:21)
    at  (webpack-internal:///(app-pages-browser)/./node_modules/next/dist/compiled/react-dom/cjs/react-dom.development.js:27:36)
    at  (webpack-internal:///(app-pages-browser)/./node_modules/next/dist/compiled/react-dom/cjs/react-dom.development.js:38595:5)
    at (app-pages-browser)/./node_modules/next/dist/compiled/react-dom/cjs/react-dom.development.js (http://localhost:3000/_next/static/chunks/main-app.js?v=1790278793593:1847:1)
    at options.factory (http://localhost:3000/_next/static/chunks/webpack.js?v=1790278793593:715:31)
    at __webpack_require__ (http://localhost:3000/_next/static/chunks/webpack.js?v=1790278793593:37:33)
    at fn (http://localhost:3000/_next/static/chunks/webpack.js?v=1790278793593:371:21)
    at  (webpack-internal:///(app-pages-browser)/./node_modules/next/dist/compiled/react-dom/index.js:32:20)
    at (app-pages-browser)/./node_modules/next/dist/compiled/react-dom/index.js (http://localhost:3000/_next/static/chunks/main-app.js?v=1790278793593:1869:1)
    at options.factory (http://localhost:3000/_next/static/chunks/webpack.js?v=1790278793593:715:31)
    at __webpack_require__ (http://localhost:3000/_next/static/chunks/webpack.js?v=1790278793593:37:33)
    at fn (http://localhost:3000/_next/static/chunks/webpack.js?v=1790278793593:371:21)
    at  (webpack-internal:///(app-pages-browser)/./node_modules/next/dist/compiled/react-dom/client.js:3:28)
    at (app-pages-browser)/./node_modules/next/dist/compiled/react-dom/client.js (http://localhost:3000/_next/static/chunks/main-app.js?v=1790278793593:1858:1)
    at options.factory (http://localhost:3000/_next/static/chunks/webpack.js?v=1790278793593:715:31)
    at __webpack_require__ (http://localhost:3000/_next/static/chunks/webpack.js?v=1790278793593:37:33)
    at fn (http://localhost:3000/_next/static/chunks/webpack.js?v=1790278793593:371:21)
    at  (webpack-internal:///(app-pages-browser)/./node_modules/next/dist/client/app-index.js:15:58)
    at (app-pages-browser)/./node_modules/next/dist/client/app-index.js (http://localhost:3000/_next/static/chunks/main-app.js?v=1790278793593:244:1)
    at options.factory (http://localhost:3000/_next/static/chunks/webpack.js?v=1790278793593:715:31)
    at __webpack_require__ (http://localhost:3000/_next/static/chunks/webpack.js?v=1790278793593:37:33)
    at fn (http://localhost:3000/_next/static/chunks/webpack.js?v=1790278793593:371:21)
    at  (webpack-internal:///(app-pages-browser)/./node_modules/next/dist/client/app-next-dev.js:9:44)
[  239441ms] ReferenceError: USE_CARTO is not defined
    at  (webpack-internal:///(app-pages-browser)/./src/components/LiveTelemetryMap.tsx:58:20)
    at (app-pages-browser)/./src/components/LiveTelemetryMap.tsx (http://localhost:3000/_next/static/chunks/_app-pages-browser_src_components_LiveTelemetryMap_tsx.js:60:1)
    at options.factory (http://localhost:3000/_next/static/chunks/webpack.js?v=1790278793593:715:31)
    at __webpack_require__ (http://localhost:3000/_next/static/chunks/webpack.js?v=1790278793593:37:33)
    at fn (http://localhost:3000/_next/static/chunks/webpack.js?v=1790278793593:371:21)
    at promise callback*LiveTelemetryMap< (webpack-internal:///(app-pages-browser)/./src/app/overview/page.tsx:17:183)
    at Loadable/Lazy< (webpack-internal:///(app-pages-browser)/./node_modules/next/dist/shared/lib/lazy-dynamic/loadable.js:40:58)
    at lazyInitializer (webpack-internal:///(app-pages-browser)/./node_modules/next/dist/compiled/react/cjs/react.development.js:2172:20)
    at mountLazyComponent (webpack-internal:///(app-pages-browser)/./node_modules/next/dist/compiled/react-dom/cjs/react-dom.development.js:16750:23)
    at beginWork$1 (webpack-internal:///(app-pages-browser)/./node_modules/next/dist/compiled/react-dom/cjs/react-dom.development.js:18464:16)
    at beginWork (webpack-internal:///(app-pages-browser)/./node_modules/next/dist/compiled/react-dom/cjs/react-dom.development.js:26927:14)
    at performUnitOfWork (webpack-internal:///(app-pages-browser)/./node_modules/next/dist/compiled/react-dom/cjs/react-dom.development.js:25748:12)
    at workLoopSync (webpack-internal:///(app-pages-browser)/./node_modules/next/dist/compiled/react-dom/cjs/react-dom.development.js:25464:22)
    at renderRootSync (webpack-internal:///(app-pages-browser)/./node_modules/next/dist/compiled/react-dom/cjs/react-dom.development.js:25419:7)
    at performConcurrentWorkOnRoot (webpack-internal:///(app-pages-browser)/./node_modules/next/dist/compiled/react-dom/cjs/react-dom.development.js:24504:74)
    at workLoop (webpack-internal:///(app-pages-browser)/./node_modules/next/dist/compiled/scheduler/cjs/scheduler.development.js:256:42)
    at flushWork (webpack-internal:///(app-pages-browser)/./node_modules/next/dist/compiled/scheduler/cjs/scheduler.development.js:225:14)
    at performWorkUntilDeadline (webpack-internal:///(app-pages-browser)/./node_modules/next/dist/compiled/scheduler/cjs/scheduler.development.js:534:21)
    at EventHandlerNonNull* (webpack-internal:///(app-pages-browser)/./node_modules/next/dist/compiled/scheduler/cjs/scheduler.development.js:569:3)
    at  (webpack-internal:///(app-pages-browser)/./node_modules/next/dist/compiled/scheduler/cjs/scheduler.development.js:630:5)
    at (app-pages-browser)/./node_modules/next/dist/compiled/scheduler/cjs/scheduler.development.js (http://localhost:3000/_next/static/chunks/main-app.js?v=1790278793593:113:1)
    at options.factory (http://localhost:3000/_next/static/chunks/webpack.js?v=1790278793593:715:31)
    at __webpack_require__ (http://localhost:3000/_next/static/chunks/webpack.js?v=1790278793593:37:33)
    at fn (http://localhost:3000/_next/static/chunks/webpack.js?v=1790278793593:371:21)
    at  (webpack-internal:///(app-pages-browser)/./node_modules/next/dist/compiled/scheduler/index.js:4:20)
    at (app-pages-browser)/./node_modules/next/dist/compiled/scheduler/index.js (http://localhost:3000/_next/static/chunks/main-app.js?v=1790278793593:124:1)
    at options.factory (http://localhost:3000/_next/static/chunks/webpack.js?v=1790278793593:715:31)
    at __webpack_require__ (http://localhost:3000/_next/static/chunks/webpack.js?v=1790278793593:37:33)
    at fn (http://localhost:3000/_next/static/chunks/webpack.js?v=1790278793593:371:21)
    at  (webpack-internal:///(app-pages-browser)/./node_modules/next/dist/compiled/react-dom/cjs/react-dom.development.js:27:36)
    at  (webpack-internal:///(app-pages-browser)/./node_modules/next/dist/compiled/react-dom/cjs/react-dom.development.js:38595:5)
    at (app-pages-browser)/./node_modules/next/dist/compiled/react-dom/cjs/react-dom.development.js (http://localhost:3000/_next/static/chunks/main-app.js?v=1790278793593:1847:1)
    at options.factory (http://localhost:3000/_next/static/chunks/webpack.js?v=1790278793593:715:31)
    at __webpack_require__ (http://localhost:3000/_next/static/chunks/webpack.js?v=1790278793593:37:33)
    at fn (http://localhost:3000/_next/static/chunks/webpack.js?v=1790278793593:371:21)
    at  (webpack-internal:///(app-pages-browser)/./node_modules/next/dist/compiled/react-dom/index.js:32:20)
    at (app-pages-browser)/./node_modules/next/dist/compiled/react-dom/index.js (http://localhost:3000/_next/static/chunks/main-app.js?v=1790278793593:1869:1)
    at options.factory (http://localhost:3000/_next/static/chunks/webpack.js?v=1790278793593:715:31)
    at __webpack_require__ (http://localhost:3000/_next/static/chunks/webpack.js?v=1790278793593:37:33)
    at fn (http://localhost:3000/_next/static/chunks/webpack.js?v=1790278793593:371:21)
    at  (webpack-internal:///(app-pages-browser)/./node_modules/next/dist/compiled/react-dom/client.js:3:28)
    at (app-pages-browser)/./node_modules/next/dist/compiled/react-dom/client.js (http://localhost:3000/_next/static/chunks/main-app.js?v=1790278793593:1858:1)
    at options.factory (http://localhost:3000/_next/static/chunks/webpack.js?v=1790278793593:715:31)
    at __webpack_require__ (http://localhost:3000/_next/static/chunks/webpack.js?v=1790278793593:37:33)
    at fn (http://localhost:3000/_next/static/chunks/webpack.js?v=1790278793593:371:21)
    at  (webpack-internal:///(app-pages-browser)/./node_modules/next/dist/client/app-index.js:15:58)
    at (app-pages-browser)/./node_modules/next/dist/client/app-index.js (http://localhost:3000/_next/static/chunks/main-app.js?v=1790278793593:244:1)
    at options.factory (http://localhost:3000/_next/static/chunks/webpack.js?v=1790278793593:715:31)
    at __webpack_require__ (http://localhost:3000/_next/static/chunks/webpack.js?v=1790278793593:37:33)
    at fn (http://localhost:3000/_next/static/chunks/webpack.js?v=1790278793593:371:21)
    at  (webpack-internal:///(app-pages-browser)/./node_modules/next/dist/client/app-next-dev.js:9:44)
[  239441ms] ReferenceError: USE_CARTO is not defined
    at  (webpack-internal:///(app-pages-browser)/./src/components/LiveTelemetryMap.tsx:58:20)
    at (app-pages-browser)/./src/components/LiveTelemetryMap.tsx (http://localhost:3000/_next/static/chunks/_app-pages-browser_src_components_LiveTelemetryMap_tsx.js:60:1)
    at options.factory (http://localhost:3000/_next/static/chunks/webpack.js?v=1790278793593:715:31)
    at __webpack_require__ (http://localhost:3000/_next/static/chunks/webpack.js?v=1790278793593:37:33)
    at fn (http://localhost:3000/_next/static/chunks/webpack.js?v=1790278793593:371:21)
    at promise callback*LiveTelemetryMap< (webpack-internal:///(app-pages-browser)/./src/app/overview/page.tsx:17:183)
    at Loadable/Lazy< (webpack-internal:///(app-pages-browser)/./node_modules/next/dist/shared/lib/lazy-dynamic/loadable.js:40:58)
    at lazyInitializer (webpack-internal:///(app-pages-browser)/./node_modules/next/dist/compiled/react/cjs/react.development.js:2172:20)
    at mountLazyComponent (webpack-internal:///(app-pages-browser)/./node_modules/next/dist/compiled/react-dom/cjs/react-dom.development.js:16750:23)
    at beginWork$1 (webpack-internal:///(app-pages-browser)/./node_modules/next/dist/compiled/react-dom/cjs/react-dom.development.js:18464:16)
    at beginWork (webpack-internal:///(app-pages-browser)/./node_modules/next/dist/compiled/react-dom/cjs/react-dom.development.js:26927:14)
    at performUnitOfWork (webpack-internal:///(app-pages-browser)/./node_modules/next/dist/compiled/react-dom/cjs/react-dom.development.js:25748:12)
    at workLoopSync (webpack-internal:///(app-pages-browser)/./node_modules/next/dist/compiled/react-dom/cjs/react-dom.development.js:25464:22)
    at renderRootSync (webpack-internal:///(app-pages-browser)/./node_modules/next/dist/compiled/react-dom/cjs/react-dom.development.js:25419:7)
    at performConcurrentWorkOnRoot (webpack-internal:///(app-pages-browser)/./node_modules/next/dist/compiled/react-dom/cjs/react-dom.development.js:24504:74)
    at workLoop (webpack-internal:///(app-pages-browser)/./node_modules/next/dist/compiled/scheduler/cjs/scheduler.development.js:256:42)
    at flushWork (webpack-internal:///(app-pages-browser)/./node_modules/next/dist/compiled/scheduler/cjs/scheduler.development.js:225:14)
    at performWorkUntilDeadline (webpack-internal:///(app-pages-browser)/./node_modules/next/dist/compiled/scheduler/cjs/scheduler.development.js:534:21)
    at EventHandlerNonNull* (webpack-internal:///(app-pages-browser)/./node_modules/next/dist/compiled/scheduler/cjs/scheduler.development.js:569:3)
    at  (webpack-internal:///(app-pages-browser)/./node_modules/next/dist/compiled/scheduler/cjs/scheduler.development.js:630:5)
    at (app-pages-browser)/./node_modules/next/dist/compiled/scheduler/cjs/scheduler.development.js (http://localhost:3000/_next/static/chunks/main-app.js?v=1790278793593:113:1)
    at options.factory (http://localhost:3000/_next/static/chunks/webpack.js?v=1790278793593:715:31)
    at __webpack_require__ (http://localhost:3000/_next/static/chunks/webpack.js?v=1790278793593:37:33)
    at fn (http://localhost:3000/_next/static/chunks/webpack.js?v=1790278793593:371:21)
    at  (webpack-internal:///(app-pages-browser)/./node_modules/next/dist/compiled/scheduler/index.js:4:20)
    at (app-pages-browser)/./node_modules/next/dist/compiled/scheduler/index.js (http://localhost:3000/_next/static/chunks/main-app.js?v=1790278793593:124:1)
    at options.factory (http://localhost:3000/_next/static/chunks/webpack.js?v=1790278793593:715:31)
    at __webpack_require__ (http://localhost:3000/_next/static/chunks/webpack.js?v=1790278793593:37:33)
    at fn (http://localhost:3000/_next/static/chunks/webpack.js?v=1790278793593:371:21)
    at  (webpack-internal:///(app-pages-browser)/./node_modules/next/dist/compiled/react-dom/cjs/react-dom.development.js:27:36)
    at  (webpack-internal:///(app-pages-browser)/./node_modules/next/dist/compiled/react-dom/cjs/react-dom.development.js:38595:5)
    at (app-pages-browser)/./node_modules/next/dist/compiled/react-dom/cjs/react-dom.development.js (http://localhost:3000/_next/static/chunks/main-app.js?v=1790278793593:1847:1)
    at options.factory (http://localhost:3000/_next/static/chunks/webpack.js?v=1790278793593:715:31)
    at __webpack_require__ (http://localhost:3000/_next/static/chunks/webpack.js?v=1790278793593:37:33)
    at fn (http://localhost:3000/_next/static/chunks/webpack.js?v=1790278793593:371:21)
    at  (webpack-internal:///(app-pages-browser)/./node_modules/next/dist/compiled/react-dom/index.js:32:20)
    at (app-pages-browser)/./node_modules/next/dist/compiled/react-dom/index.js (http://localhost:3000/_next/static/chunks/main-app.js?v=1790278793593:1869:1)
    at options.factory (http://localhost:3000/_next/static/chunks/webpack.js?v=1790278793593:715:31)
    at __webpack_require__ (http://localhost:3000/_next/static/chunks/webpack.js?v=1790278793593:37:33)
    at fn (http://localhost:3000/_next/static/chunks/webpack.js?v=1790278793593:371:21)
    at  (webpack-internal:///(app-pages-browser)/./node_modules/next/dist/compiled/react-dom/client.js:3:28)
    at (app-pages-browser)/./node_modules/next/dist/compiled/react-dom/client.js (http://localhost:3000/_next/static/chunks/main-app.js?v=1790278793593:1858:1)
    at options.factory (http://localhost:3000/_next/static/chunks/webpack.js?v=1790278793593:715:31)
    at __webpack_require__ (http://localhost:3000/_next/static/chunks/webpack.js?v=1790278793593:37:33)
    at fn (http://localhost:3000/_next/static/chunks/webpack.js?v=1790278793593:371:21)
    at  (webpack-internal:///(app-pages-browser)/./node_modules/next/dist/client/app-index.js:15:58)
    at (app-pages-browser)/./node_modules/next/dist/client/app-index.js (http://localhost:3000/_next/static/chunks/main-app.js?v=1790278793593:244:1)
    at options.factory (http://localhost:3000/_next/static/chunks/webpack.js?v=1790278793593:715:31)
    at __webpack_require__ (http://localhost:3000/_next/static/chunks/webpack.js?v=1790278793593:37:33)
    at fn (http://localhost:3000/_next/static/chunks/webpack.js?v=1790278793593:371:21)
    at  (webpack-internal:///(app-pages-browser)/./node_modules/next/dist/client/app-next-dev.js:9:44)
[  239441ms] ReferenceError: USE_CARTO is not defined
    at  (webpack-internal:///(app-pages-browser)/./src/components/LiveTelemetryMap.tsx:58:20)
    at (app-pages-browser)/./src/components/LiveTelemetryMap.tsx (http://localhost:3000/_next/static/chunks/_app-pages-browser_src_components_LiveTelemetryMap_tsx.js:60:1)
    at options.factory (http://localhost:3000/_next/static/chunks/webpack.js?v=1790278793593:715:31)
    at __webpack_require__ (http://localhost:3000/_next/static/chunks/webpack.js?v=1790278793593:37:33)
    at fn (http://localhost:3000/_next/static/chunks/webpack.js?v=1790278793593:371:21)
    at promise callback*LiveTelemetryMap< (webpack-internal:///(app-pages-browser)/./src/app/overview/page.tsx:17:183)
    at Loadable/Lazy< (webpack-internal:///(app-pages-browser)/./node_modules/next/dist/shared/lib/lazy-dynamic/loadable.js:40:58)
    at lazyInitializer (webpack-internal:///(app-pages-browser)/./node_modules/next/dist/compiled/react/cjs/react.development.js:2172:20)
    at mountLazyComponent (webpack-internal:///(app-pages-browser)/./node_modules/next/dist/compiled/react-dom/cjs/react-dom.development.js:16750:23)
    at beginWork$1 (webpack-internal:///(app-pages-browser)/./node_modules/next/dist/compiled/react-dom/cjs/react-dom.development.js:18464:16)
    at beginWork (webpack-internal:///(app-pages-browser)/./node_modules/next/dist/compiled/react-dom/cjs/react-dom.development.js:26927:14)
    at performUnitOfWork (webpack-internal:///(app-pages-browser)/./node_modules/next/dist/compiled/react-dom/cjs/react-dom.development.js:25748:12)
    at workLoopSync (webpack-internal:///(app-pages-browser)/./node_modules/next/dist/compiled/react-dom/cjs/react-dom.development.js:25464:22)
    at renderRootSync (webpack-internal:///(app-pages-browser)/./node_modules/next/dist/compiled/react-dom/cjs/react-dom.development.js:25419:7)
    at performConcurrentWorkOnRoot (webpack-internal:///(app-pages-browser)/./node_modules/next/dist/compiled/react-dom/cjs/react-dom.development.js:24504:74)
    at workLoop (webpack-internal:///(app-pages-browser)/./node_modules/next/dist/compiled/scheduler/cjs/scheduler.development.js:256:42)
    at flushWork (webpack-internal:///(app-pages-browser)/./node_modules/next/dist/compiled/scheduler/cjs/scheduler.development.js:225:14)
    at performWorkUntilDeadline (webpack-internal:///(app-pages-browser)/./node_modules/next/dist/compiled/scheduler/cjs/scheduler.development.js:534:21)
    at EventHandlerNonNull* (webpack-internal:///(app-pages-browser)/./node_modules/next/dist/compiled/scheduler/cjs/scheduler.development.js:569:3)
    at  (webpack-internal:///(app-pages-browser)/./node_modules/next/dist/compiled/scheduler/cjs/scheduler.development.js:630:5)
    at (app-pages-browser)/./node_modules/next/dist/compiled/scheduler/cjs/scheduler.development.js (http://localhost:3000/_next/static/chunks/main-app.js?v=1790278793593:113:1)
    at options.factory (http://localhost:3000/_next/static/chunks/webpack.js?v=1790278793593:715:31)
    at __webpack_require__ (http://localhost:3000/_next/static/chunks/webpack.js?v=1790278793593:37:33)
    at fn (http://localhost:3000/_next/static/chunks/webpack.js?v=1790278793593:371:21)
    at  (webpack-internal:///(app-pages-browser)/./node_modules/next/dist/compiled/scheduler/index.js:4:20)
    at (app-pages-browser)/./node_modules/next/dist/compiled/scheduler/index.js (http://localhost:3000/_next/static/chunks/main-app.js?v=1790278793593:124:1)
    at options.factory (http://localhost:3000/_next/static/chunks/webpack.js?v=1790278793593:715:31)
    at __webpack_require__ (http://localhost:3000/_next/static/chunks/webpack.js?v=1790278793593:37:33)
    at fn (http://localhost:3000/_next/static/chunks/webpack.js?v=1790278793593:371:21)
    at  (webpack-internal:///(app-pages-browser)/./node_modules/next/dist/compiled/react-dom/cjs/react-dom.development.js:27:36)
    at  (webpack-internal:///(app-pages-browser)/./node_modules/next/dist/compiled/react-dom/cjs/react-dom.development.js:38595:5)
    at (app-pages-browser)/./node_modules/next/dist/compiled/react-dom/cjs/react-dom.development.js (http://localhost:3000/_next/static/chunks/main-app.js?v=1790278793593:1847:1)
    at options.factory (http://localhost:3000/_next/static/chunks/webpack.js?v=1790278793593:715:31)
    at __webpack_require__ (http://localhost:3000/_next/static/chunks/webpack.js?v=1790278793593:37:33)
    at fn (http://localhost:3000/_next/static/chunks/webpack.js?v=1790278793593:371:21)
    at  (webpack-internal:///(app-pages-browser)/./node_modules/next/dist/compiled/react-dom/index.js:32:20)
    at (app-pages-browser)/./node_modules/next/dist/compiled/react-dom/index.js (http://localhost:3000/_next/static/chunks/main-app.js?v=1790278793593:1869:1)
    at options.factory (http://localhost:3000/_next/static/chunks/webpack.js?v=1790278793593:715:31)
    at __webpack_require__ (http://localhost:3000/_next/static/chunks/webpack.js?v=1790278793593:37:33)
    at fn (http://localhost:3000/_next/static/chunks/webpack.js?v=1790278793593:371:21)
    at  (webpack-internal:///(app-pages-browser)/./node_modules/next/dist/compiled/react-dom/client.js:3:28)
    at (app-pages-browser)/./node_modules/next/dist/compiled/react-dom/client.js (http://localhost:3000/_next/static/chunks/main-app.js?v=1790278793593:1858:1)
    at options.factory (http://localhost:3000/_next/static/chunks/webpack.js?v=1790278793593:715:31)
    at __webpack_require__ (http://localhost:3000/_next/static/chunks/webpack.js?v=1790278793593:37:33)
    at fn (http://localhost:3000/_next/static/chunks/webpack.js?v=1790278793593:371:21)
    at  (webpack-internal:///(app-pages-browser)/./node_modules/next/dist/client/app-index.js:15:58)
    at (app-pages-browser)/./node_modules/next/dist/client/app-index.js (http://localhost:3000/_next/static/chunks/main-app.js?v=1790278793593:244:1)
    at options.factory (http://localhost:3000/_next/static/chunks/webpack.js?v=1790278793593:715:31)
    at __webpack_require__ (http://localhost:3000/_next/static/chunks/webpack.js?v=1790278793593:37:33)
    at fn (http://localhost:3000/_next/static/chunks/webpack.js?v=1790278793593:371:21)
    at  (webpack-internal:///(app-pages-browser)/./node_modules/next/dist/client/app-next-dev.js:9:44)
[  239442ms] ReferenceError: USE_CARTO is not defined
    at  (webpack-internal:///(app-pages-browser)/./src/components/LiveTelemetryMap.tsx:58:20)
    at (app-pages-browser)/./src/components/LiveTelemetryMap.tsx (http://localhost:3000/_next/static/chunks/_app-pages-browser_src_components_LiveTelemetryMap_tsx.js:60:1)
    at options.factory (http://localhost:3000/_next/static/chunks/webpack.js?v=1790278793593:715:31)
    at __webpack_require__ (http://localhost:3000/_next/static/chunks/webpack.js?v=1790278793593:37:33)
    at fn (http://localhost:3000/_next/static/chunks/webpack.js?v=1790278793593:371:21)
    at promise callback*LiveTelemetryMap< (webpack-internal:///(app-pages-browser)/./src/app/overview/page.tsx:17:183)
    at Loadable/Lazy< (webpack-internal:///(app-pages-browser)/./node_modules/next/dist/shared/lib/lazy-dynamic/loadable.js:40:58)
    at lazyInitializer (webpack-internal:///(app-pages-browser)/./node_modules/next/dist/compiled/react/cjs/react.development.js:2172:20)
    at mountLazyComponent (webpack-internal:///(app-pages-browser)/./node_modules/next/dist/compiled/react-dom/cjs/react-dom.development.js:16750:23)
    at beginWork$1 (webpack-internal:///(app-pages-browser)/./node_modules/next/dist/compiled/react-dom/cjs/react-dom.development.js:18464:16)
    at beginWork (webpack-internal:///(app-pages-browser)/./node_modules/next/dist/compiled/react-dom/cjs/react-dom.development.js:26927:14)
    at performUnitOfWork (webpack-internal:///(app-pages-browser)/./node_modules/next/dist/compiled/react-dom/cjs/react-dom.development.js:25748:12)
    at workLoopSync (webpack-internal:///(app-pages-browser)/./node_modules/next/dist/compiled/react-dom/cjs/react-dom.development.js:25464:22)
    at renderRootSync (webpack-internal:///(app-pages-browser)/./node_modules/next/dist/compiled/react-dom/cjs/react-dom.development.js:25419:7)
    at performConcurrentWorkOnRoot (webpack-internal:///(app-pages-browser)/./node_modules/next/dist/compiled/react-dom/cjs/react-dom.development.js:24504:74)
    at workLoop (webpack-internal:///(app-pages-browser)/./node_modules/next/dist/compiled/scheduler/cjs/scheduler.development.js:256:42)
    at flushWork (webpack-internal:///(app-pages-browser)/./node_modules/next/dist/compiled/scheduler/cjs/scheduler.development.js:225:14)
    at performWorkUntilDeadline (webpack-internal:///(app-pages-browser)/./node_modules/next/dist/compiled/scheduler/cjs/scheduler.development.js:534:21)
    at EventHandlerNonNull* (webpack-internal:///(app-pages-browser)/./node_modules/next/dist/compiled/scheduler/cjs/scheduler.development.js:569:3)
    at  (webpack-internal:///(app-pages-browser)/./node_modules/next/dist/compiled/scheduler/cjs/scheduler.development.js:630:5)
    at (app-pages-browser)/./node_modules/next/dist/compiled/scheduler/cjs/scheduler.development.js (http://localhost:3000/_next/static/chunks/main-app.js?v=1790278793593:113:1)
    at options.factory (http://localhost:3000/_next/static/chunks/webpack.js?v=1790278793593:715:31)
    at __webpack_require__ (http://localhost:3000/_next/static/chunks/webpack.js?v=1790278793593:37:33)
    at fn (http://localhost:3000/_next/static/chunks/webpack.js?v=1790278793593:371:21)
    at  (webpack-internal:///(app-pages-browser)/./node_modules/next/dist/compiled/scheduler/index.js:4:20)
    at (app-pages-browser)/./node_modules/next/dist/compiled/scheduler/index.js (http://localhost:3000/_next/static/chunks/main-app.js?v=1790278793593:124:1)
    at options.factory (http://localhost:3000/_next/static/chunks/webpack.js?v=1790278793593:715:31)
    at __webpack_require__ (http://localhost:3000/_next/static/chunks/webpack.js?v=1790278793593:37:33)
    at fn (http://localhost:3000/_next/static/chunks/webpack.js?v=1790278793593:371:21)
    at  (webpack-internal:///(app-pages-browser)/./node_modules/next/dist/compiled/react-dom/cjs/react-dom.development.js:27:36)
    at  (webpack-internal:///(app-pages-browser)/./node_modules/next/dist/compiled/react-dom/cjs/react-dom.development.js:38595:5)
    at (app-pages-browser)/./node_modules/next/dist/compiled/react-dom/cjs/react-dom.development.js (http://localhost:3000/_next/static/chunks/main-app.js?v=1790278793593:1847:1)
    at options.factory (http://localhost:3000/_next/static/chunks/webpack.js?v=1790278793593:715:31)
    at __webpack_require__ (http://localhost:3000/_next/static/chunks/webpack.js?v=1790278793593:37:33)
    at fn (http://localhost:3000/_next/static/chunks/webpack.js?v=1790278793593:371:21)
    at  (webpack-internal:///(app-pages-browser)/./node_modules/next/dist/compiled/react-dom/index.js:32:20)
    at (app-pages-browser)/./node_modules/next/dist/compiled/react-dom/index.js (http://localhost:3000/_next/static/chunks/main-app.js?v=1790278793593:1869:1)
    at options.factory (http://localhost:3000/_next/static/chunks/webpack.js?v=1790278793593:715:31)
    at __webpack_require__ (http://localhost:3000/_next/static/chunks/webpack.js?v=1790278793593:37:33)
    at fn (http://localhost:3000/_next/static/chunks/webpack.js?v=1790278793593:371:21)
    at  (webpack-internal:///(app-pages-browser)/./node_modules/next/dist/compiled/react-dom/client.js:3:28)
    at (app-pages-browser)/./node_modules/next/dist/compiled/react-dom/client.js (http://localhost:3000/_next/static/chunks/main-app.js?v=1790278793593:1858:1)
    at options.factory (http://localhost:3000/_next/static/chunks/webpack.js?v=1790278793593:715:31)
    at __webpack_require__ (http://localhost:3000/_next/static/chunks/webpack.js?v=1790278793593:37:33)
    at fn (http://localhost:3000/_next/static/chunks/webpack.js?v=1790278793593:371:21)
    at  (webpack-internal:///(app-pages-browser)/./node_modules/next/dist/client/app-index.js:15:58)
    at (app-pages-browser)/./node_modules/next/dist/client/app-index.js (http://localhost:3000/_next/static/chunks/main-app.js?v=1790278793593:244:1)
    at options.factory (http://localhost:3000/_next/static/chunks/webpack.js?v=1790278793593:715:31)
    at __webpack_require__ (http://localhost:3000/_next/static/chunks/webpack.js?v=1790278793593:37:33)
    at fn (http://localhost:3000/_next/static/chunks/webpack.js?v=1790278793593:371:21)
    at  (webpack-internal:///(app-pages-browser)/./node_modules/next/dist/client/app-next-dev.js:9:44)
[  239449ms] [ERROR] The above error occurred in the <NotFoundErrorBoundary> component:

Lazy
BailoutToCSR@webpack-internal:///(app-pages-browser)/./node_modules/next/dist/shared/lib/lazy-dynamic/dynamic-bailout-to-csr.js:13:32
Suspense
LoadableComponent
section
main
OverviewPage@webpack-internal:///(app-pages-browser)/./src/app/overview/page.tsx:52:86
ClientPageRoot@webpack-internal:///(app-pages-browser)/./node_modules/next/dist/client/components/client-page.js:14:32
InnerLayoutRouter@webpack-internal:///(app-pages-browser)/./node_modules/next/dist/client/components/layout-router.js:244:18
RedirectErrorBoundary@webpack-internal:///(app-pages-browser)/./node_modules/next/dist/client/components/redirect-boundary.js:74:9
RedirectBoundary@webpack-internal:///(app-pages-browser)/./node_modules/next/dist/client/components/redirect-boundary.js:82:24
NotFoundBoundary@webpack-internal:///(app-pages-browser)/./node_modules/next/dist/client/components/not-found-boundary.js:84:62
LoadingBoundary@webpack-internal:///(app-pages-browser)/./node_modules/next/dist/client/components/layout-router.js:349:76
ErrorBoundary@webpack-internal:///(app-pages-browser)/./node_modules/next/dist/client/components/error-boundary.js:160:67
InnerScrollAndFocusHandler@webpack-internal:///(app-pages-browser)/./node_modules/next/dist/client/components/layout-router.js:153:9
ScrollAndFocusHandler@webpack-internal:///(app-pages-browser)/./node_modules/next/dist/client/components/layout-router.js:228:37
RenderFromTemplateContext@webpack-internal:///(app-pages-browser)/./node_modules/next/dist/client/components/render-from-template-context.js:16:44
OuterLayoutRouter@webpack-internal:///(app-pages-browser)/./node_modules/next/dist/client/components/layout-router.js:370:149
InnerLayoutRouter@webpack-internal:///(app-pages-browser)/./node_modules/next/dist/client/components/layout-router.js:244:18
RedirectErrorBoundary@webpack-internal:///(app-pages-browser)/./node_modules/next/dist/client/components/redirect-boundary.js:74:9
RedirectBoundary@webpack-internal:///(app-pages-browser)/./node_modules/next/dist/client/components/redirect-boundary.js:82:24
NotFoundErrorBoundary@webpack-internal:///(app-pages-browser)/./node_modules/next/dist/client/components/not-found-boundary.js:76:9
NotFoundBoundary@webpack-internal:///(app-pages-browser)/./node_modules/next/dist/client/components/not-found-boundary.js:84:62
LoadingBoundary@webpack-internal:///(app-pages-browser)/./node_modules/next/dist/client/components/layout-router.js:349:76
ErrorBoundary@webpack-internal:///(app-pages-browser)/./node_modules/next/dist/client/components/error-boundary.js:160:67
InnerScrollAndFocusHandler@webpack-internal:///(app-pages-browser)/./node_modules/next/dist/client/components/layout-router.js:153:9
ScrollAndFocusHandler@webpack-internal:///(app-pages-browser)/./node_modules/next/dist/client/components/layout-router.js:228:37
RenderFromTemplateContext@webpack-internal:///(app-pages-browser)/./node_modules/next/dist/client/components/render-from-template-context.js:16:44
OuterLayoutRouter@webpack-internal:///(app-pages-browser)/./node_modules/next/dist/client/components/layout-router.js:370:149
body
html
RootLayout (Server)
RedirectErrorBoundary@webpack-internal:///(app-pages-browser)/./node_modules/next/dist/client/components/redirect-boundary.js:74:9
RedirectBoundary@webpack-internal:///(app-pages-browser)/./node_modules/next/dist/client/components/redirect-boundary.js:82:24
NotFoundErrorBoundary@webpack-internal:///(app-pages-browser)/./node_modules/next/dist/client/components/not-found-boundary.js:76:9
NotFoundBoundary@webpack-internal:///(app-pages-browser)/./node_modules/next/dist/client/components/not-found-boundary.js:84:62
DevRootNotFoundBoundary@webpack-internal:///(app-pages-browser)/./node_modules/next/dist/client/components/dev-root-not-found-boundary.js:33:24
ReactDevOverlay@webpack-internal:///(app-pages-browser)/./node_modules/next/dist/client/components/react-dev-overlay/app/ReactDevOverlay.js:87:9
HotReload@webpack-internal:///(app-pages-browser)/./node_modules/next/dist/client/components/react-dev-overlay/app/hot-reloader-client.js:321:37
Router@webpack-internal:///(app-pages-browser)/./node_modules/next/dist/client/components/app-router.js:207:123
ErrorBoundaryHandler@webpack-internal:///(app-pages-browser)/./node_modules/next/dist/client/components/error-boundary.js:113:9
ErrorBoundary@webpack-internal:///(app-pages-browser)/./node_modules/next/dist/client/components/error-boundary.js:160:67
AppRouter@webpack-internal:///(app-pages-browser)/./node_modules/next/dist/client/components/app-router.js:585:47
ServerRoot@webpack-internal:///(app-pages-browser)/./node_modules/next/dist/client/app-index.js:112:27
Root@webpack-internal:///(app-pages-browser)/./node_modules/next/dist/client/app-index.js:117:24

React will try to recreate this component tree from scratch using the error boundary you provided, ReactDevOverlay. @ webpack-internal:///(app-pages-browser)/./node_modules/next/dist/client/app-index.js:32
[  239463ms] ReferenceError: USE_CARTO is not defined
    at  (webpack-internal:///(app-pages-browser)/./src/components/LiveTelemetryMap.tsx:58:20)
    at (app-pages-browser)/./src/components/LiveTelemetryMap.tsx (http://localhost:3000/_next/static/chunks/_app-pages-browser_src_components_LiveTelemetryMap_tsx.js:60:1)
    at options.factory (http://localhost:3000/_next/static/chunks/webpack.js?v=1790278793593:715:31)
    at __webpack_require__ (http://localhost:3000/_next/static/chunks/webpack.js?v=1790278793593:37:33)
    at fn (http://localhost:3000/_next/static/chunks/webpack.js?v=1790278793593:371:21)
    at promise callback*LiveTelemetryMap< (webpack-internal:///(app-pages-browser)/./src/app/overview/page.tsx:17:183)
    at Loadable/Lazy< (webpack-internal:///(app-pages-browser)/./node_modules/next/dist/shared/lib/lazy-dynamic/loadable.js:40:58)
    at lazyInitializer (webpack-internal:///(app-pages-browser)/./node_modules/next/dist/compiled/react/cjs/react.development.js:2172:20)
    at mountLazyComponent (webpack-internal:///(app-pages-browser)/./node_modules/next/dist/compiled/react-dom/cjs/react-dom.development.js:16750:23)
    at beginWork$1 (webpack-internal:///(app-pages-browser)/./node_modules/next/dist/compiled/react-dom/cjs/react-dom.development.js:18464:16)
    at beginWork (webpack-internal:///(app-pages-browser)/./node_modules/next/dist/compiled/react-dom/cjs/react-dom.development.js:26927:14)
    at performUnitOfWork (webpack-internal:///(app-pages-browser)/./node_modules/next/dist/compiled/react-dom/cjs/react-dom.development.js:25748:12)
    at workLoopSync (webpack-internal:///(app-pages-browser)/./node_modules/next/dist/compiled/react-dom/cjs/react-dom.development.js:25464:22)
    at renderRootSync (webpack-internal:///(app-pages-browser)/./node_modules/next/dist/compiled/react-dom/cjs/react-dom.development.js:25419:7)
    at performConcurrentWorkOnRoot (webpack-internal:///(app-pages-browser)/./node_modules/next/dist/compiled/react-dom/cjs/react-dom.development.js:24504:74)
    at workLoop (webpack-internal:///(app-pages-browser)/./node_modules/next/dist/compiled/scheduler/cjs/scheduler.development.js:256:42)
    at flushWork (webpack-internal:///(app-pages-browser)/./node_modules/next/dist/compiled/scheduler/cjs/scheduler.development.js:225:14)
    at performWorkUntilDeadline (webpack-internal:///(app-pages-browser)/./node_modules/next/dist/compiled/scheduler/cjs/scheduler.development.js:534:21)
    at EventHandlerNonNull* (webpack-internal:///(app-pages-browser)/./node_modules/next/dist/compiled/scheduler/cjs/scheduler.development.js:569:3)
    at  (webpack-internal:///(app-pages-browser)/./node_modules/next/dist/compiled/scheduler/cjs/scheduler.development.js:630:5)
    at (app-pages-browser)/./node_modules/next/dist/compiled/scheduler/cjs/scheduler.development.js (http://localhost:3000/_next/static/chunks/main-app.js?v=1790278793593:113:1)
    at options.factory (http://localhost:3000/_next/static/chunks/webpack.js?v=1790278793593:715:31)
    at __webpack_require__ (http://localhost:3000/_next/static/chunks/webpack.js?v=1790278793593:37:33)
    at fn (http://localhost:3000/_next/static/chunks/webpack.js?v=1790278793593:371:21)
    at  (webpack-internal:///(app-pages-browser)/./node_modules/next/dist/compiled/scheduler/index.js:4:20)
    at (app-pages-browser)/./node_modules/next/dist/compiled/scheduler/index.js (http://localhost:3000/_next/static/chunks/main-app.js?v=1790278793593:124:1)
    at options.factory (http://localhost:3000/_next/static/chunks/webpack.js?v=1790278793593:715:31)
    at __webpack_require__ (http://localhost:3000/_next/static/chunks/webpack.js?v=1790278793593:37:33)
    at fn (http://localhost:3000/_next/static/chunks/webpack.js?v=1790278793593:371:21)
    at  (webpack-internal:///(app-pages-browser)/./node_modules/next/dist/compiled/react-dom/cjs/react-dom.development.js:27:36)
    at  (webpack-internal:///(app-pages-browser)/./node_modules/next/dist/compiled/react-dom/cjs/react-dom.development.js:38595:5)
    at (app-pages-browser)/./node_modules/next/dist/compiled/react-dom/cjs/react-dom.development.js (http://localhost:3000/_next/static/chunks/main-app.js?v=1790278793593:1847:1)
    at options.factory (http://localhost:3000/_next/static/chunks/webpack.js?v=1790278793593:715:31)
    at __webpack_require__ (http://localhost:3000/_next/static/chunks/webpack.js?v=1790278793593:37:33)
    at fn (http://localhost:3000/_next/static/chunks/webpack.js?v=1790278793593:371:21)
    at  (webpack-internal:///(app-pages-browser)/./node_modules/next/dist/compiled/react-dom/index.js:32:20)
    at (app-pages-browser)/./node_modules/next/dist/compiled/react-dom/index.js (http://localhost:3000/_next/static/chunks/main-app.js?v=1790278793593:1869:1)
    at options.factory (http://localhost:3000/_next/static/chunks/webpack.js?v=1790278793593:715:31)
    at __webpack_require__ (http://localhost:3000/_next/static/chunks/webpack.js?v=1790278793593:37:33)
    at fn (http://localhost:3000/_next/static/chunks/webpack.js?v=1790278793593:371:21)
    at  (webpack-internal:///(app-pages-browser)/./node_modules/next/dist/compiled/react-dom/client.js:3:28)
    at (app-pages-browser)/./node_modules/next/dist/compiled/react-dom/client.js (http://localhost:3000/_next/static/chunks/main-app.js?v=1790278793593:1858:1)
    at options.factory (http://localhost:3000/_next/static/chunks/webpack.js?v=1790278793593:715:31)
    at __webpack_require__ (http://localhost:3000/_next/static/chunks/webpack.js?v=1790278793593:37:33)
    at fn (http://localhost:3000/_next/static/chunks/webpack.js?v=1790278793593:371:21)
    at  (webpack-internal:///(app-pages-browser)/./node_modules/next/dist/client/app-index.js:15:58)
    at (app-pages-browser)/./node_modules/next/dist/client/app-index.js (http://localhost:3000/_next/static/chunks/main-app.js?v=1790278793593:244:1)
    at options.factory (http://localhost:3000/_next/static/chunks/webpack.js?v=1790278793593:715:31)
    at __webpack_require__ (http://localhost:3000/_next/static/chunks/webpack.js?v=1790278793593:37:33)
    at fn (http://localhost:3000/_next/static/chunks/webpack.js?v=1790278793593:371:21)
    at  (webpack-internal:///(app-pages-browser)/./node_modules/next/dist/client/app-next-dev.js:9:44)
[  239463ms] ReferenceError: USE_CARTO is not defined
    at  (webpack-internal:///(app-pages-browser)/./src/components/LiveTelemetryMap.tsx:58:20)
    at (app-pages-browser)/./src/components/LiveTelemetryMap.tsx (http://localhost:3000/_next/static/chunks/_app-pages-browser_src_components_LiveTelemetryMap_tsx.js:60:1)
    at options.factory (http://localhost:3000/_next/static/chunks/webpack.js?v=1790278793593:715:31)
    at __webpack_require__ (http://localhost:3000/_next/static/chunks/webpack.js?v=1790278793593:37:33)
    at fn (http://localhost:3000/_next/static/chunks/webpack.js?v=1790278793593:371:21)
    at promise callback*LiveTelemetryMap< (webpack-internal:///(app-pages-browser)/./src/app/overview/page.tsx:17:183)
    at Loadable/Lazy< (webpack-internal:///(app-pages-browser)/./node_modules/next/dist/shared/lib/lazy-dynamic/loadable.js:40:58)
    at lazyInitializer (webpack-internal:///(app-pages-browser)/./node_modules/next/dist/compiled/react/cjs/react.development.js:2172:20)
    at mountLazyComponent (webpack-internal:///(app-pages-browser)/./node_modules/next/dist/compiled/react-dom/cjs/react-dom.development.js:16750:23)
    at beginWork$1 (webpack-internal:///(app-pages-browser)/./node_modules/next/dist/compiled/react-dom/cjs/react-dom.development.js:18464:16)
    at beginWork (webpack-internal:///(app-pages-browser)/./node_modules/next/dist/compiled/react-dom/cjs/react-dom.development.js:26927:14)
    at performUnitOfWork (webpack-internal:///(app-pages-browser)/./node_modules/next/dist/compiled/react-dom/cjs/react-dom.development.js:25748:12)
    at workLoopSync (webpack-internal:///(app-pages-browser)/./node_modules/next/dist/compiled/react-dom/cjs/react-dom.development.js:25464:22)
    at renderRootSync (webpack-internal:///(app-pages-browser)/./node_modules/next/dist/compiled/react-dom/cjs/react-dom.development.js:25419:7)
    at performConcurrentWorkOnRoot (webpack-internal:///(app-pages-browser)/./node_modules/next/dist/compiled/react-dom/cjs/react-dom.development.js:24504:74)
    at workLoop (webpack-internal:///(app-pages-browser)/./node_modules/next/dist/compiled/scheduler/cjs/scheduler.development.js:256:42)
    at flushWork (webpack-internal:///(app-pages-browser)/./node_modules/next/dist/compiled/scheduler/cjs/scheduler.development.js:225:14)
    at performWorkUntilDeadline (webpack-internal:///(app-pages-browser)/./node_modules/next/dist/compiled/scheduler/cjs/scheduler.development.js:534:21)
    at EventHandlerNonNull* (webpack-internal:///(app-pages-browser)/./node_modules/next/dist/compiled/scheduler/cjs/scheduler.development.js:569:3)
    at  (webpack-internal:///(app-pages-browser)/./node_modules/next/dist/compiled/scheduler/cjs/scheduler.development.js:630:5)
    at (app-pages-browser)/./node_modules/next/dist/compiled/scheduler/cjs/scheduler.development.js (http://localhost:3000/_next/static/chunks/main-app.js?v=1790278793593:113:1)
    at options.factory (http://localhost:3000/_next/static/chunks/webpack.js?v=1790278793593:715:31)
    at __webpack_require__ (http://localhost:3000/_next/static/chunks/webpack.js?v=1790278793593:37:33)
    at fn (http://localhost:3000/_next/static/chunks/webpack.js?v=1790278793593:371:21)
    at  (webpack-internal:///(app-pages-browser)/./node_modules/next/dist/compiled/scheduler/index.js:4:20)
    at (app-pages-browser)/./node_modules/next/dist/compiled/scheduler/index.js (http://localhost:3000/_next/static/chunks/main-app.js?v=1790278793593:124:1)
    at options.factory (http://localhost:3000/_next/static/chunks/webpack.js?v=1790278793593:715:31)
    at __webpack_require__ (http://localhost:3000/_next/static/chunks/webpack.js?v=1790278793593:37:33)
    at fn (http://localhost:3000/_next/static/chunks/webpack.js?v=1790278793593:371:21)
    at  (webpack-internal:///(app-pages-browser)/./node_modules/next/dist/compiled/react-dom/cjs/react-dom.development.js:27:36)
    at  (webpack-internal:///(app-pages-browser)/./node_modules/next/dist/compiled/react-dom/cjs/react-dom.development.js:38595:5)
    at (app-pages-browser)/./node_modules/next/dist/compiled/react-dom/cjs/react-dom.development.js (http://localhost:3000/_next/static/chunks/main-app.js?v=1790278793593:1847:1)
    at options.factory (http://localhost:3000/_next/static/chunks/webpack.js?v=1790278793593:715:31)
    at __webpack_require__ (http://localhost:3000/_next/static/chunks/webpack.js?v=1790278793593:37:33)
    at fn (http://localhost:3000/_next/static/chunks/webpack.js?v=1790278793593:371:21)
    at  (webpack-internal:///(app-pages-browser)/./node_modules/next/dist/compiled/react-dom/index.js:32:20)
    at (app-pages-browser)/./node_modules/next/dist/compiled/react-dom/index.js (http://localhost:3000/_next/static/chunks/main-app.js?v=1790278793593:1869:1)
    at options.factory (http://localhost:3000/_next/static/chunks/webpack.js?v=1790278793593:715:31)
    at __webpack_require__ (http://localhost:3000/_next/static/chunks/webpack.js?v=1790278793593:37:33)
    at fn (http://localhost:3000/_next/static/chunks/webpack.js?v=1790278793593:371:21)
    at  (webpack-internal:///(app-pages-browser)/./node_modules/next/dist/compiled/react-dom/client.js:3:28)
    at (app-pages-browser)/./node_modules/next/dist/compiled/react-dom/client.js (http://localhost:3000/_next/static/chunks/main-app.js?v=1790278793593:1858:1)
    at options.factory (http://localhost:3000/_next/static/chunks/webpack.js?v=1790278793593:715:31)
    at __webpack_require__ (http://localhost:3000/_next/static/chunks/webpack.js?v=1790278793593:37:33)
    at fn (http://localhost:3000/_next/static/chunks/webpack.js?v=1790278793593:371:21)
    at  (webpack-internal:///(app-pages-browser)/./node_modules/next/dist/client/app-index.js:15:58)
    at (app-pages-browser)/./node_modules/next/dist/client/app-index.js (http://localhost:3000/_next/static/chunks/main-app.js?v=1790278793593:244:1)
    at options.factory (http://localhost:3000/_next/static/chunks/webpack.js?v=1790278793593:715:31)
    at __webpack_require__ (http://localhost:3000/_next/static/chunks/webpack.js?v=1790278793593:37:33)
    at fn (http://localhost:3000/_next/static/chunks/webpack.js?v=1790278793593:371:21)
    at  (webpack-internal:///(app-pages-browser)/./node_modules/next/dist/client/app-next-dev.js:9:44)
[  239464ms] ReferenceError: USE_CARTO is not defined
    at  (webpack-internal:///(app-pages-browser)/./src/components/LiveTelemetryMap.tsx:58:20)
    at (app-pages-browser)/./src/components/LiveTelemetryMap.tsx (http://localhost:3000/_next/static/chunks/_app-pages-browser_src_components_LiveTelemetryMap_tsx.js:60:1)
    at options.factory (http://localhost:3000/_next/static/chunks/webpack.js?v=1790278793593:715:31)
    at __webpack_require__ (http://localhost:3000/_next/static/chunks/webpack.js?v=1790278793593:37:33)
    at fn (http://localhost:3000/_next/static/chunks/webpack.js?v=1790278793593:371:21)
    at promise callback*LiveTelemetryMap< (webpack-internal:///(app-pages-browser)/./src/app/overview/page.tsx:17:183)
    at Loadable/Lazy< (webpack-internal:///(app-pages-browser)/./node_modules/next/dist/shared/lib/lazy-dynamic/loadable.js:40:58)
    at lazyInitializer (webpack-internal:///(app-pages-browser)/./node_modules/next/dist/compiled/react/cjs/react.development.js:2172:20)
    at mountLazyComponent (webpack-internal:///(app-pages-browser)/./node_modules/next/dist/compiled/react-dom/cjs/react-dom.development.js:16750:23)
    at beginWork$1 (webpack-internal:///(app-pages-browser)/./node_modules/next/dist/compiled/react-dom/cjs/react-dom.development.js:18464:16)
    at beginWork (webpack-internal:///(app-pages-browser)/./node_modules/next/dist/compiled/react-dom/cjs/react-dom.development.js:26927:14)
    at performUnitOfWork (webpack-internal:///(app-pages-browser)/./node_modules/next/dist/compiled/react-dom/cjs/react-dom.development.js:25748:12)
    at workLoopSync (webpack-internal:///(app-pages-browser)/./node_modules/next/dist/compiled/react-dom/cjs/react-dom.development.js:25464:22)
    at renderRootSync (webpack-internal:///(app-pages-browser)/./node_modules/next/dist/compiled/react-dom/cjs/react-dom.development.js:25419:7)
    at performConcurrentWorkOnRoot (webpack-internal:///(app-pages-browser)/./node_modules/next/dist/compiled/react-dom/cjs/react-dom.development.js:24504:74)
    at workLoop (webpack-internal:///(app-pages-browser)/./node_modules/next/dist/compiled/scheduler/cjs/scheduler.development.js:256:42)
    at flushWork (webpack-internal:///(app-pages-browser)/./node_modules/next/dist/compiled/scheduler/cjs/scheduler.development.js:225:14)
    at performWorkUntilDeadline (webpack-internal:///(app-pages-browser)/./node_modules/next/dist/compiled/scheduler/cjs/scheduler.development.js:534:21)
    at EventHandlerNonNull* (webpack-internal:///(app-pages-browser)/./node_modules/next/dist/compiled/scheduler/cjs/scheduler.development.js:569:3)
    at  (webpack-internal:///(app-pages-browser)/./node_modules/next/dist/compiled/scheduler/cjs/scheduler.development.js:630:5)
    at (app-pages-browser)/./node_modules/next/dist/compiled/scheduler/cjs/scheduler.development.js (http://localhost:3000/_next/static/chunks/main-app.js?v=1790278793593:113:1)
    at options.factory (http://localhost:3000/_next/static/chunks/webpack.js?v=1790278793593:715:31)
    at __webpack_require__ (http://localhost:3000/_next/static/chunks/webpack.js?v=1790278793593:37:33)
    at fn (http://localhost:3000/_next/static/chunks/webpack.js?v=1790278793593:371:21)
    at  (webpack-internal:///(app-pages-browser)/./node_modules/next/dist/compiled/scheduler/index.js:4:20)
    at (app-pages-browser)/./node_modules/next/dist/compiled/scheduler/index.js (http://localhost:3000/_next/static/chunks/main-app.js?v=1790278793593:124:1)
    at options.factory (http://localhost:3000/_next/static/chunks/webpack.js?v=1790278793593:715:31)
    at __webpack_require__ (http://localhost:3000/_next/static/chunks/webpack.js?v=1790278793593:37:33)
    at fn (http://localhost:3000/_next/static/chunks/webpack.js?v=1790278793593:371:21)
    at  (webpack-internal:///(app-pages-browser)/./node_modules/next/dist/compiled/react-dom/cjs/react-dom.development.js:27:36)
    at  (webpack-internal:///(app-pages-browser)/./node_modules/next/dist/compiled/react-dom/cjs/react-dom.development.js:38595:5)
    at (app-pages-browser)/./node_modules/next/dist/compiled/react-dom/cjs/react-dom.development.js (http://localhost:3000/_next/static/chunks/main-app.js?v=1790278793593:1847:1)
    at options.factory (http://localhost:3000/_next/static/chunks/webpack.js?v=1790278793593:715:31)
    at __webpack_require__ (http://localhost:3000/_next/static/chunks/webpack.js?v=1790278793593:37:33)
    at fn (http://localhost:3000/_next/static/chunks/webpack.js?v=1790278793593:371:21)
    at  (webpack-internal:///(app-pages-browser)/./node_modules/next/dist/compiled/react-dom/index.js:32:20)
    at (app-pages-browser)/./node_modules/next/dist/compiled/react-dom/index.js (http://localhost:3000/_next/static/chunks/main-app.js?v=1790278793593:1869:1)
    at options.factory (http://localhost:3000/_next/static/chunks/webpack.js?v=1790278793593:715:31)
    at __webpack_require__ (http://localhost:3000/_next/static/chunks/webpack.js?v=1790278793593:37:33)
    at fn (http://localhost:3000/_next/static/chunks/webpack.js?v=1790278793593:371:21)
    at  (webpack-internal:///(app-pages-browser)/./node_modules/next/dist/compiled/react-dom/client.js:3:28)
    at (app-pages-browser)/./node_modules/next/dist/compiled/react-dom/client.js (http://localhost:3000/_next/static/chunks/main-app.js?v=1790278793593:1858:1)
    at options.factory (http://localhost:3000/_next/static/chunks/webpack.js?v=1790278793593:715:31)
    at __webpack_require__ (http://localhost:3000/_next/static/chunks/webpack.js?v=1790278793593:37:33)
    at fn (http://localhost:3000/_next/static/chunks/webpack.js?v=1790278793593:371:21)
    at  (webpack-internal:///(app-pages-browser)/./node_modules/next/dist/client/app-index.js:15:58)
    at (app-pages-browser)/./node_modules/next/dist/client/app-index.js (http://localhost:3000/_next/static/chunks/main-app.js?v=1790278793593:244:1)
    at options.factory (http://localhost:3000/_next/static/chunks/webpack.js?v=1790278793593:715:31)
    at __webpack_require__ (http://localhost:3000/_next/static/chunks/webpack.js?v=1790278793593:37:33)
    at fn (http://localhost:3000/_next/static/chunks/webpack.js?v=1790278793593:371:21)
    at  (webpack-internal:///(app-pages-browser)/./node_modules/next/dist/client/app-next-dev.js:9:44)
[  239464ms] ReferenceError: USE_CARTO is not defined
    at  (webpack-internal:///(app-pages-browser)/./src/components/LiveTelemetryMap.tsx:58:20)
    at (app-pages-browser)/./src/components/LiveTelemetryMap.tsx (http://localhost:3000/_next/static/chunks/_app-pages-browser_src_components_LiveTelemetryMap_tsx.js:60:1)
    at options.factory (http://localhost:3000/_next/static/chunks/webpack.js?v=1790278793593:715:31)
    at __webpack_require__ (http://localhost:3000/_next/static/chunks/webpack.js?v=1790278793593:37:33)
    at fn (http://localhost:3000/_next/static/chunks/webpack.js?v=1790278793593:371:21)
    at promise callback*LiveTelemetryMap< (webpack-internal:///(app-pages-browser)/./src/app/overview/page.tsx:17:183)
    at Loadable/Lazy< (webpack-internal:///(app-pages-browser)/./node_modules/next/dist/shared/lib/lazy-dynamic/loadable.js:40:58)
    at lazyInitializer (webpack-internal:///(app-pages-browser)/./node_modules/next/dist/compiled/react/cjs/react.development.js:2172:20)
    at mountLazyComponent (webpack-internal:///(app-pages-browser)/./node_modules/next/dist/compiled/react-dom/cjs/react-dom.development.js:16750:23)
    at beginWork$1 (webpack-internal:///(app-pages-browser)/./node_modules/next/dist/compiled/react-dom/cjs/react-dom.development.js:18464:16)
    at beginWork (webpack-internal:///(app-pages-browser)/./node_modules/next/dist/compiled/react-dom/cjs/react-dom.development.js:26927:14)
    at performUnitOfWork (webpack-internal:///(app-pages-browser)/./node_modules/next/dist/compiled/react-dom/cjs/react-dom.development.js:25748:12)
    at workLoopSync (webpack-internal:///(app-pages-browser)/./node_modules/next/dist/compiled/react-dom/cjs/react-dom.development.js:25464:22)
    at renderRootSync (webpack-internal:///(app-pages-browser)/./node_modules/next/dist/compiled/react-dom/cjs/react-dom.development.js:25419:7)
    at performConcurrentWorkOnRoot (webpack-internal:///(app-pages-browser)/./node_modules/next/dist/compiled/react-dom/cjs/react-dom.development.js:24504:74)
    at workLoop (webpack-internal:///(app-pages-browser)/./node_modules/next/dist/compiled/scheduler/cjs/scheduler.development.js:256:42)
    at flushWork (webpack-internal:///(app-pages-browser)/./node_modules/next/dist/compiled/scheduler/cjs/scheduler.development.js:225:14)
    at performWorkUntilDeadline (webpack-internal:///(app-pages-browser)/./node_modules/next/dist/compiled/scheduler/cjs/scheduler.development.js:534:21)
    at EventHandlerNonNull* (webpack-internal:///(app-pages-browser)/./node_modules/next/dist/compiled/scheduler/cjs/scheduler.development.js:569:3)
    at  (webpack-internal:///(app-pages-browser)/./node_modules/next/dist/compiled/scheduler/cjs/scheduler.development.js:630:5)
    at (app-pages-browser)/./node_modules/next/dist/compiled/scheduler/cjs/scheduler.development.js (http://localhost:3000/_next/static/chunks/main-app.js?v=1790278793593:113:1)
    at options.factory (http://localhost:3000/_next/static/chunks/webpack.js?v=1790278793593:715:31)
    at __webpack_require__ (http://localhost:3000/_next/static/chunks/webpack.js?v=1790278793593:37:33)
    at fn (http://localhost:3000/_next/static/chunks/webpack.js?v=1790278793593:371:21)
    at  (webpack-internal:///(app-pages-browser)/./node_modules/next/dist/compiled/scheduler/index.js:4:20)
    at (app-pages-browser)/./node_modules/next/dist/compiled/scheduler/index.js (http://localhost:3000/_next/static/chunks/main-app.js?v=1790278793593:124:1)
    at options.factory (http://localhost:3000/_next/static/chunks/webpack.js?v=1790278793593:715:31)
    at __webpack_require__ (http://localhost:3000/_next/static/chunks/webpack.js?v=1790278793593:37:33)
    at fn (http://localhost:3000/_next/static/chunks/webpack.js?v=1790278793593:371:21)
    at  (webpack-internal:///(app-pages-browser)/./node_modules/next/dist/compiled/react-dom/cjs/react-dom.development.js:27:36)
    at  (webpack-internal:///(app-pages-browser)/./node_modules/next/dist/compiled/react-dom/cjs/react-dom.development.js:38595:5)
    at (app-pages-browser)/./node_modules/next/dist/compiled/react-dom/cjs/react-dom.development.js (http://localhost:3000/_next/static/chunks/main-app.js?v=1790278793593:1847:1)
    at options.factory (http://localhost:3000/_next/static/chunks/webpack.js?v=1790278793593:715:31)
    at __webpack_require__ (http://localhost:3000/_next/static/chunks/webpack.js?v=1790278793593:37:33)
    at fn (http://localhost:3000/_next/static/chunks/webpack.js?v=1790278793593:371:21)
    at  (webpack-internal:///(app-pages-browser)/./node_modules/next/dist/compiled/react-dom/index.js:32:20)
    at (app-pages-browser)/./node_modules/next/dist/compiled/react-dom/index.js (http://localhost:3000/_next/static/chunks/main-app.js?v=1790278793593:1869:1)
    at options.factory (http://localhost:3000/_next/static/chunks/webpack.js?v=1790278793593:715:31)
    at __webpack_require__ (http://localhost:3000/_next/static/chunks/webpack.js?v=1790278793593:37:33)
    at fn (http://localhost:3000/_next/static/chunks/webpack.js?v=1790278793593:371:21)
    at  (webpack-internal:///(app-pages-browser)/./node_modules/next/dist/compiled/react-dom/client.js:3:28)
    at (app-pages-browser)/./node_modules/next/dist/compiled/react-dom/client.js (http://localhost:3000/_next/static/chunks/main-app.js?v=1790278793593:1858:1)
    at options.factory (http://localhost:3000/_next/static/chunks/webpack.js?v=1790278793593:715:31)
    at __webpack_require__ (http://localhost:3000/_next/static/chunks/webpack.js?v=1790278793593:37:33)
    at fn (http://localhost:3000/_next/static/chunks/webpack.js?v=1790278793593:371:21)
    at  (webpack-internal:///(app-pages-browser)/./node_modules/next/dist/client/app-index.js:15:58)
    at (app-pages-browser)/./node_modules/next/dist/client/app-index.js (http://localhost:3000/_next/static/chunks/main-app.js?v=1790278793593:244:1)
    at options.factory (http://localhost:3000/_next/static/chunks/webpack.js?v=1790278793593:715:31)
    at __webpack_require__ (http://localhost:3000/_next/static/chunks/webpack.js?v=1790278793593:37:33)
    at fn (http://localhost:3000/_next/static/chunks/webpack.js?v=1790278793593:371:21)
    at  (webpack-internal:///(app-pages-browser)/./node_modules/next/dist/client/app-next-dev.js:9:44)
[  239464ms] ReferenceError: USE_CARTO is not defined
    at  (webpack-internal:///(app-pages-browser)/./src/components/LiveTelemetryMap.tsx:58:20)
    at (app-pages-browser)/./src/components/LiveTelemetryMap.tsx (http://localhost:3000/_next/static/chunks/_app-pages-browser_src_components_LiveTelemetryMap_tsx.js:60:1)
    at options.factory (http://localhost:3000/_next/static/chunks/webpack.js?v=1790278793593:715:31)
    at __webpack_require__ (http://localhost:3000/_next/static/chunks/webpack.js?v=1790278793593:37:33)
    at fn (http://localhost:3000/_next/static/chunks/webpack.js?v=1790278793593:371:21)
    at promise callback*LiveTelemetryMap< (webpack-internal:///(app-pages-browser)/./src/app/overview/page.tsx:17:183)
    at Loadable/Lazy< (webpack-internal:///(app-pages-browser)/./node_modules/next/dist/shared/lib/lazy-dynamic/loadable.js:40:58)
    at lazyInitializer (webpack-internal:///(app-pages-browser)/./node_modules/next/dist/compiled/react/cjs/react.development.js:2172:20)
    at mountLazyComponent (webpack-internal:///(app-pages-browser)/./node_modules/next/dist/compiled/react-dom/cjs/react-dom.development.js:16750:23)
    at beginWork$1 (webpack-internal:///(app-pages-browser)/./node_modules/next/dist/compiled/react-dom/cjs/react-dom.development.js:18464:16)
    at beginWork (webpack-internal:///(app-pages-browser)/./node_modules/next/dist/compiled/react-dom/cjs/react-dom.development.js:26927:14)
    at performUnitOfWork (webpack-internal:///(app-pages-browser)/./node_modules/next/dist/compiled/react-dom/cjs/react-dom.development.js:25748:12)
    at workLoopSync (webpack-internal:///(app-pages-browser)/./node_modules/next/dist/compiled/react-dom/cjs/react-dom.development.js:25464:22)
    at renderRootSync (webpack-internal:///(app-pages-browser)/./node_modules/next/dist/compiled/react-dom/cjs/react-dom.development.js:25419:7)
    at performConcurrentWorkOnRoot (webpack-internal:///(app-pages-browser)/./node_modules/next/dist/compiled/react-dom/cjs/react-dom.development.js:24504:74)
    at workLoop (webpack-internal:///(app-pages-browser)/./node_modules/next/dist/compiled/scheduler/cjs/scheduler.development.js:256:42)
    at flushWork (webpack-internal:///(app-pages-browser)/./node_modules/next/dist/compiled/scheduler/cjs/scheduler.development.js:225:14)
    at performWorkUntilDeadline (webpack-internal:///(app-pages-browser)/./node_modules/next/dist/compiled/scheduler/cjs/scheduler.development.js:534:21)
    at EventHandlerNonNull* (webpack-internal:///(app-pages-browser)/./node_modules/next/dist/compiled/scheduler/cjs/scheduler.development.js:569:3)
    at  (webpack-internal:///(app-pages-browser)/./node_modules/next/dist/compiled/scheduler/cjs/scheduler.development.js:630:5)
    at (app-pages-browser)/./node_modules/next/dist/compiled/scheduler/cjs/scheduler.development.js (http://localhost:3000/_next/static/chunks/main-app.js?v=1790278793593:113:1)
    at options.factory (http://localhost:3000/_next/static/chunks/webpack.js?v=1790278793593:715:31)
    at __webpack_require__ (http://localhost:3000/_next/static/chunks/webpack.js?v=1790278793593:37:33)
    at fn (http://localhost:3000/_next/static/chunks/webpack.js?v=1790278793593:371:21)
    at  (webpack-internal:///(app-pages-browser)/./node_modules/next/dist/compiled/scheduler/index.js:4:20)
    at (app-pages-browser)/./node_modules/next/dist/compiled/scheduler/index.js (http://localhost:3000/_next/static/chunks/main-app.js?v=1790278793593:124:1)
    at options.factory (http://localhost:3000/_next/static/chunks/webpack.js?v=1790278793593:715:31)
    at __webpack_require__ (http://localhost:3000/_next/static/chunks/webpack.js?v=1790278793593:37:33)
    at fn (http://localhost:3000/_next/static/chunks/webpack.js?v=1790278793593:371:21)
    at  (webpack-internal:///(app-pages-browser)/./node_modules/next/dist/compiled/react-dom/cjs/react-dom.development.js:27:36)
    at  (webpack-internal:///(app-pages-browser)/./node_modules/next/dist/compiled/react-dom/cjs/react-dom.development.js:38595:5)
    at (app-pages-browser)/./node_modules/next/dist/compiled/react-dom/cjs/react-dom.development.js (http://localhost:3000/_next/static/chunks/main-app.js?v=1790278793593:1847:1)
    at options.factory (http://localhost:3000/_next/static/chunks/webpack.js?v=1790278793593:715:31)
    at __webpack_require__ (http://localhost:3000/_next/static/chunks/webpack.js?v=1790278793593:37:33)
    at fn (http://localhost:3000/_next/static/chunks/webpack.js?v=1790278793593:371:21)
    at  (webpack-internal:///(app-pages-browser)/./node_modules/next/dist/compiled/react-dom/index.js:32:20)
    at (app-pages-browser)/./node_modules/next/dist/compiled/react-dom/index.js (http://localhost:3000/_next/static/chunks/main-app.js?v=1790278793593:1869:1)
    at options.factory (http://localhost:3000/_next/static/chunks/webpack.js?v=1790278793593:715:31)
    at __webpack_require__ (http://localhost:3000/_next/static/chunks/webpack.js?v=1790278793593:37:33)
    at fn (http://localhost:3000/_next/static/chunks/webpack.js?v=1790278793593:371:21)
    at  (webpack-internal:///(app-pages-browser)/./node_modules/next/dist/compiled/react-dom/client.js:3:28)
    at (app-pages-browser)/./node_modules/next/dist/compiled/react-dom/client.js (http://localhost:3000/_next/static/chunks/main-app.js?v=1790278793593:1858:1)
    at options.factory (http://localhost:3000/_next/static/chunks/webpack.js?v=1790278793593:715:31)
    at __webpack_require__ (http://localhost:3000/_next/static/chunks/webpack.js?v=1790278793593:37:33)
    at fn (http://localhost:3000/_next/static/chunks/webpack.js?v=1790278793593:371:21)
    at  (webpack-internal:///(app-pages-browser)/./node_modules/next/dist/client/app-index.js:15:58)
    at (app-pages-browser)/./node_modules/next/dist/client/app-index.js (http://localhost:3000/_next/static/chunks/main-app.js?v=1790278793593:244:1)
    at options.factory (http://localhost:3000/_next/static/chunks/webpack.js?v=1790278793593:715:31)
    at __webpack_require__ (http://localhost:3000/_next/static/chunks/webpack.js?v=1790278793593:37:33)
    at fn (http://localhost:3000/_next/static/chunks/webpack.js?v=1790278793593:371:21)
    at  (webpack-internal:///(app-pages-browser)/./node_modules/next/dist/client/app-next-dev.js:9:44)
[  239465ms] ReferenceError: USE_CARTO is not defined
    at  (webpack-internal:///(app-pages-browser)/./src/components/LiveTelemetryMap.tsx:58:20)
    at (app-pages-browser)/./src/components/LiveTelemetryMap.tsx (http://localhost:3000/_next/static/chunks/_app-pages-browser_src_components_LiveTelemetryMap_tsx.js:60:1)
    at options.factory (http://localhost:3000/_next/static/chunks/webpack.js?v=1790278793593:715:31)
    at __webpack_require__ (http://localhost:3000/_next/static/chunks/webpack.js?v=1790278793593:37:33)
    at fn (http://localhost:3000/_next/static/chunks/webpack.js?v=1790278793593:371:21)
    at promise callback*LiveTelemetryMap< (webpack-internal:///(app-pages-browser)/./src/app/overview/page.tsx:17:183)
    at Loadable/Lazy< (webpack-internal:///(app-pages-browser)/./node_modules/next/dist/shared/lib/lazy-dynamic/loadable.js:40:58)
    at lazyInitializer (webpack-internal:///(app-pages-browser)/./node_modules/next/dist/compiled/react/cjs/react.development.js:2172:20)
    at mountLazyComponent (webpack-internal:///(app-pages-browser)/./node_modules/next/dist/compiled/react-dom/cjs/react-dom.development.js:16750:23)
    at beginWork$1 (webpack-internal:///(app-pages-browser)/./node_modules/next/dist/compiled/react-dom/cjs/react-dom.development.js:18464:16)
    at beginWork (webpack-internal:///(app-pages-browser)/./node_modules/next/dist/compiled/react-dom/cjs/react-dom.development.js:26927:14)
    at performUnitOfWork (webpack-internal:///(app-pages-browser)/./node_modules/next/dist/compiled/react-dom/cjs/react-dom.development.js:25748:12)
    at workLoopSync (webpack-internal:///(app-pages-browser)/./node_modules/next/dist/compiled/react-dom/cjs/react-dom.development.js:25464:22)
    at renderRootSync (webpack-internal:///(app-pages-browser)/./node_modules/next/dist/compiled/react-dom/cjs/react-dom.development.js:25419:7)
    at performConcurrentWorkOnRoot (webpack-internal:///(app-pages-browser)/./node_modules/next/dist/compiled/react-dom/cjs/react-dom.development.js:24504:74)
    at workLoop (webpack-internal:///(app-pages-browser)/./node_modules/next/dist/compiled/scheduler/cjs/scheduler.development.js:256:42)
    at flushWork (webpack-internal:///(app-pages-browser)/./node_modules/next/dist/compiled/scheduler/cjs/scheduler.development.js:225:14)
    at performWorkUntilDeadline (webpack-internal:///(app-pages-browser)/./node_modules/next/dist/compiled/scheduler/cjs/scheduler.development.js:534:21)
    at EventHandlerNonNull* (webpack-internal:///(app-pages-browser)/./node_modules/next/dist/compiled/scheduler/cjs/scheduler.development.js:569:3)
    at  (webpack-internal:///(app-pages-browser)/./node_modules/next/dist/compiled/scheduler/cjs/scheduler.development.js:630:5)
    at (app-pages-browser)/./node_modules/next/dist/compiled/scheduler/cjs/scheduler.development.js (http://localhost:3000/_next/static/chunks/main-app.js?v=1790278793593:113:1)
    at options.factory (http://localhost:3000/_next/static/chunks/webpack.js?v=1790278793593:715:31)
    at __webpack_require__ (http://localhost:3000/_next/static/chunks/webpack.js?v=1790278793593:37:33)
    at fn (http://localhost:3000/_next/static/chunks/webpack.js?v=1790278793593:371:21)
    at  (webpack-internal:///(app-pages-browser)/./node_modules/next/dist/compiled/scheduler/index.js:4:20)
    at (app-pages-browser)/./node_modules/next/dist/compiled/scheduler/index.js (http://localhost:3000/_next/static/chunks/main-app.js?v=1790278793593:124:1)
    at options.factory (http://localhost:3000/_next/static/chunks/webpack.js?v=1790278793593:715:31)
    at __webpack_require__ (http://localhost:3000/_next/static/chunks/webpack.js?v=1790278793593:37:33)
    at fn (http://localhost:3000/_next/static/chunks/webpack.js?v=1790278793593:371:21)
    at  (webpack-internal:///(app-pages-browser)/./node_modules/next/dist/compiled/react-dom/cjs/react-dom.development.js:27:36)
    at  (webpack-internal:///(app-pages-browser)/./node_modules/next/dist/compiled/react-dom/cjs/react-dom.development.js:38595:5)
    at (app-pages-browser)/./node_modules/next/dist/compiled/react-dom/cjs/react-dom.development.js (http://localhost:3000/_next/static/chunks/main-app.js?v=1790278793593:1847:1)
    at options.factory (http://localhost:3000/_next/static/chunks/webpack.js?v=1790278793593:715:31)
    at __webpack_require__ (http://localhost:3000/_next/static/chunks/webpack.js?v=1790278793593:37:33)
    at fn (http://localhost:3000/_next/static/chunks/webpack.js?v=1790278793593:371:21)
    at  (webpack-internal:///(app-pages-browser)/./node_modules/next/dist/compiled/react-dom/index.js:32:20)
    at (app-pages-browser)/./node_modules/next/dist/compiled/react-dom/index.js (http://localhost:3000/_next/static/chunks/main-app.js?v=1790278793593:1869:1)
    at options.factory (http://localhost:3000/_next/static/chunks/webpack.js?v=1790278793593:715:31)
    at __webpack_require__ (http://localhost:3000/_next/static/chunks/webpack.js?v=1790278793593:37:33)
    at fn (http://localhost:3000/_next/static/chunks/webpack.js?v=1790278793593:371:21)
    at  (webpack-internal:///(app-pages-browser)/./node_modules/next/dist/compiled/react-dom/client.js:3:28)
    at (app-pages-browser)/./node_modules/next/dist/compiled/react-dom/client.js (http://localhost:3000/_next/static/chunks/main-app.js?v=1790278793593:1858:1)
    at options.factory (http://localhost:3000/_next/static/chunks/webpack.js?v=1790278793593:715:31)
    at __webpack_require__ (http://localhost:3000/_next/static/chunks/webpack.js?v=1790278793593:37:33)
    at fn (http://localhost:3000/_next/static/chunks/webpack.js?v=1790278793593:371:21)
    at  (webpack-internal:///(app-pages-browser)/./node_modules/next/dist/client/app-index.js:15:58)
    at (app-pages-browser)/./node_modules/next/dist/client/app-index.js (http://localhost:3000/_next/static/chunks/main-app.js?v=1790278793593:244:1)
    at options.factory (http://localhost:3000/_next/static/chunks/webpack.js?v=1790278793593:715:31)
    at __webpack_require__ (http://localhost:3000/_next/static/chunks/webpack.js?v=1790278793593:37:33)
    at fn (http://localhost:3000/_next/static/chunks/webpack.js?v=1790278793593:371:21)
    at  (webpack-internal:///(app-pages-browser)/./node_modules/next/dist/client/app-next-dev.js:9:44)
[  274340ms] [LOG] [Fast Refresh] rebuilding @ webpack-internal:///(app-pages-browser)/./node_modules/next/dist/client/components/react-dev-overlay/app/hot-reloader-client.js:186
[  274389ms] [ERROR] ./src/components/LiveTelemetryMap.tsx
Error: 
  × Unexpected token `div`. Expected jsx identifier
     ╭─[/home/aadi/Documents/AimHacks/frontend/src/components/LiveTelemetryMap.tsx:252:1]
 252 │   }, [cityEvents]);
 253 │ 
 254 │   return (
 255 │     <div className="w-full rounded-2xl overflow-hidden shadow-md border border-surface-container relative bg-[#0b1326]">
     ·      ───
 256 │       {/* Search + status bar */}
 257 │       <div className="absolute top-3 left-3 right-3 z-[1000] flex flex-wrap items-center gap-space-sm pointer-events-none">
 258 │         <div className="relative pointer-events-auto w-full sm:w-80">
     ╰────

Caused by:
    Syntax Error

Import trace for requested module:
./src/components/LiveTelemetryMap.tsx
./src/app/overview/page.tsx @ webpack-internal:///(app-pages-browser)/./node_modules/next/dist/client/app-index.js:32
[  282382ms] [ERROR] ./src/components/LiveTelemetryMap.tsx
Error: 
  × Unexpected token `div`. Expected jsx identifier
     ╭─[/home/aadi/Documents/AimHacks/frontend/src/components/LiveTelemetryMap.tsx:252:1]
 252 │   }, [cityEvents]);
 253 │ 
 254 │   return (
 255 │     <div className="w-full rounded-2xl overflow-hidden shadow-md border border-surface-container relative bg-[#0b1326]">
     ·      ───
 256 │       {/* Search + status bar */}
 257 │       <div className="absolute top-3 left-3 right-3 z-[1000] flex flex-wrap items-center gap-space-sm pointer-events-none">
 258 │         <div className="relative pointer-events-auto w-full sm:w-80">
     ╰────

Caused by:
    Syntax Error

Import trace for requested module:
./src/components/LiveTelemetryMap.tsx
./src/app/overview/page.tsx @ webpack-internal:///(app-pages-browser)/./node_modules/next/dist/client/app-index.js:32
[  282387ms] [LOG] [Fast Refresh] rebuilding @ webpack-internal:///(app-pages-browser)/./node_modules/next/dist/client/components/react-dev-overlay/app/hot-reloader-client.js:186
[  282852ms] [WARNING] [JavaScript Warning: "A resource is blocked by OpaqueResponseBlocking, please check browser console for details." {file: "https://lh3.googleusercontent.com/aida/AEtjO1X846d3k35eqtuPzI3ksBZBgmsuatplYf7WFWYM_h4CQ9S0k_6yUwv3OxFWwjbIzs3k1JV2GDlAvxoRA-gLT5iFVboFFwqvpvgYPsc_RyoM3YuBNu9NzPARAaC6kV6UJAhH0RowmMOGkuZnERI4p8pDkvgiSk39AQI3ZKfgNVDlH8G2iRraUJ4l3kVc7G4FOOYXP0NMkYeXWm6DwN2oPcnaPAhJ9SrQiTBLsgXyla-zluPTCI_cNnaWLpKk" line: 0}] @ https://lh3.googleusercontent.com/aida/AEtjO1X846d3k35eqtuPzI3ksBZBgmsuatplYf7WFWYM_h4CQ9S0k_6yUwv3OxFWwjbIzs3k1JV2GDlAvxoRA-gLT5iFVboFFwqvpvgYPsc_RyoM3YuBNu9NzPARAaC6kV6UJAhH0RowmMOGkuZnERI4p8pDkvgiSk39AQI3ZKfgNVDlH8G2iRraUJ4l3kVc7G4FOOYXP0NMkYeXWm6DwN2oPcnaPAhJ9SrQiTBLsgXyla-zluPTCI_cNnaWLpKk:0
[  282948ms] [INFO] Download the React DevTools for a better development experience: https://reactjs.org/link/react-devtools @ webpack-internal:///(app-pages-browser)/./node_modules/next/dist/compiled/react-dom/cjs/react-dom.development.js:38559
[  294568ms] [LOG] [Fast Refresh] rebuilding @ webpack-internal:///(app-pages-browser)/./node_modules/next/dist/client/components/react-dev-overlay/app/hot-reloader-client.js:186
[  295300ms] [LOG] [Fast Refresh] done in 732ms @ webpack-internal:///(app-pages-browser)/./node_modules/next/dist/client/components/react-dev-overlay/app/hot-reloader-client.js:43
