[     274ms] [INFO] Download the React DevTools for a better development experience: https://reactjs.org/link/react-devtools @ webpack-internal:///(app-pages-browser)/./node_modules/next/dist/compiled/react-dom/cjs/react-dom.development.js:38559
[  301504ms] [LOG] [Fast Refresh] rebuilding @ webpack-internal:///(app-pages-browser)/./node_modules/next/dist/client/components/react-dev-overlay/app/hot-reloader-client.js:186
[  301615ms] [ERROR] ./src/components/LiveTelemetryMap.tsx
Error: 
  x Unexpected token `div`. Expected jsx identifier
     ,-[/home/aadi/Documents/AimHacks/frontend/src/components/LiveTelemetryMap.tsx:290:1]
 290 |   };
 291 | 
 292 |   return (
 293 |     <div className="w-full rounded-none bg-[#020617] border border-[#1E293B] text-[#dae2fd]">
     :      ^^^
 294 |       {/* ============ TOP STATUS BAR ============ */}
 295 |       <div className="flex flex-wrap items-stretch gap-0 border-b border-[#1E293B] bg-[#0F172A] divide-x divide-[#1E293B]">
 296 |         {/* Live indicator */}
     `----

Caused by:
    Syntax Error

Import trace for requested module:
./src/components/LiveTelemetryMap.tsx
./src/app/overview/page.tsx @ webpack-internal:///(app-pages-browser)/./node_modules/next/dist/client/app-index.js:32
[  301865ms] [ERROR] ./src/components/LiveTelemetryMap.tsx
Error: 
  x Unexpected token `div`. Expected jsx identifier
     ,-[/home/aadi/Documents/AimHacks/frontend/src/components/LiveTelemetryMap.tsx:290:1]
 290 |   };
 291 | 
 292 |   return (
 293 |     <div className="w-full rounded-none bg-[#020617] border border-[#1E293B] text-[#dae2fd]">
     :      ^^^
 294 |       {/* ============ TOP STATUS BAR ============ */}
 295 |       <div className="flex flex-wrap items-stretch gap-0 border-b border-[#1E293B] bg-[#0F172A] divide-x divide-[#1E293B]">
 296 |         {/* Live indicator */}
     `----

Caused by:
    Syntax Error

Import trace for requested module:
./src/components/LiveTelemetryMap.tsx
./src/app/overview/page.tsx @ webpack-internal:///(app-pages-browser)/./node_modules/next/dist/client/app-index.js:32
[  301922ms] [ERROR] ./src/components/LiveTelemetryMap.tsx
Error: 
  x Unexpected token `div`. Expected jsx identifier
     ,-[/home/aadi/Documents/AimHacks/frontend/src/components/LiveTelemetryMap.tsx:290:1]
 290 |   };
 291 | 
 292 |   return (
 293 |     <div className="w-full rounded-none bg-[#020617] border border-[#1E293B] text-[#dae2fd]">
     :      ^^^
 294 |       {/* ============ TOP STATUS BAR ============ */}
 295 |       <div className="flex flex-wrap items-stretch gap-0 border-b border-[#1E293B] bg-[#0F172A] divide-x divide-[#1E293B]">
 296 |         {/* Live indicator */}
     `----

Caused by:
    Syntax Error

Import trace for requested module:
./src/components/LiveTelemetryMap.tsx
./src/app/overview/page.tsx @ webpack-internal:///(app-pages-browser)/./node_modules/next/dist/client/app-index.js:32
[  319198ms] [ERROR] ./src/components/LiveTelemetryMap.tsx
Error: 
  x Unexpected token `div`. Expected jsx identifier
     ,-[/home/aadi/Documents/AimHacks/frontend/src/components/LiveTelemetryMap.tsx:290:1]
 290 |   };
 291 | 
 292 |   return (
 293 |     <div className="w-full rounded-none bg-[#020617] border border-[#1E293B] text-[#dae2fd]">
     :      ^^^
 294 |       {/* ============ TOP STATUS BAR ============ */}
 295 |       <div className="flex flex-wrap items-stretch gap-0 border-b border-[#1E293B] bg-[#0F172A] divide-x divide-[#1E293B]">
 296 |         {/* Live indicator */}
     `----

Caused by:
    Syntax Error

Import trace for requested module:
./src/components/LiveTelemetryMap.tsx
./src/app/overview/page.tsx @ webpack-internal:///(app-pages-browser)/./node_modules/next/dist/client/app-index.js:32
[  319198ms] [LOG] [Fast Refresh] rebuilding @ webpack-internal:///(app-pages-browser)/./node_modules/next/dist/client/components/react-dev-overlay/app/hot-reloader-client.js:186
[  319549ms] [LOG] [Fast Refresh] done in 351ms @ webpack-internal:///(app-pages-browser)/./node_modules/next/dist/client/components/react-dev-overlay/app/hot-reloader-client.js:43
[  326872ms] [LOG] [Fast Refresh] rebuilding @ webpack-internal:///(app-pages-browser)/./node_modules/next/dist/client/components/react-dev-overlay/app/hot-reloader-client.js:186
[  326996ms] [LOG] [Fast Refresh] done in 124ms @ webpack-internal:///(app-pages-browser)/./node_modules/next/dist/client/components/react-dev-overlay/app/hot-reloader-client.js:43
[  343806ms] [LOG] [Fast Refresh] rebuilding @ webpack-internal:///(app-pages-browser)/./node_modules/next/dist/client/components/react-dev-overlay/app/hot-reloader-client.js:186
[  343949ms] [LOG] [Fast Refresh] done in 143ms @ webpack-internal:///(app-pages-browser)/./node_modules/next/dist/client/components/react-dev-overlay/app/hot-reloader-client.js:43
[  505772ms] [LOG] [Fast Refresh] rebuilding @ webpack-internal:///(app-pages-browser)/./node_modules/next/dist/client/components/react-dev-overlay/app/hot-reloader-client.js:186
[  505995ms] [LOG] [Fast Refresh] done in 222ms @ webpack-internal:///(app-pages-browser)/./node_modules/next/dist/client/components/react-dev-overlay/app/hot-reloader-client.js:43
[  544527ms] [LOG] [Fast Refresh] rebuilding @ webpack-internal:///(app-pages-browser)/./node_modules/next/dist/client/components/react-dev-overlay/app/hot-reloader-client.js:186
[  544678ms] [LOG] [Fast Refresh] done in 152ms @ webpack-internal:///(app-pages-browser)/./node_modules/next/dist/client/components/react-dev-overlay/app/hot-reloader-client.js:43
[  544731ms] [LOG] [Fast Refresh] rebuilding @ webpack-internal:///(app-pages-browser)/./node_modules/next/dist/client/components/react-dev-overlay/app/hot-reloader-client.js:186
[  544951ms] [LOG] [Fast Refresh] done in 220ms @ webpack-internal:///(app-pages-browser)/./node_modules/next/dist/client/components/react-dev-overlay/app/hot-reloader-client.js:43
[  553801ms] [LOG] [Fast Refresh] rebuilding @ webpack-internal:///(app-pages-browser)/./node_modules/next/dist/client/components/react-dev-overlay/app/hot-reloader-client.js:186
[  554357ms] [LOG] [Fast Refresh] done in 556ms @ webpack-internal:///(app-pages-browser)/./node_modules/next/dist/client/components/react-dev-overlay/app/hot-reloader-client.js:43
[  588958ms] [LOG] [Fast Refresh] rebuilding @ webpack-internal:///(app-pages-browser)/./node_modules/next/dist/client/components/react-dev-overlay/app/hot-reloader-client.js:186
[  589283ms] [LOG] [Fast Refresh] done in 326ms @ webpack-internal:///(app-pages-browser)/./node_modules/next/dist/client/components/react-dev-overlay/app/hot-reloader-client.js:43
[  590363ms] [LOG] [Fast Refresh] rebuilding @ webpack-internal:///(app-pages-browser)/./node_modules/next/dist/client/components/react-dev-overlay/app/hot-reloader-client.js:186
[  590506ms] [LOG] [Fast Refresh] done in 144ms @ webpack-internal:///(app-pages-browser)/./node_modules/next/dist/client/components/react-dev-overlay/app/hot-reloader-client.js:43
