[     270ms] [INFO] Download the React DevTools for a better development experience: https://reactjs.org/link/react-devtools @ webpack-internal:///(app-pages-browser)/./node_modules/next/dist/compiled/react-dom/cjs/react-dom.development.js:38559
[   23139ms] [LOG] [Fast Refresh] rebuilding @ webpack-internal:///(app-pages-browser)/./node_modules/next/dist/client/components/react-dev-overlay/app/hot-reloader-client.js:186
[   23323ms] [LOG] [Fast Refresh] done in 184ms @ webpack-internal:///(app-pages-browser)/./node_modules/next/dist/client/components/react-dev-overlay/app/hot-reloader-client.js:43
[  279928ms] [LOG] [Fast Refresh] rebuilding @ webpack-internal:///(app-pages-browser)/./node_modules/next/dist/client/components/react-dev-overlay/app/hot-reloader-client.js:186
[  280084ms] [LOG] [Fast Refresh] done in 155ms @ webpack-internal:///(app-pages-browser)/./node_modules/next/dist/client/components/react-dev-overlay/app/hot-reloader-client.js:43
[  307088ms] [LOG] [Fast Refresh] rebuilding @ webpack-internal:///(app-pages-browser)/./node_modules/next/dist/client/components/react-dev-overlay/app/hot-reloader-client.js:186
[  307192ms] [LOG] [Fast Refresh] done in 104ms @ webpack-internal:///(app-pages-browser)/./node_modules/next/dist/client/components/react-dev-overlay/app/hot-reloader-client.js:43
[  307272ms] [LOG] [Fast Refresh] rebuilding @ webpack-internal:///(app-pages-browser)/./node_modules/next/dist/client/components/react-dev-overlay/app/hot-reloader-client.js:186
[  307432ms] TypeError: can't access property "call", originalFactory is undefined
    at options.factory (http://localhost:3002/_next/static/chunks/webpack.js?v=1790285204081:715:15)
    at __webpack_require__ (http://localhost:3002/_next/static/chunks/webpack.js?v=1790285204081:37:33)
    at fn (http://localhost:3002/_next/static/chunks/webpack.js?v=1790285204081:371:21)
    at requireModule (webpack-internal:///(app-pages-browser)/./node_modules/next/dist/compiled/react-server-dom-webpack/cjs/react-server-dom-webpack-client.browser.development.js:201:42)
    at initializeModuleChunk (webpack-internal:///(app-pages-browser)/./node_modules/next/dist/compiled/react-server-dom-webpack/cjs/react-server-dom-webpack-client.browser.development.js:1376:30)
    at readChunk (webpack-internal:///(app-pages-browser)/./node_modules/next/dist/compiled/react-server-dom-webpack/cjs/react-server-dom-webpack-client.browser.development.js:1186:28)
    at resolveLazy (webpack-internal:///(app-pages-browser)/./node_modules/next/dist/compiled/react-dom/cjs/react-dom.development.js:9484:10)
    at reconcileSingleElement (webpack-internal:///(app-pages-browser)/./node_modules/next/dist/compiled/react-dom/cjs/react-dom.development.js:10402:114)
    at reconcileChildFibersImpl (webpack-internal:///(app-pages-browser)/./node_modules/next/dist/compiled/react-dom/cjs/react-dom.development.js:10503:35)
    at reconcileChildFibers (webpack-internal:///(app-pages-browser)/./node_modules/next/dist/compiled/react-dom/cjs/react-dom.development.js:10573:51)
    at reconcileChildren (webpack-internal:///(app-pages-browser)/./node_modules/next/dist/compiled/react-dom/cjs/react-dom.development.js:15809:28)
    at updateHostSingleton (webpack-internal:///(app-pages-browser)/./node_modules/next/dist/compiled/react-dom/cjs/react-dom.development.js:16727:22)
    at beginWork$1 (webpack-internal:///(app-pages-browser)/./node_modules/next/dist/compiled/react-dom/cjs/react-dom.development.js:18497:16)
    at beginWork (webpack-internal:///(app-pages-browser)/./node_modules/next/dist/compiled/react-dom/cjs/react-dom.development.js:26927:14)
    at performUnitOfWork (webpack-internal:///(app-pages-browser)/./node_modules/next/dist/compiled/react-dom/cjs/react-dom.development.js:25748:12)
    at workLoopConcurrent (webpack-internal:///(app-pages-browser)/./node_modules/next/dist/compiled/react-dom/cjs/react-dom.development.js:25734:22)
    at renderRootConcurrent (webpack-internal:///(app-pages-browser)/./node_modules/next/dist/compiled/react-dom/cjs/react-dom.development.js:25690:9)
    at performConcurrentWorkOnRoot (webpack-internal:///(app-pages-browser)/./node_modules/next/dist/compiled/react-dom/cjs/react-dom.development.js:24504:38)
    at workLoop (webpack-internal:///(app-pages-browser)/./node_modules/next/dist/compiled/scheduler/cjs/scheduler.development.js:256:42)
    at flushWork (webpack-internal:///(app-pages-browser)/./node_modules/next/dist/compiled/scheduler/cjs/scheduler.development.js:225:14)
    at performWorkUntilDeadline (webpack-internal:///(app-pages-browser)/./node_modules/next/dist/compiled/scheduler/cjs/scheduler.development.js:534:21)
    at EventHandlerNonNull* (webpack-internal:///(app-pages-browser)/./node_modules/next/dist/compiled/scheduler/cjs/scheduler.development.js:569:3)
    at  (webpack-internal:///(app-pages-browser)/./node_modules/next/dist/compiled/scheduler/cjs/scheduler.development.js:630:5)
    at (app-pages-browser)/./node_modules/next/dist/compiled/scheduler/cjs/scheduler.development.js (http://localhost:3002/_next/static/chunks/main-app.js?v=1790285204081:113:1)
    at options.factory (http://localhost:3002/_next/static/chunks/webpack.js?v=1790285204081:715:31)
    at __webpack_require__ (http://localhost:3002/_next/static/chunks/webpack.js?v=1790285204081:37:33)
    at fn (http://localhost:3002/_next/static/chunks/webpack.js?v=1790285204081:371:21)
    at  (webpack-internal:///(app-pages-browser)/./node_modules/next/dist/compiled/scheduler/index.js:4:20)
    at (app-pages-browser)/./node_modules/next/dist/compiled/scheduler/index.js (http://localhost:3002/_next/static/chunks/main-app.js?v=1790285204081:124:1)
    at options.factory (http://localhost:3002/_next/static/chunks/webpack.js?v=1790285204081:715:31)
    at __webpack_require__ (http://localhost:3002/_next/static/chunks/webpack.js?v=1790285204081:37:33)
    at fn (http://localhost:3002/_next/static/chunks/webpack.js?v=1790285204081:371:21)
    at  (webpack-internal:///(app-pages-browser)/./node_modules/next/dist/compiled/react-dom/cjs/react-dom.development.js:27:36)
    at  (webpack-internal:///(app-pages-browser)/./node_modules/next/dist/compiled/react-dom/cjs/react-dom.development.js:38595:5)
    at (app-pages-browser)/./node_modules/next/dist/compiled/react-dom/cjs/react-dom.development.js (http://localhost:3002/_next/static/chunks/main-app.js?v=1790285204081:1847:1)
    at options.factory (http://localhost:3002/_next/static/chunks/webpack.js?v=1790285204081:715:31)
    at __webpack_require__ (http://localhost:3002/_next/static/chunks/webpack.js?v=1790285204081:37:33)
    at fn (http://localhost:3002/_next/static/chunks/webpack.js?v=1790285204081:371:21)
    at  (webpack-internal:///(app-pages-browser)/./node_modules/next/dist/compiled/react-dom/index.js:32:20)
    at (app-pages-browser)/./node_modules/next/dist/compiled/react-dom/index.js (http://localhost:3002/_next/static/chunks/main-app.js?v=1790285204081:1869:1)
    at options.factory (http://localhost:3002/_next/static/chunks/webpack.js?v=1790285204081:715:31)
    at __webpack_require__ (http://localhost:3002/_next/static/chunks/webpack.js?v=1790285204081:37:33)
    at fn (http://localhost:3002/_next/static/chunks/webpack.js?v=1790285204081:371:21)
    at  (webpack-internal:///(app-pages-browser)/./node_modules/next/dist/compiled/react-dom/client.js:3:28)
    at (app-pages-browser)/./node_modules/next/dist/compiled/react-dom/client.js (http://localhost:3002/_next/static/chunks/main-app.js?v=1790285204081:1858:1)
    at options.factory (http://localhost:3002/_next/static/chunks/webpack.js?v=1790285204081:715:31)
    at __webpack_require__ (http://localhost:3002/_next/static/chunks/webpack.js?v=1790285204081:37:33)
    at fn (http://localhost:3002/_next/static/chunks/webpack.js?v=1790285204081:371:21)
    at  (webpack-internal:///(app-pages-browser)/./node_modules/next/dist/client/app-index.js:15:58)
    at (app-pages-browser)/./node_modules/next/dist/client/app-index.js (http://localhost:3002/_next/static/chunks/main-app.js?v=1790285204081:244:1)
    at options.factory (http://localhost:3002/_next/static/chunks/webpack.js?v=1790285204081:715:31)
[  307436ms] TypeError: can't access property "call", originalFactory is undefined
    at options.factory (http://localhost:3002/_next/static/chunks/webpack.js?v=1790285204081:715:15)
    at __webpack_require__ (http://localhost:3002/_next/static/chunks/webpack.js?v=1790285204081:37:33)
    at fn (http://localhost:3002/_next/static/chunks/webpack.js?v=1790285204081:371:21)
    at requireModule (webpack-internal:///(app-pages-browser)/./node_modules/next/dist/compiled/react-server-dom-webpack/cjs/react-server-dom-webpack-client.browser.development.js:201:42)
    at initializeModuleChunk (webpack-internal:///(app-pages-browser)/./node_modules/next/dist/compiled/react-server-dom-webpack/cjs/react-server-dom-webpack-client.browser.development.js:1376:30)
    at readChunk (webpack-internal:///(app-pages-browser)/./node_modules/next/dist/compiled/react-server-dom-webpack/cjs/react-server-dom-webpack-client.browser.development.js:1186:28)
    at resolveLazy (webpack-internal:///(app-pages-browser)/./node_modules/next/dist/compiled/react-dom/cjs/react-dom.development.js:9484:10)
    at reconcileSingleElement (webpack-internal:///(app-pages-browser)/./node_modules/next/dist/compiled/react-dom/cjs/react-dom.development.js:10402:114)
    at reconcileChildFibersImpl (webpack-internal:///(app-pages-browser)/./node_modules/next/dist/compiled/react-dom/cjs/react-dom.development.js:10503:35)
    at reconcileChildFibers (webpack-internal:///(app-pages-browser)/./node_modules/next/dist/compiled/react-dom/cjs/react-dom.development.js:10573:51)
    at reconcileChildren (webpack-internal:///(app-pages-browser)/./node_modules/next/dist/compiled/react-dom/cjs/react-dom.development.js:15809:28)
    at updateHostSingleton (webpack-internal:///(app-pages-browser)/./node_modules/next/dist/compiled/react-dom/cjs/react-dom.development.js:16727:22)
    at beginWork$1 (webpack-internal:///(app-pages-browser)/./node_modules/next/dist/compiled/react-dom/cjs/react-dom.development.js:18497:16)
    at beginWork (webpack-internal:///(app-pages-browser)/./node_modules/next/dist/compiled/react-dom/cjs/react-dom.development.js:26927:14)
    at performUnitOfWork (webpack-internal:///(app-pages-browser)/./node_modules/next/dist/compiled/react-dom/cjs/react-dom.development.js:25748:12)
    at workLoopConcurrent (webpack-internal:///(app-pages-browser)/./node_modules/next/dist/compiled/react-dom/cjs/react-dom.development.js:25734:22)
    at renderRootConcurrent (webpack-internal:///(app-pages-browser)/./node_modules/next/dist/compiled/react-dom/cjs/react-dom.development.js:25690:9)
    at performConcurrentWorkOnRoot (webpack-internal:///(app-pages-browser)/./node_modules/next/dist/compiled/react-dom/cjs/react-dom.development.js:24504:38)
    at workLoop (webpack-internal:///(app-pages-browser)/./node_modules/next/dist/compiled/scheduler/cjs/scheduler.development.js:256:42)
    at flushWork (webpack-internal:///(app-pages-browser)/./node_modules/next/dist/compiled/scheduler/cjs/scheduler.development.js:225:14)
    at performWorkUntilDeadline (webpack-internal:///(app-pages-browser)/./node_modules/next/dist/compiled/scheduler/cjs/scheduler.development.js:534:21)
    at EventHandlerNonNull* (webpack-internal:///(app-pages-browser)/./node_modules/next/dist/compiled/scheduler/cjs/scheduler.development.js:569:3)
    at  (webpack-internal:///(app-pages-browser)/./node_modules/next/dist/compiled/scheduler/cjs/scheduler.development.js:630:5)
    at (app-pages-browser)/./node_modules/next/dist/compiled/scheduler/cjs/scheduler.development.js (http://localhost:3002/_next/static/chunks/main-app.js?v=1790285204081:113:1)
    at options.factory (http://localhost:3002/_next/static/chunks/webpack.js?v=1790285204081:715:31)
    at __webpack_require__ (http://localhost:3002/_next/static/chunks/webpack.js?v=1790285204081:37:33)
    at fn (http://localhost:3002/_next/static/chunks/webpack.js?v=1790285204081:371:21)
    at  (webpack-internal:///(app-pages-browser)/./node_modules/next/dist/compiled/scheduler/index.js:4:20)
    at (app-pages-browser)/./node_modules/next/dist/compiled/scheduler/index.js (http://localhost:3002/_next/static/chunks/main-app.js?v=1790285204081:124:1)
    at options.factory (http://localhost:3002/_next/static/chunks/webpack.js?v=1790285204081:715:31)
    at __webpack_require__ (http://localhost:3002/_next/static/chunks/webpack.js?v=1790285204081:37:33)
    at fn (http://localhost:3002/_next/static/chunks/webpack.js?v=1790285204081:371:21)
    at  (webpack-internal:///(app-pages-browser)/./node_modules/next/dist/compiled/react-dom/cjs/react-dom.development.js:27:36)
    at  (webpack-internal:///(app-pages-browser)/./node_modules/next/dist/compiled/react-dom/cjs/react-dom.development.js:38595:5)
    at (app-pages-browser)/./node_modules/next/dist/compiled/react-dom/cjs/react-dom.development.js (http://localhost:3002/_next/static/chunks/main-app.js?v=1790285204081:1847:1)
    at options.factory (http://localhost:3002/_next/static/chunks/webpack.js?v=1790285204081:715:31)
    at __webpack_require__ (http://localhost:3002/_next/static/chunks/webpack.js?v=1790285204081:37:33)
    at fn (http://localhost:3002/_next/static/chunks/webpack.js?v=1790285204081:371:21)
    at  (webpack-internal:///(app-pages-browser)/./node_modules/next/dist/compiled/react-dom/index.js:32:20)
    at (app-pages-browser)/./node_modules/next/dist/compiled/react-dom/index.js (http://localhost:3002/_next/static/chunks/main-app.js?v=1790285204081:1869:1)
    at options.factory (http://localhost:3002/_next/static/chunks/webpack.js?v=1790285204081:715:31)
    at __webpack_require__ (http://localhost:3002/_next/static/chunks/webpack.js?v=1790285204081:37:33)
    at fn (http://localhost:3002/_next/static/chunks/webpack.js?v=1790285204081:371:21)
    at  (webpack-internal:///(app-pages-browser)/./node_modules/next/dist/compiled/react-dom/client.js:3:28)
    at (app-pages-browser)/./node_modules/next/dist/compiled/react-dom/client.js (http://localhost:3002/_next/static/chunks/main-app.js?v=1790285204081:1858:1)
    at options.factory (http://localhost:3002/_next/static/chunks/webpack.js?v=1790285204081:715:31)
    at __webpack_require__ (http://localhost:3002/_next/static/chunks/webpack.js?v=1790285204081:37:33)
    at fn (http://localhost:3002/_next/static/chunks/webpack.js?v=1790285204081:371:21)
    at  (webpack-internal:///(app-pages-browser)/./node_modules/next/dist/client/app-index.js:15:58)
    at (app-pages-browser)/./node_modules/next/dist/client/app-index.js (http://localhost:3002/_next/static/chunks/main-app.js?v=1790285204081:244:1)
    at options.factory (http://localhost:3002/_next/static/chunks/webpack.js?v=1790285204081:715:31)
[  307436ms] TypeError: can't access property "call", originalFactory is undefined
    at options.factory (http://localhost:3002/_next/static/chunks/webpack.js?v=1790285204081:715:15)
    at __webpack_require__ (http://localhost:3002/_next/static/chunks/webpack.js?v=1790285204081:37:33)
    at fn (http://localhost:3002/_next/static/chunks/webpack.js?v=1790285204081:371:21)
    at requireModule (webpack-internal:///(app-pages-browser)/./node_modules/next/dist/compiled/react-server-dom-webpack/cjs/react-server-dom-webpack-client.browser.development.js:201:42)
    at initializeModuleChunk (webpack-internal:///(app-pages-browser)/./node_modules/next/dist/compiled/react-server-dom-webpack/cjs/react-server-dom-webpack-client.browser.development.js:1376:30)
    at readChunk (webpack-internal:///(app-pages-browser)/./node_modules/next/dist/compiled/react-server-dom-webpack/cjs/react-server-dom-webpack-client.browser.development.js:1186:28)
    at resolveLazy (webpack-internal:///(app-pages-browser)/./node_modules/next/dist/compiled/react-dom/cjs/react-dom.development.js:9484:10)
    at reconcileSingleElement (webpack-internal:///(app-pages-browser)/./node_modules/next/dist/compiled/react-dom/cjs/react-dom.development.js:10402:114)
    at reconcileChildFibersImpl (webpack-internal:///(app-pages-browser)/./node_modules/next/dist/compiled/react-dom/cjs/react-dom.development.js:10503:35)
    at reconcileChildFibers (webpack-internal:///(app-pages-browser)/./node_modules/next/dist/compiled/react-dom/cjs/react-dom.development.js:10573:51)
    at reconcileChildren (webpack-internal:///(app-pages-browser)/./node_modules/next/dist/compiled/react-dom/cjs/react-dom.development.js:15809:28)
    at updateHostSingleton (webpack-internal:///(app-pages-browser)/./node_modules/next/dist/compiled/react-dom/cjs/react-dom.development.js:16727:22)
    at beginWork$1 (webpack-internal:///(app-pages-browser)/./node_modules/next/dist/compiled/react-dom/cjs/react-dom.development.js:18497:16)
    at beginWork (webpack-internal:///(app-pages-browser)/./node_modules/next/dist/compiled/react-dom/cjs/react-dom.development.js:26927:14)
    at performUnitOfWork (webpack-internal:///(app-pages-browser)/./node_modules/next/dist/compiled/react-dom/cjs/react-dom.development.js:25748:12)
    at workLoopConcurrent (webpack-internal:///(app-pages-browser)/./node_modules/next/dist/compiled/react-dom/cjs/react-dom.development.js:25734:22)
    at renderRootConcurrent (webpack-internal:///(app-pages-browser)/./node_modules/next/dist/compiled/react-dom/cjs/react-dom.development.js:25690:9)
    at performConcurrentWorkOnRoot (webpack-internal:///(app-pages-browser)/./node_modules/next/dist/compiled/react-dom/cjs/react-dom.development.js:24504:38)
    at workLoop (webpack-internal:///(app-pages-browser)/./node_modules/next/dist/compiled/scheduler/cjs/scheduler.development.js:256:42)
    at flushWork (webpack-internal:///(app-pages-browser)/./node_modules/next/dist/compiled/scheduler/cjs/scheduler.development.js:225:14)
    at performWorkUntilDeadline (webpack-internal:///(app-pages-browser)/./node_modules/next/dist/compiled/scheduler/cjs/scheduler.development.js:534:21)
    at EventHandlerNonNull* (webpack-internal:///(app-pages-browser)/./node_modules/next/dist/compiled/scheduler/cjs/scheduler.development.js:569:3)
    at  (webpack-internal:///(app-pages-browser)/./node_modules/next/dist/compiled/scheduler/cjs/scheduler.development.js:630:5)
    at (app-pages-browser)/./node_modules/next/dist/compiled/scheduler/cjs/scheduler.development.js (http://localhost:3002/_next/static/chunks/main-app.js?v=1790285204081:113:1)
    at options.factory (http://localhost:3002/_next/static/chunks/webpack.js?v=1790285204081:715:31)
    at __webpack_require__ (http://localhost:3002/_next/static/chunks/webpack.js?v=1790285204081:37:33)
    at fn (http://localhost:3002/_next/static/chunks/webpack.js?v=1790285204081:371:21)
    at  (webpack-internal:///(app-pages-browser)/./node_modules/next/dist/compiled/scheduler/index.js:4:20)
    at (app-pages-browser)/./node_modules/next/dist/compiled/scheduler/index.js (http://localhost:3002/_next/static/chunks/main-app.js?v=1790285204081:124:1)
    at options.factory (http://localhost:3002/_next/static/chunks/webpack.js?v=1790285204081:715:31)
    at __webpack_require__ (http://localhost:3002/_next/static/chunks/webpack.js?v=1790285204081:37:33)
    at fn (http://localhost:3002/_next/static/chunks/webpack.js?v=1790285204081:371:21)
    at  (webpack-internal:///(app-pages-browser)/./node_modules/next/dist/compiled/react-dom/cjs/react-dom.development.js:27:36)
    at  (webpack-internal:///(app-pages-browser)/./node_modules/next/dist/compiled/react-dom/cjs/react-dom.development.js:38595:5)
    at (app-pages-browser)/./node_modules/next/dist/compiled/react-dom/cjs/react-dom.development.js (http://localhost:3002/_next/static/chunks/main-app.js?v=1790285204081:1847:1)
    at options.factory (http://localhost:3002/_next/static/chunks/webpack.js?v=1790285204081:715:31)
    at __webpack_require__ (http://localhost:3002/_next/static/chunks/webpack.js?v=1790285204081:37:33)
    at fn (http://localhost:3002/_next/static/chunks/webpack.js?v=1790285204081:371:21)
    at  (webpack-internal:///(app-pages-browser)/./node_modules/next/dist/compiled/react-dom/index.js:32:20)
    at (app-pages-browser)/./node_modules/next/dist/compiled/react-dom/index.js (http://localhost:3002/_next/static/chunks/main-app.js?v=1790285204081:1869:1)
    at options.factory (http://localhost:3002/_next/static/chunks/webpack.js?v=1790285204081:715:31)
    at __webpack_require__ (http://localhost:3002/_next/static/chunks/webpack.js?v=1790285204081:37:33)
    at fn (http://localhost:3002/_next/static/chunks/webpack.js?v=1790285204081:371:21)
    at  (webpack-internal:///(app-pages-browser)/./node_modules/next/dist/compiled/react-dom/client.js:3:28)
    at (app-pages-browser)/./node_modules/next/dist/compiled/react-dom/client.js (http://localhost:3002/_next/static/chunks/main-app.js?v=1790285204081:1858:1)
    at options.factory (http://localhost:3002/_next/static/chunks/webpack.js?v=1790285204081:715:31)
    at __webpack_require__ (http://localhost:3002/_next/static/chunks/webpack.js?v=1790285204081:37:33)
    at fn (http://localhost:3002/_next/static/chunks/webpack.js?v=1790285204081:371:21)
    at  (webpack-internal:///(app-pages-browser)/./node_modules/next/dist/client/app-index.js:15:58)
    at (app-pages-browser)/./node_modules/next/dist/client/app-index.js (http://localhost:3002/_next/static/chunks/main-app.js?v=1790285204081:244:1)
    at options.factory (http://localhost:3002/_next/static/chunks/webpack.js?v=1790285204081:715:31)
[  307449ms] [ERROR] The above error occurred in the <NotFoundErrorBoundary> component:

body
html
RootLayout (Server)
RedirectErrorBoundary@webpack-internal:///(app-pages-browser)/./node_modules/next/dist/client/components/redirect-boundary.js:74:9
RedirectBoundary@webpack-internal:///(app-pages-browser)/./node_modules/next/dist/client/components/redirect-boundary.js:82:24
NotFoundErrorBoundary@webpack-internal:///(app-pages-browser)/./node_modules/next/dist/client/components/not-found-boundary.js:76:9
NotFoundBoundary@webpack-internal:///(app-pages-browser)/./node_modules/next/dist/client/components/not-found-boundary.js:84:62
DevRootNotFoundBoundary@webpack-internal:///(app-pages-browser)/./node_modules/next/dist/client/components/dev-root-not-found-boundary.js:33:24
ReactDevOverlay@webpack-internal:///(app-pages-browser)/./node_modules/next/dist/client/components/react-dev-overlay/app/ReactDevOverlay.js:87:9
HotReload@webpack-internal:///(app-pages-browser)/./node_modules/next/dist/client/components/react-dev-overlay/app/hot-reloader-client.js:321:37
Router@webpack-internal:///(app-pages-browser)/./node_modules/next/dist/client/components/app-router.js:207:123
ErrorBoundaryHandler@webpack-internal:///(app-pages-browser)/./node_modules/next/dist/client/components/error-boundary.js:113:9
ErrorBoundary@webpack-internal:///(app-pages-browser)/./node_modules/next/dist/client/components/error-boundary.js:160:67
AppRouter@webpack-internal:///(app-pages-browser)/./node_modules/next/dist/client/components/app-router.js:585:47
ServerRoot@webpack-internal:///(app-pages-browser)/./node_modules/next/dist/client/app-index.js:112:27
Root@webpack-internal:///(app-pages-browser)/./node_modules/next/dist/client/app-index.js:117:24

React will try to recreate this component tree from scratch using the error boundary you provided, ReactDevOverlay. @ webpack-internal:///(app-pages-browser)/./node_modules/next/dist/client/app-index.js:32
[  307472ms] [WARNING] [Fast Refresh] performing full reload because your application had an unrecoverable error @ webpack-internal:///(app-pages-browser)/./node_modules/next/dist/client/components/react-dev-overlay/app/hot-reloader-client.js:114
[  307473ms] TypeError: can't access property "call", originalFactory is undefined
    at options.factory (http://localhost:3002/_next/static/chunks/webpack.js?v=1790285204081:715:15)
    at __webpack_require__ (http://localhost:3002/_next/static/chunks/webpack.js?v=1790285204081:37:33)
    at fn (http://localhost:3002/_next/static/chunks/webpack.js?v=1790285204081:371:21)
    at requireModule (webpack-internal:///(app-pages-browser)/./node_modules/next/dist/compiled/react-server-dom-webpack/cjs/react-server-dom-webpack-client.browser.development.js:201:42)
    at initializeModuleChunk (webpack-internal:///(app-pages-browser)/./node_modules/next/dist/compiled/react-server-dom-webpack/cjs/react-server-dom-webpack-client.browser.development.js:1376:30)
    at readChunk (webpack-internal:///(app-pages-browser)/./node_modules/next/dist/compiled/react-server-dom-webpack/cjs/react-server-dom-webpack-client.browser.development.js:1186:28)
    at resolveLazy (webpack-internal:///(app-pages-browser)/./node_modules/next/dist/compiled/react-dom/cjs/react-dom.development.js:9484:10)
    at reconcileSingleElement (webpack-internal:///(app-pages-browser)/./node_modules/next/dist/compiled/react-dom/cjs/react-dom.development.js:10402:114)
    at reconcileChildFibersImpl (webpack-internal:///(app-pages-browser)/./node_modules/next/dist/compiled/react-dom/cjs/react-dom.development.js:10503:35)
    at reconcileChildFibers (webpack-internal:///(app-pages-browser)/./node_modules/next/dist/compiled/react-dom/cjs/react-dom.development.js:10573:51)
    at reconcileChildren (webpack-internal:///(app-pages-browser)/./node_modules/next/dist/compiled/react-dom/cjs/react-dom.development.js:15809:28)
    at updateHostSingleton (webpack-internal:///(app-pages-browser)/./node_modules/next/dist/compiled/react-dom/cjs/react-dom.development.js:16727:22)
    at beginWork$1 (webpack-internal:///(app-pages-browser)/./node_modules/next/dist/compiled/react-dom/cjs/react-dom.development.js:18497:16)
    at beginWork (webpack-internal:///(app-pages-browser)/./node_modules/next/dist/compiled/react-dom/cjs/react-dom.development.js:26927:14)
    at performUnitOfWork (webpack-internal:///(app-pages-browser)/./node_modules/next/dist/compiled/react-dom/cjs/react-dom.development.js:25748:12)
    at workLoopConcurrent (webpack-internal:///(app-pages-browser)/./node_modules/next/dist/compiled/react-dom/cjs/react-dom.development.js:25734:22)
    at renderRootConcurrent (webpack-internal:///(app-pages-browser)/./node_modules/next/dist/compiled/react-dom/cjs/react-dom.development.js:25690:9)
    at performConcurrentWorkOnRoot (webpack-internal:///(app-pages-browser)/./node_modules/next/dist/compiled/react-dom/cjs/react-dom.development.js:24504:38)
    at workLoop (webpack-internal:///(app-pages-browser)/./node_modules/next/dist/compiled/scheduler/cjs/scheduler.development.js:256:42)
    at flushWork (webpack-internal:///(app-pages-browser)/./node_modules/next/dist/compiled/scheduler/cjs/scheduler.development.js:225:14)
    at performWorkUntilDeadline (webpack-internal:///(app-pages-browser)/./node_modules/next/dist/compiled/scheduler/cjs/scheduler.development.js:534:21)
    at EventHandlerNonNull* (webpack-internal:///(app-pages-browser)/./node_modules/next/dist/compiled/scheduler/cjs/scheduler.development.js:569:3)
    at  (webpack-internal:///(app-pages-browser)/./node_modules/next/dist/compiled/scheduler/cjs/scheduler.development.js:630:5)
    at (app-pages-browser)/./node_modules/next/dist/compiled/scheduler/cjs/scheduler.development.js (http://localhost:3002/_next/static/chunks/main-app.js?v=1790285204081:113:1)
    at options.factory (http://localhost:3002/_next/static/chunks/webpack.js?v=1790285204081:715:31)
    at __webpack_require__ (http://localhost:3002/_next/static/chunks/webpack.js?v=1790285204081:37:33)
    at fn (http://localhost:3002/_next/static/chunks/webpack.js?v=1790285204081:371:21)
    at  (webpack-internal:///(app-pages-browser)/./node_modules/next/dist/compiled/scheduler/index.js:4:20)
    at (app-pages-browser)/./node_modules/next/dist/compiled/scheduler/index.js (http://localhost:3002/_next/static/chunks/main-app.js?v=1790285204081:124:1)
    at options.factory (http://localhost:3002/_next/static/chunks/webpack.js?v=1790285204081:715:31)
    at __webpack_require__ (http://localhost:3002/_next/static/chunks/webpack.js?v=1790285204081:37:33)
    at fn (http://localhost:3002/_next/static/chunks/webpack.js?v=1790285204081:371:21)
    at  (webpack-internal:///(app-pages-browser)/./node_modules/next/dist/compiled/react-dom/cjs/react-dom.development.js:27:36)
    at  (webpack-internal:///(app-pages-browser)/./node_modules/next/dist/compiled/react-dom/cjs/react-dom.development.js:38595:5)
    at (app-pages-browser)/./node_modules/next/dist/compiled/react-dom/cjs/react-dom.development.js (http://localhost:3002/_next/static/chunks/main-app.js?v=1790285204081:1847:1)
    at options.factory (http://localhost:3002/_next/static/chunks/webpack.js?v=1790285204081:715:31)
    at __webpack_require__ (http://localhost:3002/_next/static/chunks/webpack.js?v=1790285204081:37:33)
    at fn (http://localhost:3002/_next/static/chunks/webpack.js?v=1790285204081:371:21)
    at  (webpack-internal:///(app-pages-browser)/./node_modules/next/dist/compiled/react-dom/index.js:32:20)
    at (app-pages-browser)/./node_modules/next/dist/compiled/react-dom/index.js (http://localhost:3002/_next/static/chunks/main-app.js?v=1790285204081:1869:1)
    at options.factory (http://localhost:3002/_next/static/chunks/webpack.js?v=1790285204081:715:31)
    at __webpack_require__ (http://localhost:3002/_next/static/chunks/webpack.js?v=1790285204081:37:33)
    at fn (http://localhost:3002/_next/static/chunks/webpack.js?v=1790285204081:371:21)
    at  (webpack-internal:///(app-pages-browser)/./node_modules/next/dist/compiled/react-dom/client.js:3:28)
    at (app-pages-browser)/./node_modules/next/dist/compiled/react-dom/client.js (http://localhost:3002/_next/static/chunks/main-app.js?v=1790285204081:1858:1)
    at options.factory (http://localhost:3002/_next/static/chunks/webpack.js?v=1790285204081:715:31)
    at __webpack_require__ (http://localhost:3002/_next/static/chunks/webpack.js?v=1790285204081:37:33)
    at fn (http://localhost:3002/_next/static/chunks/webpack.js?v=1790285204081:371:21)
    at  (webpack-internal:///(app-pages-browser)/./node_modules/next/dist/client/app-index.js:15:58)
    at (app-pages-browser)/./node_modules/next/dist/client/app-index.js (http://localhost:3002/_next/static/chunks/main-app.js?v=1790285204081:244:1)
    at options.factory (http://localhost:3002/_next/static/chunks/webpack.js?v=1790285204081:715:31)
[  307474ms] TypeError: can't access property "call", originalFactory is undefined
    at options.factory (http://localhost:3002/_next/static/chunks/webpack.js?v=1790285204081:715:15)
    at __webpack_require__ (http://localhost:3002/_next/static/chunks/webpack.js?v=1790285204081:37:33)
    at fn (http://localhost:3002/_next/static/chunks/webpack.js?v=1790285204081:371:21)
    at requireModule (webpack-internal:///(app-pages-browser)/./node_modules/next/dist/compiled/react-server-dom-webpack/cjs/react-server-dom-webpack-client.browser.development.js:201:42)
    at initializeModuleChunk (webpack-internal:///(app-pages-browser)/./node_modules/next/dist/compiled/react-server-dom-webpack/cjs/react-server-dom-webpack-client.browser.development.js:1376:30)
    at readChunk (webpack-internal:///(app-pages-browser)/./node_modules/next/dist/compiled/react-server-dom-webpack/cjs/react-server-dom-webpack-client.browser.development.js:1186:28)
    at resolveLazy (webpack-internal:///(app-pages-browser)/./node_modules/next/dist/compiled/react-dom/cjs/react-dom.development.js:9484:10)
    at reconcileSingleElement (webpack-internal:///(app-pages-browser)/./node_modules/next/dist/compiled/react-dom/cjs/react-dom.development.js:10402:114)
    at reconcileChildFibersImpl (webpack-internal:///(app-pages-browser)/./node_modules/next/dist/compiled/react-dom/cjs/react-dom.development.js:10503:35)
    at reconcileChildFibers (webpack-internal:///(app-pages-browser)/./node_modules/next/dist/compiled/react-dom/cjs/react-dom.development.js:10573:51)
    at reconcileChildren (webpack-internal:///(app-pages-browser)/./node_modules/next/dist/compiled/react-dom/cjs/react-dom.development.js:15809:28)
    at updateHostSingleton (webpack-internal:///(app-pages-browser)/./node_modules/next/dist/compiled/react-dom/cjs/react-dom.development.js:16727:22)
    at beginWork$1 (webpack-internal:///(app-pages-browser)/./node_modules/next/dist/compiled/react-dom/cjs/react-dom.development.js:18497:16)
    at beginWork (webpack-internal:///(app-pages-browser)/./node_modules/next/dist/compiled/react-dom/cjs/react-dom.development.js:26927:14)
    at performUnitOfWork (webpack-internal:///(app-pages-browser)/./node_modules/next/dist/compiled/react-dom/cjs/react-dom.development.js:25748:12)
    at workLoopConcurrent (webpack-internal:///(app-pages-browser)/./node_modules/next/dist/compiled/react-dom/cjs/react-dom.development.js:25734:22)
    at renderRootConcurrent (webpack-internal:///(app-pages-browser)/./node_modules/next/dist/compiled/react-dom/cjs/react-dom.development.js:25690:9)
    at performConcurrentWorkOnRoot (webpack-internal:///(app-pages-browser)/./node_modules/next/dist/compiled/react-dom/cjs/react-dom.development.js:24504:38)
    at workLoop (webpack-internal:///(app-pages-browser)/./node_modules/next/dist/compiled/scheduler/cjs/scheduler.development.js:256:42)
    at flushWork (webpack-internal:///(app-pages-browser)/./node_modules/next/dist/compiled/scheduler/cjs/scheduler.development.js:225:14)
    at performWorkUntilDeadline (webpack-internal:///(app-pages-browser)/./node_modules/next/dist/compiled/scheduler/cjs/scheduler.development.js:534:21)
    at EventHandlerNonNull* (webpack-internal:///(app-pages-browser)/./node_modules/next/dist/compiled/scheduler/cjs/scheduler.development.js:569:3)
    at  (webpack-internal:///(app-pages-browser)/./node_modules/next/dist/compiled/scheduler/cjs/scheduler.development.js:630:5)
    at (app-pages-browser)/./node_modules/next/dist/compiled/scheduler/cjs/scheduler.development.js (http://localhost:3002/_next/static/chunks/main-app.js?v=1790285204081:113:1)
    at options.factory (http://localhost:3002/_next/static/chunks/webpack.js?v=1790285204081:715:31)
    at __webpack_require__ (http://localhost:3002/_next/static/chunks/webpack.js?v=1790285204081:37:33)
    at fn (http://localhost:3002/_next/static/chunks/webpack.js?v=1790285204081:371:21)
    at  (webpack-internal:///(app-pages-browser)/./node_modules/next/dist/compiled/scheduler/index.js:4:20)
    at (app-pages-browser)/./node_modules/next/dist/compiled/scheduler/index.js (http://localhost:3002/_next/static/chunks/main-app.js?v=1790285204081:124:1)
    at options.factory (http://localhost:3002/_next/static/chunks/webpack.js?v=1790285204081:715:31)
    at __webpack_require__ (http://localhost:3002/_next/static/chunks/webpack.js?v=1790285204081:37:33)
    at fn (http://localhost:3002/_next/static/chunks/webpack.js?v=1790285204081:371:21)
    at  (webpack-internal:///(app-pages-browser)/./node_modules/next/dist/compiled/react-dom/cjs/react-dom.development.js:27:36)
    at  (webpack-internal:///(app-pages-browser)/./node_modules/next/dist/compiled/react-dom/cjs/react-dom.development.js:38595:5)
    at (app-pages-browser)/./node_modules/next/dist/compiled/react-dom/cjs/react-dom.development.js (http://localhost:3002/_next/static/chunks/main-app.js?v=1790285204081:1847:1)
    at options.factory (http://localhost:3002/_next/static/chunks/webpack.js?v=1790285204081:715:31)
    at __webpack_require__ (http://localhost:3002/_next/static/chunks/webpack.js?v=1790285204081:37:33)
    at fn (http://localhost:3002/_next/static/chunks/webpack.js?v=1790285204081:371:21)
    at  (webpack-internal:///(app-pages-browser)/./node_modules/next/dist/compiled/react-dom/index.js:32:20)
    at (app-pages-browser)/./node_modules/next/dist/compiled/react-dom/index.js (http://localhost:3002/_next/static/chunks/main-app.js?v=1790285204081:1869:1)
    at options.factory (http://localhost:3002/_next/static/chunks/webpack.js?v=1790285204081:715:31)
    at __webpack_require__ (http://localhost:3002/_next/static/chunks/webpack.js?v=1790285204081:37:33)
    at fn (http://localhost:3002/_next/static/chunks/webpack.js?v=1790285204081:371:21)
    at  (webpack-internal:///(app-pages-browser)/./node_modules/next/dist/compiled/react-dom/client.js:3:28)
    at (app-pages-browser)/./node_modules/next/dist/compiled/react-dom/client.js (http://localhost:3002/_next/static/chunks/main-app.js?v=1790285204081:1858:1)
    at options.factory (http://localhost:3002/_next/static/chunks/webpack.js?v=1790285204081:715:31)
    at __webpack_require__ (http://localhost:3002/_next/static/chunks/webpack.js?v=1790285204081:37:33)
    at fn (http://localhost:3002/_next/static/chunks/webpack.js?v=1790285204081:371:21)
    at  (webpack-internal:///(app-pages-browser)/./node_modules/next/dist/client/app-index.js:15:58)
    at (app-pages-browser)/./node_modules/next/dist/client/app-index.js (http://localhost:3002/_next/static/chunks/main-app.js?v=1790285204081:244:1)
    at options.factory (http://localhost:3002/_next/static/chunks/webpack.js?v=1790285204081:715:31)
[  307475ms] TypeError: can't access property "call", originalFactory is undefined
    at options.factory (http://localhost:3002/_next/static/chunks/webpack.js?v=1790285204081:715:15)
    at __webpack_require__ (http://localhost:3002/_next/static/chunks/webpack.js?v=1790285204081:37:33)
    at fn (http://localhost:3002/_next/static/chunks/webpack.js?v=1790285204081:371:21)
    at requireModule (webpack-internal:///(app-pages-browser)/./node_modules/next/dist/compiled/react-server-dom-webpack/cjs/react-server-dom-webpack-client.browser.development.js:201:42)
    at initializeModuleChunk (webpack-internal:///(app-pages-browser)/./node_modules/next/dist/compiled/react-server-dom-webpack/cjs/react-server-dom-webpack-client.browser.development.js:1376:30)
    at readChunk (webpack-internal:///(app-pages-browser)/./node_modules/next/dist/compiled/react-server-dom-webpack/cjs/react-server-dom-webpack-client.browser.development.js:1186:28)
    at resolveLazy (webpack-internal:///(app-pages-browser)/./node_modules/next/dist/compiled/react-dom/cjs/react-dom.development.js:9484:10)
    at reconcileSingleElement (webpack-internal:///(app-pages-browser)/./node_modules/next/dist/compiled/react-dom/cjs/react-dom.development.js:10402:114)
    at reconcileChildFibersImpl (webpack-internal:///(app-pages-browser)/./node_modules/next/dist/compiled/react-dom/cjs/react-dom.development.js:10503:35)
    at reconcileChildFibers (webpack-internal:///(app-pages-browser)/./node_modules/next/dist/compiled/react-dom/cjs/react-dom.development.js:10573:51)
    at reconcileChildren (webpack-internal:///(app-pages-browser)/./node_modules/next/dist/compiled/react-dom/cjs/react-dom.development.js:15809:28)
    at updateHostSingleton (webpack-internal:///(app-pages-browser)/./node_modules/next/dist/compiled/react-dom/cjs/react-dom.development.js:16727:22)
    at beginWork$1 (webpack-internal:///(app-pages-browser)/./node_modules/next/dist/compiled/react-dom/cjs/react-dom.development.js:18497:16)
    at beginWork (webpack-internal:///(app-pages-browser)/./node_modules/next/dist/compiled/react-dom/cjs/react-dom.development.js:26927:14)
    at performUnitOfWork (webpack-internal:///(app-pages-browser)/./node_modules/next/dist/compiled/react-dom/cjs/react-dom.development.js:25748:12)
    at workLoopConcurrent (webpack-internal:///(app-pages-browser)/./node_modules/next/dist/compiled/react-dom/cjs/react-dom.development.js:25734:22)
    at renderRootConcurrent (webpack-internal:///(app-pages-browser)/./node_modules/next/dist/compiled/react-dom/cjs/react-dom.development.js:25690:9)
    at performConcurrentWorkOnRoot (webpack-internal:///(app-pages-browser)/./node_modules/next/dist/compiled/react-dom/cjs/react-dom.development.js:24504:38)
    at workLoop (webpack-internal:///(app-pages-browser)/./node_modules/next/dist/compiled/scheduler/cjs/scheduler.development.js:256:42)
    at flushWork (webpack-internal:///(app-pages-browser)/./node_modules/next/dist/compiled/scheduler/cjs/scheduler.development.js:225:14)
    at performWorkUntilDeadline (webpack-internal:///(app-pages-browser)/./node_modules/next/dist/compiled/scheduler/cjs/scheduler.development.js:534:21)
    at EventHandlerNonNull* (webpack-internal:///(app-pages-browser)/./node_modules/next/dist/compiled/scheduler/cjs/scheduler.development.js:569:3)
    at  (webpack-internal:///(app-pages-browser)/./node_modules/next/dist/compiled/scheduler/cjs/scheduler.development.js:630:5)
    at (app-pages-browser)/./node_modules/next/dist/compiled/scheduler/cjs/scheduler.development.js (http://localhost:3002/_next/static/chunks/main-app.js?v=1790285204081:113:1)
    at options.factory (http://localhost:3002/_next/static/chunks/webpack.js?v=1790285204081:715:31)
    at __webpack_require__ (http://localhost:3002/_next/static/chunks/webpack.js?v=1790285204081:37:33)
    at fn (http://localhost:3002/_next/static/chunks/webpack.js?v=1790285204081:371:21)
    at  (webpack-internal:///(app-pages-browser)/./node_modules/next/dist/compiled/scheduler/index.js:4:20)
    at (app-pages-browser)/./node_modules/next/dist/compiled/scheduler/index.js (http://localhost:3002/_next/static/chunks/main-app.js?v=1790285204081:124:1)
    at options.factory (http://localhost:3002/_next/static/chunks/webpack.js?v=1790285204081:715:31)
    at __webpack_require__ (http://localhost:3002/_next/static/chunks/webpack.js?v=1790285204081:37:33)
    at fn (http://localhost:3002/_next/static/chunks/webpack.js?v=1790285204081:371:21)
    at  (webpack-internal:///(app-pages-browser)/./node_modules/next/dist/compiled/react-dom/cjs/react-dom.development.js:27:36)
    at  (webpack-internal:///(app-pages-browser)/./node_modules/next/dist/compiled/react-dom/cjs/react-dom.development.js:38595:5)
    at (app-pages-browser)/./node_modules/next/dist/compiled/react-dom/cjs/react-dom.development.js (http://localhost:3002/_next/static/chunks/main-app.js?v=1790285204081:1847:1)
    at options.factory (http://localhost:3002/_next/static/chunks/webpack.js?v=1790285204081:715:31)
    at __webpack_require__ (http://localhost:3002/_next/static/chunks/webpack.js?v=1790285204081:37:33)
    at fn (http://localhost:3002/_next/static/chunks/webpack.js?v=1790285204081:371:21)
    at  (webpack-internal:///(app-pages-browser)/./node_modules/next/dist/compiled/react-dom/index.js:32:20)
    at (app-pages-browser)/./node_modules/next/dist/compiled/react-dom/index.js (http://localhost:3002/_next/static/chunks/main-app.js?v=1790285204081:1869:1)
    at options.factory (http://localhost:3002/_next/static/chunks/webpack.js?v=1790285204081:715:31)
    at __webpack_require__ (http://localhost:3002/_next/static/chunks/webpack.js?v=1790285204081:37:33)
    at fn (http://localhost:3002/_next/static/chunks/webpack.js?v=1790285204081:371:21)
    at  (webpack-internal:///(app-pages-browser)/./node_modules/next/dist/compiled/react-dom/client.js:3:28)
    at (app-pages-browser)/./node_modules/next/dist/compiled/react-dom/client.js (http://localhost:3002/_next/static/chunks/main-app.js?v=1790285204081:1858:1)
    at options.factory (http://localhost:3002/_next/static/chunks/webpack.js?v=1790285204081:715:31)
    at __webpack_require__ (http://localhost:3002/_next/static/chunks/webpack.js?v=1790285204081:37:33)
    at fn (http://localhost:3002/_next/static/chunks/webpack.js?v=1790285204081:371:21)
    at  (webpack-internal:///(app-pages-browser)/./node_modules/next/dist/client/app-index.js:15:58)
    at (app-pages-browser)/./node_modules/next/dist/client/app-index.js (http://localhost:3002/_next/static/chunks/main-app.js?v=1790285204081:244:1)
    at options.factory (http://localhost:3002/_next/static/chunks/webpack.js?v=1790285204081:715:31)
[  307824ms] [INFO] Download the React DevTools for a better development experience: https://reactjs.org/link/react-devtools @ webpack-internal:///(app-pages-browser)/./node_modules/next/dist/compiled/react-dom/cjs/react-dom.development.js:38559
[  344996ms] [LOG] [Fast Refresh] rebuilding @ webpack-internal:///(app-pages-browser)/./node_modules/next/dist/client/components/react-dev-overlay/app/hot-reloader-client.js:186
[  345110ms] [LOG] [Fast Refresh] done in 113ms @ webpack-internal:///(app-pages-browser)/./node_modules/next/dist/client/components/react-dev-overlay/app/hot-reloader-client.js:43
[  350088ms] [LOG] [Fast Refresh] rebuilding @ webpack-internal:///(app-pages-browser)/./node_modules/next/dist/client/components/react-dev-overlay/app/hot-reloader-client.js:186
[  350190ms] [LOG] [Fast Refresh] done in 102ms @ webpack-internal:///(app-pages-browser)/./node_modules/next/dist/client/components/react-dev-overlay/app/hot-reloader-client.js:43
[  366981ms] [LOG] [Fast Refresh] rebuilding @ webpack-internal:///(app-pages-browser)/./node_modules/next/dist/client/components/react-dev-overlay/app/hot-reloader-client.js:186
[  367267ms] [LOG] [Fast Refresh] done in 286ms @ webpack-internal:///(app-pages-browser)/./node_modules/next/dist/client/components/react-dev-overlay/app/hot-reloader-client.js:43
[  415620ms] [LOG] [Fast Refresh] rebuilding @ webpack-internal:///(app-pages-browser)/./node_modules/next/dist/client/components/react-dev-overlay/app/hot-reloader-client.js:186
[  415889ms] [LOG] [Fast Refresh] done in 270ms @ webpack-internal:///(app-pages-browser)/./node_modules/next/dist/client/components/react-dev-overlay/app/hot-reloader-client.js:43
[  500138ms] [LOG] [Fast Refresh] rebuilding @ webpack-internal:///(app-pages-browser)/./node_modules/next/dist/client/components/react-dev-overlay/app/hot-reloader-client.js:186
[  500445ms] [LOG] [Fast Refresh] done in 307ms @ webpack-internal:///(app-pages-browser)/./node_modules/next/dist/client/components/react-dev-overlay/app/hot-reloader-client.js:43
[  533170ms] [LOG] [Fast Refresh] rebuilding @ webpack-internal:///(app-pages-browser)/./node_modules/next/dist/client/components/react-dev-overlay/app/hot-reloader-client.js:186
[  533479ms] [LOG] [Fast Refresh] done in 309ms @ webpack-internal:///(app-pages-browser)/./node_modules/next/dist/client/components/react-dev-overlay/app/hot-reloader-client.js:43
[  551654ms] [LOG] [Fast Refresh] rebuilding @ webpack-internal:///(app-pages-browser)/./node_modules/next/dist/client/components/react-dev-overlay/app/hot-reloader-client.js:186
[  551901ms] [LOG] [Fast Refresh] done in 247ms @ webpack-internal:///(app-pages-browser)/./node_modules/next/dist/client/components/react-dev-overlay/app/hot-reloader-client.js:43
